Archive member included to satisfy reference by file (symbol)

C:/ST/STM32CubeIDE_2.0.0/STM32CubeIDE/plugins/com.st.stm32cube.ide.mcu.externaltools.gnu-tools-for-stm32.13.3.rel1.win32_1.0.100.202509120712/tools/bin/../lib/gcc/arm-none-eabi/13.3.1/../../../../arm-none-eabi/lib/thumb/v7e-m+dp/hard\libc_nano.a(libc_a-exit.o)
                              C:/ST/STM32CubeIDE_2.0.0/STM32CubeIDE/plugins/com.st.stm32cube.ide.mcu.externaltools.gnu-tools-for-stm32.13.3.rel1.win32_1.0.100.202509120712/tools/bin/../lib/gcc/arm-none-eabi/13.3.1/../../../../arm-none-eabi/lib/thumb/v7e-m+dp/hard/crt0.o (exit)
C:/ST/STM32CubeIDE_2.0.0/STM32CubeIDE/plugins/com.st.stm32cube.ide.mcu.externaltools.gnu-tools-for-stm32.13.3.rel1.win32_1.0.100.202509120712/tools/bin/../lib/gcc/arm-none-eabi/13.3.1/../../../../arm-none-eabi/lib/thumb/v7e-m+dp/hard\libc_nano.a(libc_a-rand.o)
                              ./Core/Src/main.o (rand)
C:/ST/STM32CubeIDE_2.0.0/STM32CubeIDE/plugins/com.st.stm32cube.ide.mcu.externaltools.gnu-tools-for-stm32.13.3.rel1.win32_1.0.100.202509120712/tools/bin/../lib/gcc/arm-none-eabi/13.3.1/../../../../arm-none-eabi/lib/thumb/v7e-m+dp/hard\libc_nano.a(libc_a-strtoull.o)
                              ./Core/Src/sdcard.o (strtoull)
C:/ST/STM32CubeIDE_2.0.0/STM32CubeIDE/plugins/com.st.stm32cube.ide.mcu.externaltools.gnu-tools-for-stm32.13.3.rel1.win32_1.0.100.202509120712/tools/bin/../lib/gcc/arm-none-eabi/13.3.1/../../../../arm-none-eabi/lib/thumb/v7e-m+dp/hard\libc_nano.a(libc_a-ctype_.o)
                              C:/ST/STM32CubeIDE_2.0.0/STM32CubeIDE/plugins/com.st.stm32cube.ide.mcu.externaltools.gnu-tools-for-stm32.13.3.rel1.win32_1.0.100.202509120712/tools/bin/../lib/gcc/arm-none-eabi/13.3.1/../../../../arm-none-eabi/lib/thumb/v7e-m+dp/hard\libc_nano.a(libc_a-strtoull.o) (_ctype_)
C:/ST/STM32CubeIDE_2.0.0/STM32CubeIDE/plugins/com.st.stm32cube.ide.mcu.externaltools.gnu-tools-for-stm32.13.3.rel1.win32_1.0.100.202509120712/tools/bin/../lib/gcc/arm-none-eabi/13.3.1/../../../../arm-none-eabi/lib/thumb/v7e-m+dp/hard\libc_nano.a(libc_a-findfp.o)
                              C:/ST/STM32CubeIDE_2.0.0/STM32CubeIDE/plugins/com.st.stm32cube.ide.mcu.externaltools.gnu-tools-for-stm32.13.3.rel1.win32_1.0.100.202509120712/tools/bin/../lib/gcc/arm-none-eabi/13.3.1/../../../../arm-none-eabi/lib/thumb/v7e-m+dp/hard\libc_nano.a(libc_a-exit.o) (__stdio_exit_handler)
C:/ST/STM32CubeIDE_2.0.0/STM32CubeIDE/plugins/com.st.stm32cube.ide.mcu.externaltools.gnu-tools-for-stm32.13.3.rel1.win32_1.0.100.202509120712/tools/bin/../lib/gcc/arm-none-eabi/13.3.1/../../../../arm-none-eabi/lib/thumb/v7e-m+dp/hard\libc_nano.a(libc_a-fwalk.o)
                              C:/ST/STM32CubeIDE_2.0.0/STM32CubeIDE/plugins/com.st.stm32cube.ide.mcu.externaltools.gnu-tools-for-stm32.13.3.rel1.win32_1.0.100.202509120712/tools/bin/../lib/gcc/arm-none-eabi/13.3.1/../../../../arm-none-eabi/lib/thumb/v7e-m+dp/hard\libc_nano.a(libc_a-findfp.o) (_fwalk_sglue)
C:/ST/STM32CubeIDE_2.0.0/STM32CubeIDE/plugins/com.st.stm32cube.ide.mcu.externaltools.gnu-tools-for-stm32.13.3.rel1.win32_1.0.100.202509120712/tools/bin/../lib/gcc/arm-none-eabi/13.3.1/../../../../arm-none-eabi/lib/thumb/v7e-m+dp/hard\libc_nano.a(libc_a-printf.o)
                              ./Core/Src/sdcard.o (printf)
C:/ST/STM32CubeIDE_2.0.0/STM32CubeIDE/plugins/com.st.stm32cube.ide.mcu.externaltools.gnu-tools-for-stm32.13.3.rel1.win32_1.0.100.202509120712/tools/bin/../lib/gcc/arm-none-eabi/13.3.1/../../../../arm-none-eabi/lib/thumb/v7e-m+dp/hard\libc_nano.a(libc_a-puts.o)
                              ./Core/Src/main.o (puts)
C:/ST/STM32CubeIDE_2.0.0/STM32CubeIDE/plugins/com.st.stm32cube.ide.mcu.externaltools.gnu-tools-for-stm32.13.3.rel1.win32_1.0.100.202509120712/tools/bin/../lib/gcc/arm-none-eabi/13.3.1/../../../../arm-none-eabi/lib/thumb/v7e-m+dp/hard\libc_nano.a(libc_a-snprintf.o)
                              ./Core/Src/sdcard.o (snprintf)
C:/ST/STM32CubeIDE_2.0.0/STM32CubeIDE/plugins/com.st.stm32cube.ide.mcu.externaltools.gnu-tools-for-stm32.13.3.rel1.win32_1.0.100.202509120712/tools/bin/../lib/gcc/arm-none-eabi/13.3.1/../../../../arm-none-eabi/lib/thumb/v7e-m+dp/hard\libc_nano.a(libc_a-sprintf.o)
                              ./Core/Src/sdcard.o (sprintf)
C:/ST/STM32CubeIDE_2.0.0/STM32CubeIDE/plugins/com.st.stm32cube.ide.mcu.externaltools.gnu-tools-for-stm32.13.3.rel1.win32_1.0.100.202509120712/tools/bin/../lib/gcc/arm-none-eabi/13.3.1/../../../../arm-none-eabi/lib/thumb/v7e-m+dp/hard\libc_nano.a(libc_a-stdio.o)
                              C:/ST/STM32CubeIDE_2.0.0/STM32CubeIDE/plugins/com.st.stm32cube.ide.mcu.externaltools.gnu-tools-for-stm32.13.3.rel1.win32_1.0.100.202509120712/tools/bin/../lib/gcc/arm-none-eabi/13.3.1/../../../../arm-none-eabi/lib/thumb/v7e-m+dp/hard\libc_nano.a(libc_a-findfp.o) (__sread)
[...]
Memory Configuration

Name             Origin             Length             Attributes
FLASH            0x08000000         0x00200000         xr
DTCMRAM          0x20000000         0x00020000         xrw
RAM_D1           0x24000000         0x00080000         xrw
RAM_D2           0x30000000         0x00048000         xrw
RAM_D3           0x38000000         0x00010000         xrw
ITCMRAM          0x00000000         0x00010000         xrw
*default*        0x00000000         0xffffffff

Linker script and memory map

LOAD C:/ST/STM32CubeIDE_2.0.0/STM32CubeIDE/plugins/com.st.stm32cube.ide.mcu.externaltools.gnu-tools-for-stm32.13.3.rel1.win32_1.0.100.202509120712/tools/bin/../lib/gcc/arm-none-eabi/13.3.1/thumb/v7e-m+dp/hard/crti.o
LOAD C:/ST/STM32CubeIDE_2.0.0/STM32CubeIDE/plugins/com.st.stm32cube.ide.mcu.externaltools.gnu-tools-for-stm32.13.3.rel1.win32_1.0.100.202509120712/tools/bin/../lib/gcc/arm-none-eabi/13.3.1/thumb/v7e-m+dp/hard/crtbegin.o
LOAD C:/ST/STM32CubeIDE_2.0.0/STM32CubeIDE/plugins/com.st.stm32cube.ide.mcu.externaltools.gnu-tools-for-stm32.13.3.rel1.win32_1.0.100.202509120712/tools/bin/../lib/gcc/arm-none-eabi/13.3.1/../../../../arm-none-eabi/lib/thumb/v7e-m+dp/hard/crt0.o
LOAD ./Core/Src/main.o
LOAD ./Core/Src/sdcard.o
LOAD ./Core/Src/stm32h7xx_hal_msp.o
LOAD ./Core/Src/stm32h7xx_hal_timebase_tim.o
LOAD ./Core/Src/stm32h7xx_it.o
LOAD ./Core/Src/syscalls.o
LOAD ./Core/Src/sysmem.o
LOAD ./Core/Src/system_stm32h7xx.o
LOAD ./Core/Startup/startup_stm32h743vitx.o
LOAD ./Drivers/STM32H7xx_HAL_Driver/Src/stm32h7xx_hal.o
LOAD ./Drivers/STM32H7xx_HAL_Driver/Src/stm32h7xx_hal_cortex.o
LOAD ./Drivers/STM32H7xx_HAL_Driver/Src/stm32h7xx_hal_dma.o
LOAD ./Drivers/STM32H7xx_HAL_Driver/Src/stm32h7xx_hal_dma_ex.o
LOAD ./Drivers/STM32H7xx_HAL_Driver/Src/stm32h7xx_hal_exti.o
LOAD ./Drivers/STM32H7xx_HAL_Driver/Src/stm32h7xx_hal_flash.o
LOAD ./Drivers/STM32H7xx_HAL_Driver/Src/stm32h7xx_hal_flash_ex.o
LOAD ./Drivers/STM32H7xx_HAL_Driver/Src/stm32h7xx_hal_gpio.o
LOAD ./Drivers/STM32H7xx_HAL_Driver/Src/stm32h7xx_hal_hsem.o
LOAD ./Drivers/STM32H7xx_HAL_Driver/Src/stm32h7xx_hal_i2c.o
LOAD ./Drivers/STM32H7xx_HAL_Driver/Src/stm32h7xx_hal_i2c_ex.o
LOAD ./Drivers/STM32H7xx_HAL_Driver/Src/stm32h7xx_hal_mdma.o
LOAD ./Drivers/STM32H7xx_HAL_Driver/Src/stm32h7xx_hal_mmc.o
LOAD ./Drivers/STM32H7xx_HAL_Driver/Src/stm32h7xx_hal_mmc_ex.o
LOAD ./Drivers/STM32H7xx_HAL_Driver/Src/stm32h7xx_hal_pwr.o
LOAD ./Drivers/STM32H7xx_HAL_Driver/Src/stm32h7xx_hal_pwr_ex.o
LOAD ./Drivers/STM32H7xx_HAL_Driver/Src/stm32h7xx_hal_rcc.o
LOAD ./Drivers/STM32H7xx_HAL_Driver/Src/stm32h7xx_hal_rcc_ex.o
LOAD ./Drivers/STM32H7xx_HAL_Driver/Src/stm32h7xx_hal_rtc.o
LOAD ./Drivers/STM32H7xx_HAL_Driver/Src/stm32h7xx_hal_rtc_ex.o
LOAD ./Drivers/STM32H7xx_HAL_Driver/Src/stm32h7xx_hal_sd.o
LOAD ./Drivers/STM32H7xx_HAL_Driver/Src/stm32h7xx_hal_sd_ex.o
LOAD ./Drivers/STM32H7xx_HAL_Driver/Src/stm32h7xx_hal_tim.o
LOAD ./Drivers/STM32H7xx_HAL_Driver/Src/stm32h7xx_hal_tim_ex.o
LOAD ./Drivers/STM32H7xx_HAL_Driver/Src/stm32h7xx_ll_delayblock.o
LOAD ./Drivers/STM32H7xx_HAL_Driver/Src/stm32h7xx_ll_sdmmc.o
LOAD ./FATFS/App/fatfs.o
LOAD ./FATFS/Target/bsp_driver_sd.o
LOAD ./FATFS/Target/fatfs_platform.o
LOAD ./FATFS/Target/sd_diskio.o
LOAD ./Middlewares/Third_Party/FatFs/src/diskio.o
LOAD ./Middlewares/Third_Party/FatFs/src/ff.o
LOAD ./Middlewares/Third_Party/FatFs/src/ff_gen_drv.o
LOAD ./Middlewares/Third_Party/FatFs/src/option/ccsbcs.o
LOAD ./Middlewares/Third_Party/FatFs/src/option/syscall.o
START GROUP
LOAD C:/ST/STM32CubeIDE_2.0.0/STM32CubeIDE/plugins/com.st.stm32cube.ide.mcu.externaltools.gnu-tools-for-stm32.13.3.rel1.win32_1.0.100.202509120712/tools/bin/../lib/gcc/arm-none-eabi/13.3.1/../../../../arm-none-eabi/lib/thumb/v7e-m+dp/hard\libc_nano.a
LOAD C:/ST/STM32CubeIDE_2.0.0/STM32CubeIDE/plugins/com.st.stm32cube.ide.mcu.externaltools.gnu-tools-for-stm32.13.3.rel1.win32_1.0.100.202509120712/tools/bin/../lib/gcc/arm-none-eabi/13.3.1/../../../../arm-none-eabi/lib/thumb/v7e-m+dp/hard\libm.a
END GROUP
START GROUP
LOAD C:/ST/STM32CubeIDE_2.0.0/STM32CubeIDE/plugins/com.st.stm32cube.ide.mcu.externaltools.gnu-tools-for-stm32.13.3.rel1.win32_1.0.100.202509120712/tools/bin/../lib/gcc/arm-none-eabi/13.3.1/thumb/v7e-m+dp/hard\libgcc.a
LOAD C:/ST/STM32CubeIDE_2.0.0/STM32CubeIDE/plugins/com.st.stm32cube.ide.mcu.externaltools.gnu-tools-for-stm32.13.3.rel1.win32_1.0.100.202509120712/tools/bin/../lib/gcc/arm-none-eabi/13.3.1/../../../../arm-none-eabi/lib/thumb/v7e-m+dp/hard\libc_nano.a
END GROUP
START GROUP
LOAD C:/ST/STM32CubeIDE_2.0.0/STM32CubeIDE/plugins/com.st.stm32cube.ide.mcu.externaltools.gnu-tools-for-stm32.13.3.rel1.win32_1.0.100.202509120712/tools/bin/../lib/gcc/arm-none-eabi/13.3.1/thumb/v7e-m+dp/hard\libgcc.a
LOAD C:/ST/STM32CubeIDE_2.0.0/STM32CubeIDE/plugins/com.st.stm32cube.ide.mcu.externaltools.gnu-tools-for-stm32.13.3.rel1.win32_1.0.100.202509120712/tools/bin/../lib/gcc/arm-none-eabi/13.3.1/../../../../arm-none-eabi/lib/thumb/v7e-m+dp/hard\libc_nano.a
LOAD C:/ST/STM32CubeIDE_2.0.0/STM32CubeIDE/plugins/com.st.stm32cube.ide.mcu.externaltools.gnu-tools-for-stm32.13.3.rel1.win32_1.0.100.202509120712/tools/bin/../lib/gcc/arm-none-eabi/13.3.1/../../../../arm-none-eabi/lib/thumb/v7e-m+dp/hard\libnosys.a
END GROUP
START GROUP
LOAD C:/ST/STM32CubeIDE_2.0.0/STM32CubeIDE/plugins/com.st.stm32cube.ide.mcu.externaltools.gnu-tools-for-stm32.13.3.rel1.win32_1.0.100.202509120712/tools/bin/../lib/gcc/arm-none-eabi/13.3.1/thumb/v7e-m+dp/hard\libgcc.a
LOAD C:/ST/STM32CubeIDE_2.0.0/STM32CubeIDE/plugins/com.st.stm32cube.ide.mcu.externaltools.gnu-tools-for-stm32.13.3.rel1.win32_1.0.100.202509120712/tools/bin/../lib/gcc/arm-none-eabi/13.3.1/../../../../arm-none-eabi/lib/thumb/v7e-m+dp/hard\libc_nano.a
LOAD C:/ST/STM32CubeIDE_2.0.0/STM32CubeIDE/plugins/com.st.stm32cube.ide.mcu.externaltools.gnu-tools-for-stm32.13.3.rel1.win32_1.0.100.202509120712/tools/bin/../lib/gcc/arm-none-eabi/13.3.1/../../../../arm-none-eabi/lib/thumb/v7e-m+dp/hard\libnosys.a
END GROUP
LOAD C:/ST/STM32CubeIDE_2.0.0/STM32CubeIDE/plugins/com.st.stm32cube.ide.mcu.externaltools.gnu-tools-for-stm32.13.3.rel1.win32_1.0.100.202509120712/tools/bin/../lib/gcc/arm-none-eabi/13.3.1/thumb/v7e-m+dp/hard/crtend.o
LOAD C:/ST/STM32CubeIDE_2.0.0/STM32CubeIDE/plugins/com.st.stm32cube.ide.mcu.externaltools.gnu-tools-for-stm32.13.3.rel1.win32_1.0.100.202509120712/tools/bin/../lib/gcc/arm-none-eabi/13.3.1/thumb/v7e-m+dp/hard/crtn.o
                0x20020000                        _estack = (ORIGIN (DTCMRAM) + LENGTH (DTCMRAM))
                0x00004000                        _Min_Heap_Size = 0x4000
                0x00004000                        _Min_Stack_Size = 0x4000

.isr_vector     0x08000000      0x298
                0x08000000                        . = ALIGN (0x4)
 *(.isr_vector)
 .isr_vector    0x08000000      0x298 ./Core/Startup/startup_stm32h743vitx.o
                0x08000000                g_pfnVectors
                0x08000298                        . = ALIGN (0x4)

.text           0x080002a0     0xb72c
                0x080002a0                        . = ALIGN (0x4)
 *(.text)
 .text          0x080002a0       0x40 C:/ST/STM32CubeIDE_2.0.0/STM32CubeIDE/plugins/com.st.stm32cube.ide.mcu.externaltools.gnu-tools-for-stm32.13.3.rel1.win32_1.0.100.202509120712/tools/bin/../lib/gcc/arm-none-eabi/13.3.1/thumb/v7e-m+dp/hard/crtbegin.o
 .text          0x080002e0       0xa0 C:/ST/STM32CubeIDE_2.0.0/STM32CubeIDE/plugins/com.st.stm32cube.ide.mcu.externaltools.gnu-tools-for-stm32.13.3.rel1.win32_1.0.100.202509120712/tools/bin/../lib/gcc/arm-none-eabi/13.3.1/../../../../arm-none-eabi/lib/thumb/v7e-m+dp/hard\libc_nano.a(libc_a-memchr.o)
                0x080002e0                memchr
 .text          0x08000380       0x30 C:/ST/STM32CubeIDE_2.0.0/STM32CubeIDE/plugins/com.st.stm32cube.ide.mcu.externaltools.gnu-tools-for-stm32.13.3.rel1.win32_1.0.100.202509120712/tools/bin/../lib/gcc/arm-none-eabi/13.3.1/thumb/v7e-m+dp/hard\libgcc.a(_aeabi_uldivmod.o)
                0x08000380                __aeabi_uldivmod
 .text          0x080003b0      0x2f8 C:/ST/STM32CubeIDE_2.0.0/STM32CubeIDE/plugins/com.st.stm32cube.ide.mcu.externaltools.gnu-tools-for-stm32.13.3.rel1.win32_1.0.100.202509120712/tools/bin/../lib/gcc/arm-none-eabi/13.3.1/thumb/v7e-m+dp/hard\libgcc.a(_udivmoddi4.o)
                0x080003b0                __udivmoddi4
 .text          0x080006a8        0x4 C:/ST/STM32CubeIDE_2.0.0/STM32CubeIDE/plugins/com.st.stm32cube.ide.mcu.externaltools.gnu-tools-for-stm32.13.3.rel1.win32_1.0.100.202509120712/tools/bin/../lib/gcc/arm-none-eabi/13.3.1/thumb/v7e-m+dp/hard\libgcc.a(_dvmd_tls.o)
                0x080006a8                __aeabi_idiv0
                0x080006a8                __aeabi_ldiv0
 *(.text*)
 .text.ITM_SendChar
                0x080006ac       0x34 ./Core/Src/main.o
 .text.MPU_Config
                0x080006e0       0xf0 ./Core/Src/main.o
 .text.MX_GPIO_Init
                0x080007d0      0x220 ./Core/Src/main.o
 .text._write   0x080009f0       0x1c ./Core/Src/main.o
                0x080009f0                _write
 .text.make_header
                0x08000a0c      0x120 ./Core/Src/main.o
                0x08000a0c                make_header
 .text.HAL_TIM_PeriodElapsedCallback
                0x08000b2c       0x18 ./Core/Src/main.o
                0x08000b2c                HAL_TIM_PeriodElapsedCallback
 .text.Error_Handler
                0x08000b44       0x18 ./Core/Src/main.o
                0x08000b44                Error_Handler
 .text.MX_RTC_Init
                0x08000b5c       0xc0 ./Core/Src/main.o
 .text.MX_SDMMC1_SD_Init
                0x08000c1c       0x30 ./Core/Src/main.o
 .text.SystemClock_Config
                0x08000c4c       0xdc ./Core/Src/main.o
                0x08000c4c                SystemClock_Config
 .text.main     0x08000d28      0x29c ./Core/Src/main.o
                0x08000d28                main
 .text.mount_sd_card
                0x08000fc4       0x30 ./Core/Src/sdcard.o
                0x08000fc4                mount_sd_card
 .text.SD_WriteData
                0x08000ff4       0x44 ./Core/Src/sdcard.o
                0x08000ff4                SD_WriteData
 .text.SD_GetCapacity
                0x08001038       0x5c ./Core/Src/sdcard.o
                0x08001038                SD_GetCapacity
 .text.ExtractTimestamp
                0x08001094       0x50 ./Core/Src/sdcard.o
                0x08001094                ExtractTimestamp
 .text.CreateFolders
                0x080010e4       0xec ./Core/Src/sdcard.o
                0x080010e4                CreateFolders
 .text.GetFilename_CreateFolders
                0x080011d0       0xf0 ./Core/Src/sdcard.o
                0x080011d0                GetFilename_CreateFolders
 .text.SD_OpenFile
                0x080012c0       0x38 ./Core/Src/sdcard.o
                0x080012c0                SD_OpenFile
 .text.FindOldestSubfolder
                0x080012f8       0x78 ./Core/Src/sdcard.o
                0x080012f8                FindOldestSubfolder
 .text.DeleteFolder
                0x08001370       0xb0 ./Core/Src/sdcard.o
                0x08001370                DeleteFolder
 .text.CountItemsInFolder
                0x08001420       0x60 ./Core/Src/sdcard.o
                0x08001420                CountItemsInFolder
 .text.CleanupEmptyParentFolders
                0x08001480       0xdc ./Core/Src/sdcard.o
                0x08001480                CleanupEmptyParentFolders
 .text.DeleteOldestFolder
                0x0800155c      0x228 ./Core/Src/sdcard.o
                0x0800155c                DeleteOldestFolder
 .text.make_prpd_zip_temp_buf
                0x08001784       0x38 ./Core/Src/sdcard.o
                0x08001784                make_prpd_zip_temp_buf
 .text.Zip_PRPD
                0x080017bc       0xc8 ./Core/Src/sdcard.o
                0x080017bc                Zip_PRPD
 .text.start_saving
                0x08001884      0x254 ./Core/Src/sdcard.o
                0x08001884                start_saving
 .text.SD_ForceReset
                0x08001ad8       0x74 ./Core/Src/sdcard.o
                0x08001ad8                SD_ForceReset
 .text.check_sd_card_present
                0x08001b4c       0x2c ./Core/Src/sdcard.o
                0x08001b4c                check_sd_card_present
 .text.HAL_MspInit
                0x08001b78       0x24 ./Core/Src/stm32h7xx_hal_msp.o
                0x08001b78                HAL_MspInit
 .text.HAL_RTC_MspInit
                0x08001b9c       0x60 ./Core/Src/stm32h7xx_hal_msp.o
                0x08001b9c                HAL_RTC_MspInit
 .text.HAL_SD_MspInit
                0x08001bfc       0xe0 ./Core/Src/stm32h7xx_hal_msp.o
                0x08001bfc                HAL_SD_MspInit
 .text.HAL_SD_MspDeInit
                0x08001cdc       0x44 ./Core/Src/stm32h7xx_hal_msp.o
                0x08001cdc                HAL_SD_MspDeInit
 .text.HAL_InitTick
                0x08001d20       0x9c ./Core/Src/stm32h7xx_hal_timebase_tim.o
                0x08001d20                HAL_InitTick
 .text.NMI_Handler
                0x08001dbc       0x14 ./Core/Src/stm32h7xx_it.o
                0x08001dbc                NMI_Handler
 .text.HardFault_Handler
                0x08001dd0       0x14 ./Core/Src/stm32h7xx_it.o
                0x08001dd0                HardFault_Handler
 .text.MemManage_Handler
                0x08001de4       0x14 ./Core/Src/stm32h7xx_it.o
                0x08001de4                MemManage_Handler
 .text.BusFault_Handler
                0x08001df8       0x14 ./Core/Src/stm32h7xx_it.o
                0x08001df8                BusFault_Handler
 .text.UsageFault_Handler
                0x08001e0c       0x14 ./Core/Src/stm32h7xx_it.o
                0x08001e0c                UsageFault_Handler
 .text.SVC_Handler
                0x08001e20        0x2 ./Core/Src/stm32h7xx_it.o
                0x08001e20                SVC_Handler
 .text.DebugMon_Handler
                0x08001e22        0x2 ./Core/Src/stm32h7xx_it.o
                0x08001e22                DebugMon_Handler
 .text.PendSV_Handler
                0x08001e24        0x2 ./Core/Src/stm32h7xx_it.o
                0x08001e24                PendSV_Handler
 .text.SysTick_Handler
                0x08001e26        0x2 ./Core/Src/stm32h7xx_it.o
                0x08001e26                SysTick_Handler
 .text.RTC_WKUP_IRQHandler
                0x08001e28       0x10 ./Core/Src/stm32h7xx_it.o
                0x08001e28                RTC_WKUP_IRQHandler
 .text.EXTI3_IRQHandler
                0x08001e38        0xa ./Core/Src/stm32h7xx_it.o
                0x08001e38                EXTI3_IRQHandler
 .text.EXTI15_10_IRQHandler
                0x08001e42        0xc ./Core/Src/stm32h7xx_it.o
                0x08001e42                EXTI15_10_IRQHandler
 *fill*         0x08001e4e        0x2 
 .text.SDMMC1_IRQHandler
                0x08001e50       0x10 ./Core/Src/stm32h7xx_it.o
                0x08001e50                SDMMC1_IRQHandler
 .text.TIM6_DAC_IRQHandler
                0x08001e60       0x10 ./Core/Src/stm32h7xx_it.o
                0x08001e60                TIM6_DAC_IRQHandler
 .text._getpid  0x08001e70        0x4 ./Core/Src/syscalls.o
                0x08001e70                _getpid
 .text._kill    0x08001e74       0x10 ./Core/Src/syscalls.o
                0x08001e74                _kill
 .text._exit    0x08001e84        0xc ./Core/Src/syscalls.o
                0x08001e84                _exit
 .text._read    0x08001e90       0x20 ./Core/Src/syscalls.o
                0x08001e90                _read
 .text._close   0x08001eb0        0x6 ./Core/Src/syscalls.o
                0x08001eb0                _close
 .text._fstat   0x08001eb6        0xa ./Core/Src/syscalls.o
                0x08001eb6                _fstat
 .text._isatty  0x08001ec0        0x4 ./Core/Src/syscalls.o
                0x08001ec0                _isatty
 .text._lseek   0x08001ec4        0x4 ./Core/Src/syscalls.o
                0x08001ec4                _lseek
 .text._sbrk    0x08001ec8       0x48 ./Core/Src/sysmem.o
                0x08001ec8                _sbrk
 .text.SystemInit
                0x08001f10       0xf0 ./Core/Src/system_stm32h7xx.o
                0x08001f10                SystemInit
 .text.ExitRun0Mode
                0x08002000       0x1c ./Core/Src/system_stm32h7xx.o
                0x08002000                ExitRun0Mode
 .text.Reset_Handler
                0x0800201c       0x54 ./Core/Startup/startup_stm32h743vitx.o
                0x0800201c                Reset_Handler
 .text.Default_Handler
                0x08002070        0x2 ./Core/Startup/startup_stm32h743vitx.o
                0x08002070                RTC_Alarm_IRQHandler
                0x08002070                EXTI2_IRQHandler
                0x08002070                TIM8_CC_IRQHandler
                0x08002070                HRTIM1_Master_IRQHandler
                0x08002070                UART8_IRQHandler
                0x08002070                SPI4_IRQHandler
                0x08002070                TIM1_CC_IRQHandler
                0x08002070                BDMA_Channel6_IRQHandler
                0x08002070                DMA2_Stream5_IRQHandler
                0x08002070                HRTIM1_FLT_IRQHandler
                0x08002070                JPEG_IRQHandler
                0x08002070                DMA1_Stream5_IRQHandler
                0x08002070                BDMA_Channel1_IRQHandler
                0x08002070                HRTIM1_TIMD_IRQHandler
                0x08002070                TAMP_STAMP_IRQHandler
                0x08002070                LPTIM4_IRQHandler
                0x08002070                TIM8_TRG_COM_TIM14_IRQHandler
                0x08002070                LPTIM2_IRQHandler
                0x08002070                DFSDM1_FLT1_IRQHandler
                0x08002070                DMAMUX2_OVR_IRQHandler
                0x08002070                TIM8_UP_TIM13_IRQHandler
                0x08002070                I2C3_ER_IRQHandler
                0x08002070                DFSDM1_FLT2_IRQHandler
                0x08002070                MDMA_IRQHandler
                0x08002070                LPTIM3_IRQHandler
                0x08002070                HSEM1_IRQHandler
                0x08002070                EXTI0_IRQHandler
                0x08002070                I2C2_EV_IRQHandler
                0x08002070                DMA1_Stream2_IRQHandler
                0x08002070                FPU_IRQHandler
                0x08002070                OTG_HS_WKUP_IRQHandler
                0x08002070                FDCAN1_IT1_IRQHandler
                0x08002070                LTDC_ER_IRQHandler
                0x08002070                DMA2_Stream2_IRQHandler
                0x08002070                HRTIM1_TIME_IRQHandler
                0x08002070                SPI1_IRQHandler
                0x08002070                DCMI_IRQHandler
                0x08002070                HRTIM1_TIMC_IRQHandler
                0x08002070                DMA2_Stream3_IRQHandler
                0x08002070                SAI2_IRQHandler
                0x08002070                DFSDM1_FLT3_IRQHandler
                0x08002070                USART6_IRQHandler
                0x08002070                TIM17_IRQHandler
                0x08002070                USART3_IRQHandler
                0x08002070                BDMA_Channel7_IRQHandler
                0x08002070                LPTIM5_IRQHandler
                0x08002070                UART5_IRQHandler
                0x08002070                ADC3_IRQHandler
                0x08002070                DMA2_Stream0_IRQHandler
                0x08002070                TIM4_IRQHandler
                0x08002070                BDMA_Channel2_IRQHandler
                0x08002070                QUADSPI_IRQHandler
                0x08002070                I2C1_EV_IRQHandler
                0x08002070                DMA1_Stream6_IRQHandler
                0x08002070                DMAMUX1_OVR_IRQHandler
                0x08002070                DMA1_Stream1_IRQHandler
                0x08002070                TIM16_IRQHandler
                0x08002070                UART4_IRQHandler
                0x08002070                BDMA_Channel5_IRQHandler
                0x08002070                TIM3_IRQHandler
                0x08002070                RCC_IRQHandler
                0x08002070                TIM8_BRK_TIM12_IRQHandler
                0x08002070                TIM1_TRG_COM_IRQHandler
                0x08002070                Default_Handler
                0x08002070                ECC_IRQHandler
                0x08002070                CEC_IRQHandler
                0x08002070                BDMA_Channel0_IRQHandler
                0x08002070                ADC_IRQHandler
                0x08002070                DMA1_Stream7_IRQHandler
                0x08002070                HRTIM1_TIMA_IRQHandler
                0x08002070                SPI5_IRQHandler
                0x08002070                TIM7_IRQHandler
                0x08002070                TIM5_IRQHandler
                0x08002070                DMA2_Stream7_IRQHandler
                0x08002070                TIM15_IRQHandler
                0x08002070                PVD_AVD_IRQHandler
                0x08002070                I2C3_EV_IRQHandler
                0x08002070                EXTI9_5_IRQHandler
                0x08002070                LTDC_IRQHandler
                0x08002070                SAI3_IRQHandler
                0x08002070                ETH_WKUP_IRQHandler
                0x08002070                SPDIF_RX_IRQHandler
                0x08002070                SPI2_IRQHandler
                0x08002070                OTG_HS_EP1_IN_IRQHandler
                0x08002070                DMA1_Stream0_IRQHandler
                0x08002070                CRS_IRQHandler
                0x08002070                EXTI4_IRQHandler
                0x08002070                RNG_IRQHandler
                0x08002070                HRTIM1_TIMB_IRQHandler
                0x08002070                FDCAN2_IT1_IRQHandler
                0x08002070                ETH_IRQHandler
                0x08002070                TIM1_UP_IRQHandler
                0x08002070                BDMA_Channel4_IRQHandler
                0x08002070                OTG_HS_EP1_OUT_IRQHandler
                0x08002070                WWDG_IRQHandler
                0x08002070                SPI6_IRQHandler
                0x08002070                MDIOS_IRQHandler
                0x08002070                I2C4_EV_IRQHandler
                0x08002070                FDCAN2_IT0_IRQHandler
                0x08002070                LPUART1_IRQHandler
                0x08002070                FDCAN1_IT0_IRQHandler
                0x08002070                TIM2_IRQHandler
                0x08002070                OTG_FS_WKUP_IRQHandler
                0x08002070                OTG_HS_IRQHandler
                0x08002070                DMA2D_IRQHandler
                0x08002070                TIM1_BRK_IRQHandler
                0x08002070                EXTI1_IRQHandler
                0x08002070                SDMMC2_IRQHandler
                0x08002070                OTG_FS_EP1_OUT_IRQHandler
                0x08002070                BDMA_Channel3_IRQHandler
                0x08002070                UART7_IRQHandler
                0x08002070                MDIOS_WKUP_IRQHandler
                0x08002070                USART2_IRQHandler
                0x08002070                DFSDM1_FLT0_IRQHandler
                0x08002070                SAI4_IRQHandler
                0x08002070                I2C2_ER_IRQHandler
                0x08002070                DMA2_Stream1_IRQHandler
                0x08002070                FLASH_IRQHandler
                0x08002070                DMA2_Stream4_IRQHandler
                0x08002070                USART1_IRQHandler
                0x08002070                OTG_FS_IRQHandler
                0x08002070                SPI3_IRQHandler
                0x08002070                WAKEUP_PIN_IRQHandler
                0x08002070                DMA1_Stream4_IRQHandler
                0x08002070                OTG_FS_EP1_IN_IRQHandler
                0x08002070                I2C1_ER_IRQHandler
                0x08002070                FMC_IRQHandler
                0x08002070                FDCAN_CAL_IRQHandler
                0x08002070                SWPMI1_IRQHandler
                0x08002070                COMP1_IRQHandler
                0x08002070                LPTIM1_IRQHandler
                0x08002070                I2C4_ER_IRQHandler
                0x08002070                DMA2_Stream6_IRQHandler
                0x08002070                SAI1_IRQHandler
                0x08002070                DMA1_Stream3_IRQHandler
 *fill*         0x08002072        0x2 
 .text.HAL_Init
                0x08002074       0x5c ./Drivers/STM32H7xx_HAL_Driver/Src/stm32h7xx_hal.o
                0x08002074                HAL_Init
 .text.HAL_IncTick
                0x080020d0       0x18 ./Drivers/STM32H7xx_HAL_Driver/Src/stm32h7xx_hal.o
                0x080020d0                HAL_IncTick
 .text.HAL_GetTick
                0x080020e8        0xc ./Drivers/STM32H7xx_HAL_Driver/Src/stm32h7xx_hal.o
                0x080020e8                HAL_GetTick
 .text.HAL_Delay
                0x080020f4       0x28 ./Drivers/STM32H7xx_HAL_Driver/Src/stm32h7xx_hal.o
                0x080020f4                HAL_Delay
 .text.HAL_GetREVID
                0x0800211c        0xc ./Drivers/STM32H7xx_HAL_Driver/Src/stm32h7xx_hal.o
                0x0800211c                HAL_GetREVID
 .text.HAL_SYSCFG_AnalogSwitchConfig
                0x08002128       0x14 ./Drivers/STM32H7xx_HAL_Driver/Src/stm32h7xx_hal.o
                0x08002128                HAL_SYSCFG_AnalogSwitchConfig
 .text.__NVIC_EnableIRQ
                0x0800213c       0x1c ./Drivers/STM32H7xx_HAL_Driver/Src/stm32h7xx_hal_cortex.o
 .text.__NVIC_DisableIRQ
                0x08002158       0x24 ./Drivers/STM32H7xx_HAL_Driver/Src/stm32h7xx_hal_cortex.o
 .text.__NVIC_SetPriority
                0x0800217c       0x24 ./Drivers/STM32H7xx_HAL_Driver/Src/stm32h7xx_hal_cortex.o
 .text.NVIC_EncodePriority
                0x080021a0       0x3e ./Drivers/STM32H7xx_HAL_Driver/Src/stm32h7xx_hal_cortex.o
 *fill*         0x080021de        0x2 
 .text.HAL_NVIC_SetPriorityGrouping
                0x080021e0       0x24 ./Drivers/STM32H7xx_HAL_Driver/Src/stm32h7xx_hal_cortex.o
                0x080021e0                HAL_NVIC_SetPriorityGrouping
 .text.HAL_NVIC_SetPriority
                0x08002204       0x20 ./Drivers/STM32H7xx_HAL_Driver/Src/stm32h7xx_hal_cortex.o
                0x08002204                HAL_NVIC_SetPriority
 .text.HAL_NVIC_EnableIRQ
                0x08002224        0x8 ./Drivers/STM32H7xx_HAL_Driver/Src/stm32h7xx_hal_cortex.o
                0x08002224                HAL_NVIC_EnableIRQ
 .text.HAL_NVIC_DisableIRQ
                0x0800222c        0x8 ./Drivers/STM32H7xx_HAL_Driver/Src/stm32h7xx_hal_cortex.o
                0x0800222c                HAL_NVIC_DisableIRQ
 .text.HAL_MPU_Disable
                0x08002234       0x1c ./Drivers/STM32H7xx_HAL_Driver/Src/stm32h7xx_hal_cortex.o
                0x08002234                HAL_MPU_Disable
 .text.HAL_MPU_Enable
                0x08002250       0x20 ./Drivers/STM32H7xx_HAL_Driver/Src/stm32h7xx_hal_cortex.o
                0x08002250                HAL_MPU_Enable
 .text.HAL_MPU_ConfigRegion
                0x08002270       0x58 ./Drivers/STM32H7xx_HAL_Driver/Src/stm32h7xx_hal_cortex.o
                0x08002270                HAL_MPU_ConfigRegion
 .text.HAL_GPIO_Init
                0x080022c8      0x220 ./Drivers/STM32H7xx_HAL_Driver/Src/stm32h7xx_hal_gpio.o
                0x080022c8                HAL_GPIO_Init
 .text.HAL_GPIO_DeInit
                0x080024e8      0x150 ./Drivers/STM32H7xx_HAL_Driver/Src/stm32h7xx_hal_gpio.o
                0x080024e8                HAL_GPIO_DeInit
 .text.HAL_GPIO_ReadPin
                0x08002638        0xe ./Drivers/STM32H7xx_HAL_Driver/Src/stm32h7xx_hal_gpio.o
                0x08002638                HAL_GPIO_ReadPin
 .text.HAL_GPIO_WritePin
                0x08002646        0xc ./Drivers/STM32H7xx_HAL_Driver/Src/stm32h7xx_hal_gpio.o
                0x08002646                HAL_GPIO_WritePin
 .text.HAL_GPIO_TogglePin
                0x08002652       0x12 ./Drivers/STM32H7xx_HAL_Driver/Src/stm32h7xx_hal_gpio.o
                0x08002652                HAL_GPIO_TogglePin
 .text.HAL_GPIO_EXTI_Callback
                0x08002664        0x2 ./Drivers/STM32H7xx_HAL_Driver/Src/stm32h7xx_hal_gpio.o
                0x08002664                HAL_GPIO_EXTI_Callback
 .text.HAL_GPIO_EXTI_IRQHandler
                0x08002666       0x1e ./Drivers/STM32H7xx_HAL_Driver/Src/stm32h7xx_hal_gpio.o
                0x08002666                HAL_GPIO_EXTI_IRQHandler
 .text.HAL_PWR_EnableBkUpAccess
                0x08002684       0x10 ./Drivers/STM32H7xx_HAL_Driver/Src/stm32h7xx_hal_pwr.o
                0x08002684                HAL_PWR_EnableBkUpAccess
 .text.HAL_PWREx_ConfigSupply
                0x08002694       0x54 ./Drivers/STM32H7xx_HAL_Driver/Src/stm32h7xx_hal_pwr_ex.o
                0x08002694                HAL_PWREx_ConfigSupply
 .text.HAL_PWREx_EnableBatteryCharging
                0x080026e8       0x1c ./Drivers/STM32H7xx_HAL_Driver/Src/stm32h7xx_hal_pwr_ex.o
                0x080026e8                HAL_PWREx_EnableBatteryCharging
 .text.HAL_RCC_OscConfig
                0x08002704      0x6b0 ./Drivers/STM32H7xx_HAL_Driver/Src/stm32h7xx_hal_rcc.o
                0x08002704                HAL_RCC_OscConfig
 .text.HAL_RCC_GetSysClockFreq
                0x08002db4      0x1f8 ./Drivers/STM32H7xx_HAL_Driver/Src/stm32h7xx_hal_rcc.o
                0x08002db4                HAL_RCC_GetSysClockFreq
 .text.HAL_RCC_ClockConfig
                0x08002fac      0x294 ./Drivers/STM32H7xx_HAL_Driver/Src/stm32h7xx_hal_rcc.o
                0x08002fac                HAL_RCC_ClockConfig
 .text.HAL_RCC_GetHCLKFreq
                0x08003240       0x44 ./Drivers/STM32H7xx_HAL_Driver/Src/stm32h7xx_hal_rcc.o
                0x08003240                HAL_RCC_GetHCLKFreq
 .text.HAL_RCC_GetPCLK1Freq
                0x08003284       0x24 ./Drivers/STM32H7xx_HAL_Driver/Src/stm32h7xx_hal_rcc.o
                0x08003284                HAL_RCC_GetPCLK1Freq
 .text.HAL_RCC_GetClockConfig
                0x080032a8       0x54 ./Drivers/STM32H7xx_HAL_Driver/Src/stm32h7xx_hal_rcc.o
                0x080032a8                HAL_RCC_GetClockConfig
 .text.RCCEx_PLL2_Config
                0x080032fc      0x108 ./Drivers/STM32H7xx_HAL_Driver/Src/stm32h7xx_hal_rcc_ex.o
 .text.RCCEx_PLL3_Config
                0x08003404      0x108 ./Drivers/STM32H7xx_HAL_Driver/Src/stm32h7xx_hal_rcc_ex.o
 .text.HAL_RCCEx_PeriphCLKConfig
                0x0800350c      0xaac ./Drivers/STM32H7xx_HAL_Driver/Src/stm32h7xx_hal_rcc_ex.o
                0x0800350c                HAL_RCCEx_PeriphCLKConfig
 .text.HAL_RCCEx_GetD3PCLK1Freq
                0x08003fb8       0x24 ./Drivers/STM32H7xx_HAL_Driver/Src/stm32h7xx_hal_rcc_ex.o
                0x08003fb8                HAL_RCCEx_GetD3PCLK1Freq
 .text.HAL_RCCEx_GetPLL2ClockFreq
                0x08003fdc      0x200 ./Drivers/STM32H7xx_HAL_Driver/Src/stm32h7xx_hal_rcc_ex.o
                0x08003fdc                HAL_RCCEx_GetPLL2ClockFreq
 .text.HAL_RCCEx_GetPLL3ClockFreq
                0x080041dc      0x200 ./Drivers/STM32H7xx_HAL_Driver/Src/stm32h7xx_hal_rcc_ex.o
                0x080041dc                HAL_RCCEx_GetPLL3ClockFreq
 .text.HAL_RCCEx_GetPLL1ClockFreq
                0x080043dc      0x200 ./Drivers/STM32H7xx_HAL_Driver/Src/stm32h7xx_hal_rcc_ex.o
                0x080043dc                HAL_RCCEx_GetPLL1ClockFreq
 .text.HAL_RCCEx_GetPeriphCLKFreq
                0x080045dc      0x6dc ./Drivers/STM32H7xx_HAL_Driver/Src/stm32h7xx_hal_rcc_ex.o
                0x080045dc                HAL_RCCEx_GetPeriphCLKFreq
 .text.HAL_RTC_WaitForSynchro
                0x08004cb8       0x34 ./Drivers/STM32H7xx_HAL_Driver/Src/stm32h7xx_hal_rtc.o
                0x08004cb8                HAL_RTC_WaitForSynchro
 .text.RTC_EnterInitMode
                0x08004cec       0x44 ./Drivers/STM32H7xx_HAL_Driver/Src/stm32h7xx_hal_rtc.o
                0x08004cec                RTC_EnterInitMode
 .text.RTC_ExitInitMode
                0x08004d30       0x4c ./Drivers/STM32H7xx_HAL_Driver/Src/stm32h7xx_hal_rtc.o
                0x08004d30                RTC_ExitInitMode
 .text.HAL_RTC_Init
                0x08004d7c       0xa4 ./Drivers/STM32H7xx_HAL_Driver/Src/stm32h7xx_hal_rtc.o
                0x08004d7c                HAL_RTC_Init
 .text.RTC_ByteToBcd2
                0x08004e20       0x16 ./Drivers/STM32H7xx_HAL_Driver/Src/stm32h7xx_hal_rtc.o
                0x08004e20                RTC_ByteToBcd2
 *fill*         0x08004e36        0x2 
 .text.HAL_RTC_SetTime
                0x08004e38       0xc8 ./Drivers/STM32H7xx_HAL_Driver/Src/stm32h7xx_hal_rtc.o
                0x08004e38                HAL_RTC_SetTime
 .text.HAL_RTC_SetDate
                0x08004f00       0xa4 ./Drivers/STM32H7xx_HAL_Driver/Src/stm32h7xx_hal_rtc.o
                0x08004f00                HAL_RTC_SetDate
 .text.RTC_Bcd2ToByte
                0x08004fa4       0x12 ./Drivers/STM32H7xx_HAL_Driver/Src/stm32h7xx_hal_rtc.o
                0x08004fa4                RTC_Bcd2ToByte
 .text.HAL_RTC_GetTime
                0x08004fb6       0x4c ./Drivers/STM32H7xx_HAL_Driver/Src/stm32h7xx_hal_rtc.o
                0x08004fb6                HAL_RTC_GetTime
 .text.HAL_RTC_GetDate
                0x08005002       0x3c ./Drivers/STM32H7xx_HAL_Driver/Src/stm32h7xx_hal_rtc.o
                0x08005002                HAL_RTC_GetDate
 *fill*         0x0800503e        0x2 
 .text.HAL_RTCEx_SetWakeUpTimer_IT
                0x08005040       0xc4 ./Drivers/STM32H7xx_HAL_Driver/Src/stm32h7xx_hal_rtc_ex.o
                0x08005040                HAL_RTCEx_SetWakeUpTimer_IT
 .text.HAL_RTCEx_WakeUpTimerEventCallback
                0x08005104        0x2 ./Drivers/STM32H7xx_HAL_Driver/Src/stm32h7xx_hal_rtc_ex.o
                0x08005104                HAL_RTCEx_WakeUpTimerEventCallback
 .text.HAL_RTCEx_WakeUpTimerIRQHandler
                0x08005106       0x32 ./Drivers/STM32H7xx_HAL_Driver/Src/stm32h7xx_hal_rtc_ex.o
                0x08005106                HAL_RTCEx_WakeUpTimerIRQHandler
 .text.SD_PowerON
                0x08005138       0xc4 ./Drivers/STM32H7xx_HAL_Driver/Src/stm32h7xx_hal_sd.o
 .text.SD_PowerOFF
                0x080051fc        0xa ./Drivers/STM32H7xx_HAL_Driver/Src/stm32h7xx_hal_sd.o
 .text.SD_Read_IT
                0x08005206       0x3c ./Drivers/STM32H7xx_HAL_Driver/Src/stm32h7xx_hal_sd.o
 .text.SD_Write_IT
                0x08005242       0x4c ./Drivers/STM32H7xx_HAL_Driver/Src/stm32h7xx_hal_sd.o
 *fill*         0x0800528e        0x2 
 .text.SD_SendSDStatus
                0x08005290      0x108 ./Drivers/STM32H7xx_HAL_Driver/Src/stm32h7xx_hal_sd.o
 .text.SD_FindSCR
                0x08005398      0x108 ./Drivers/STM32H7xx_HAL_Driver/Src/stm32h7xx_hal_sd.o
 .text.SD_WideBus_Enable
                0x080054a0       0x4e ./Drivers/STM32H7xx_HAL_Driver/Src/stm32h7xx_hal_sd.o
 .text.SD_WideBus_Disable
                0x080054ee       0x4e ./Drivers/STM32H7xx_HAL_Driver/Src/stm32h7xx_hal_sd.o
 .text.SD_SendStatus
                0x0800553c       0x2c ./Drivers/STM32H7xx_HAL_Driver/Src/stm32h7xx_hal_sd.o
 .text.HAL_SD_DeInit
                0x08005568       0x24 ./Drivers/STM32H7xx_HAL_Driver/Src/stm32h7xx_hal_sd.o
                0x08005568                HAL_SD_DeInit
 .text.HAL_SD_ReadBlocks
                0x0800558c      0x204 ./Drivers/STM32H7xx_HAL_Driver/Src/stm32h7xx_hal_sd.o
                0x0800558c                HAL_SD_ReadBlocks
 .text.HAL_SD_WriteBlocks
                0x08005790      0x214 ./Drivers/STM32H7xx_HAL_Driver/Src/stm32h7xx_hal_sd.o
                0x08005790                HAL_SD_WriteBlocks
 .text.HAL_SD_ErrorCallback
                0x080059a4        0x2 ./Drivers/STM32H7xx_HAL_Driver/Src/stm32h7xx_hal_sd.o
                0x080059a4                HAL_SD_ErrorCallback
 *fill*         0x080059a6        0x2 
 .text.HAL_SD_GetCardCSD
                0x080059a8      0x1b8 ./Drivers/STM32H7xx_HAL_Driver/Src/stm32h7xx_hal_sd.o
                0x080059a8                HAL_SD_GetCardCSD
 .text.SD_InitCard
                0x08005b60       0xfc ./Drivers/STM32H7xx_HAL_Driver/Src/stm32h7xx_hal_sd.o
 .text.HAL_SD_InitCard
                0x08005c5c       0xd4 ./Drivers/STM32H7xx_HAL_Driver/Src/stm32h7xx_hal_sd.o
                0x08005c5c                HAL_SD_InitCard
 .text.HAL_SD_GetCardStatus
                0x08005d30       0xd0 ./Drivers/STM32H7xx_HAL_Driver/Src/stm32h7xx_hal_sd.o
                0x08005d30                HAL_SD_GetCardStatus
 .text.HAL_SD_GetCardInfo
                0x08005e00       0x24 ./Drivers/STM32H7xx_HAL_Driver/Src/stm32h7xx_hal_sd.o
                0x08005e00                HAL_SD_GetCardInfo
 .text.HAL_SD_ConfigWideBusOperation
                0x08005e24      0x158 ./Drivers/STM32H7xx_HAL_Driver/Src/stm32h7xx_hal_sd.o
                0x08005e24                HAL_SD_ConfigWideBusOperation
 .text.HAL_SD_GetCardState
                0x08005f7c       0x22 ./Drivers/STM32H7xx_HAL_Driver/Src/stm32h7xx_hal_sd.o
                0x08005f7c                HAL_SD_GetCardState
 .text.HAL_SD_Init
                0x08005f9e       0xba ./Drivers/STM32H7xx_HAL_Driver/Src/stm32h7xx_hal_sd.o
                0x08005f9e                HAL_SD_Init
 .text.HAL_SDEx_Read_DMADoubleBuf0CpltCallback
                0x08006058        0x2 ./Drivers/STM32H7xx_HAL_Driver/Src/stm32h7xx_hal_sd.o
                0x08006058                HAL_SDEx_Read_DMADoubleBuf0CpltCallback
 .text.HAL_SDEx_Read_DMADoubleBuf1CpltCallback
                0x0800605a        0x2 ./Drivers/STM32H7xx_HAL_Driver/Src/stm32h7xx_hal_sd.o
                0x0800605a                HAL_SDEx_Read_DMADoubleBuf1CpltCallback
 .text.HAL_SDEx_Write_DMADoubleBuf0CpltCallback
                0x0800605c        0x2 ./Drivers/STM32H7xx_HAL_Driver/Src/stm32h7xx_hal_sd.o
                0x0800605c                HAL_SDEx_Write_DMADoubleBuf0CpltCallback
 .text.HAL_SDEx_Write_DMADoubleBuf1CpltCallback
                0x0800605e        0x2 ./Drivers/STM32H7xx_HAL_Driver/Src/stm32h7xx_hal_sd.o
                0x0800605e                HAL_SDEx_Write_DMADoubleBuf1CpltCallback
 .text.HAL_SD_IRQHandler
                0x08006060      0x22c ./Drivers/STM32H7xx_HAL_Driver/Src/stm32h7xx_hal_sd.o
                0x08006060                HAL_SD_IRQHandler
 .text.HAL_TIM_Base_MspInit
                0x0800628c        0x2 ./Drivers/STM32H7xx_HAL_Driver/Src/stm32h7xx_hal_tim.o
                0x0800628c                HAL_TIM_Base_MspInit
 *fill*         0x0800628e        0x2 
 .text.HAL_TIM_Base_Start_IT
                0x08006290       0x90 ./Drivers/STM32H7xx_HAL_Driver/Src/stm32h7xx_hal_tim.o
                0x08006290                HAL_TIM_Base_Start_IT
 .text.HAL_TIM_OC_DelayElapsedCallback
                0x08006320        0x2 ./Drivers/STM32H7xx_HAL_Driver/Src/stm32h7xx_hal_tim.o
                0x08006320                HAL_TIM_OC_DelayElapsedCallback
 .text.HAL_TIM_IC_CaptureCallback
                0x08006322        0x2 ./Drivers/STM32H7xx_HAL_Driver/Src/stm32h7xx_hal_tim.o
                0x08006322                HAL_TIM_IC_CaptureCallback
 .text.HAL_TIM_PWM_PulseFinishedCallback
                0x08006324        0x2 ./Drivers/STM32H7xx_HAL_Driver/Src/stm32h7xx_hal_tim.o
                0x08006324                HAL_TIM_PWM_PulseFinishedCallback
 .text.HAL_TIM_TriggerCallback
                0x08006326        0x2 ./Drivers/STM32H7xx_HAL_Driver/Src/stm32h7xx_hal_tim.o
                0x08006326                HAL_TIM_TriggerCallback
 .text.HAL_TIM_IRQHandler
                0x08006328      0x17a ./Drivers/STM32H7xx_HAL_Driver/Src/stm32h7xx_hal_tim.o
                0x08006328                HAL_TIM_IRQHandler
 *fill*         0x080064a2        0x2 
 .text.TIM_Base_SetConfig
                0x080064a4      0x104 ./Drivers/STM32H7xx_HAL_Driver/Src/stm32h7xx_hal_tim.o
                0x080064a4                TIM_Base_SetConfig
 .text.HAL_TIM_Base_Init
                0x080065a8       0x60 ./Drivers/STM32H7xx_HAL_Driver/Src/stm32h7xx_hal_tim.o
                0x080065a8                HAL_TIM_Base_Init
 .text.HAL_TIMEx_CommutCallback
                0x08006608        0x2 ./Drivers/STM32H7xx_HAL_Driver/Src/stm32h7xx_hal_tim_ex.o
                0x08006608                HAL_TIMEx_CommutCallback
 .text.HAL_TIMEx_BreakCallback
                0x0800660a        0x2 ./Drivers/STM32H7xx_HAL_Driver/Src/stm32h7xx_hal_tim_ex.o
                0x0800660a                HAL_TIMEx_BreakCallback
 .text.HAL_TIMEx_Break2Callback
                0x0800660c        0x2 ./Drivers/STM32H7xx_HAL_Driver/Src/stm32h7xx_hal_tim_ex.o
                0x0800660c                HAL_TIMEx_Break2Callback
 *fill*         0x0800660e        0x2 
 .text.SDMMC_GetCmdError
                0x08006610       0x3c ./Drivers/STM32H7xx_HAL_Driver/Src/stm32h7xx_ll_sdmmc.o
 .text.SDMMC_Init
                0x0800664c       0x30 ./Drivers/STM32H7xx_HAL_Driver/Src/stm32h7xx_ll_sdmmc.o
                0x0800664c                SDMMC_Init
 .text.SDMMC_ReadFIFO
                0x0800667c        0x6 ./Drivers/STM32H7xx_HAL_Driver/Src/stm32h7xx_ll_sdmmc.o
                0x0800667c                SDMMC_ReadFIFO
 .text.SDMMC_WriteFIFO
                0x08006682        0xa ./Drivers/STM32H7xx_HAL_Driver/Src/stm32h7xx_ll_sdmmc.o
                0x08006682                SDMMC_WriteFIFO
 .text.SDMMC_PowerState_ON
                0x0800668c        0xc ./Drivers/STM32H7xx_HAL_Driver/Src/stm32h7xx_ll_sdmmc.o
                0x0800668c                SDMMC_PowerState_ON
 .text.SDMMC_PowerState_OFF
                0x08006698        0xc ./Drivers/STM32H7xx_HAL_Driver/Src/stm32h7xx_ll_sdmmc.o
                0x08006698                SDMMC_PowerState_OFF
 .text.SDMMC_GetPowerState
                0x080066a4        0x8 ./Drivers/STM32H7xx_HAL_Driver/Src/stm32h7xx_ll_sdmmc.o
                0x080066a4                SDMMC_GetPowerState
 .text.SDMMC_SendCommand
                0x080066ac       0x24 ./Drivers/STM32H7xx_HAL_Driver/Src/stm32h7xx_ll_sdmmc.o
                0x080066ac                SDMMC_SendCommand
 .text.SDMMC_GetCommandResponse
                0x080066d0        0x6 ./Drivers/STM32H7xx_HAL_Driver/Src/stm32h7xx_ll_sdmmc.o
                0x080066d0                SDMMC_GetCommandResponse
 .text.SDMMC_GetResponse
                0x080066d6        0x6 ./Drivers/STM32H7xx_HAL_Driver/Src/stm32h7xx_ll_sdmmc.o
                0x080066d6                SDMMC_GetResponse
 .text.SDMMC_ConfigData
                0x080066dc       0x24 ./Drivers/STM32H7xx_HAL_Driver/Src/stm32h7xx_ll_sdmmc.o
                0x080066dc                SDMMC_ConfigData
 .text.SDMMC_CmdGoIdleState
                0x08006700       0x26 ./Drivers/STM32H7xx_HAL_Driver/Src/stm32h7xx_ll_sdmmc.o
                0x08006700                SDMMC_CmdGoIdleState
 *fill*         0x08006726        0x2 
 .text.SDMMC_GetCmdResp1
                0x08006728      0x160 ./Drivers/STM32H7xx_HAL_Driver/Src/stm32h7xx_ll_sdmmc.o
                0x08006728                SDMMC_GetCmdResp1
 .text.SDMMC_CmdBlockLength
                0x08006888       0x32 ./Drivers/STM32H7xx_HAL_Driver/Src/stm32h7xx_ll_sdmmc.o
                0x08006888                SDMMC_CmdBlockLength
 .text.SDMMC_CmdReadSingleBlock
                0x080068ba       0x32 ./Drivers/STM32H7xx_HAL_Driver/Src/stm32h7xx_ll_sdmmc.o
                0x080068ba                SDMMC_CmdReadSingleBlock
 .text.SDMMC_CmdReadMultiBlock
                0x080068ec       0x32 ./Drivers/STM32H7xx_HAL_Driver/Src/stm32h7xx_ll_sdmmc.o
                0x080068ec                SDMMC_CmdReadMultiBlock
 .text.SDMMC_CmdWriteSingleBlock
                0x0800691e       0x32 ./Drivers/STM32H7xx_HAL_Driver/Src/stm32h7xx_ll_sdmmc.o
                0x0800691e                SDMMC_CmdWriteSingleBlock
 .text.SDMMC_CmdWriteMultiBlock
                0x08006950       0x32 ./Drivers/STM32H7xx_HAL_Driver/Src/stm32h7xx_ll_sdmmc.o
                0x08006950                SDMMC_CmdWriteMultiBlock
 *fill*         0x08006982        0x2 
 .text.SDMMC_CmdStopTransfer
                0x08006984       0x58 ./Drivers/STM32H7xx_HAL_Driver/Src/stm32h7xx_ll_sdmmc.o
                0x08006984                SDMMC_CmdStopTransfer
 .text.SDMMC_CmdSelDesel
                0x080069dc       0x32 ./Drivers/STM32H7xx_HAL_Driver/Src/stm32h7xx_ll_sdmmc.o
                0x080069dc                SDMMC_CmdSelDesel
 .text.SDMMC_CmdAppCommand
                0x08006a0e       0x32 ./Drivers/STM32H7xx_HAL_Driver/Src/stm32h7xx_ll_sdmmc.o
                0x08006a0e                SDMMC_CmdAppCommand
 .text.SDMMC_CmdBusWidth
                0x08006a40       0x32 ./Drivers/STM32H7xx_HAL_Driver/Src/stm32h7xx_ll_sdmmc.o
                0x08006a40                SDMMC_CmdBusWidth
 .text.SDMMC_CmdSendSCR
                0x08006a72       0x32 ./Drivers/STM32H7xx_HAL_Driver/Src/stm32h7xx_ll_sdmmc.o
                0x08006a72                SDMMC_CmdSendSCR
 .text.SDMMC_CmdSendStatus
                0x08006aa4       0x32 ./Drivers/STM32H7xx_HAL_Driver/Src/stm32h7xx_ll_sdmmc.o
                0x08006aa4                SDMMC_CmdSendStatus
 .text.SDMMC_CmdStatusRegister
                0x08006ad6       0x32 ./Drivers/STM32H7xx_HAL_Driver/Src/stm32h7xx_ll_sdmmc.o
                0x08006ad6                SDMMC_CmdStatusRegister
 .text.SDMMC_GetCmdResp2
                0x08006b08       0x60 ./Drivers/STM32H7xx_HAL_Driver/Src/stm32h7xx_ll_sdmmc.o
                0x08006b08                SDMMC_GetCmdResp2
 .text.SDMMC_CmdSendCID
                0x08006b68       0x2c ./Drivers/STM32H7xx_HAL_Driver/Src/stm32h7xx_ll_sdmmc.o
                0x08006b68                SDMMC_CmdSendCID
 .text.SDMMC_CmdSendCSD
                0x08006b94       0x2c ./Drivers/STM32H7xx_HAL_Driver/Src/stm32h7xx_ll_sdmmc.o
                0x08006b94                SDMMC_CmdSendCSD
 .text.SDMMC_GetCmdResp3
                0x08006bc0       0x50 ./Drivers/STM32H7xx_HAL_Driver/Src/stm32h7xx_ll_sdmmc.o
                0x08006bc0                SDMMC_GetCmdResp3
 .text.SDMMC_CmdAppOperCommand
                0x08006c10       0x2c ./Drivers/STM32H7xx_HAL_Driver/Src/stm32h7xx_ll_sdmmc.o
                0x08006c10                SDMMC_CmdAppOperCommand
 .text.SDMMC_GetCmdResp6
                0x08006c3c       0xa4 ./Drivers/STM32H7xx_HAL_Driver/Src/stm32h7xx_ll_sdmmc.o
                0x08006c3c                SDMMC_GetCmdResp6
 .text.SDMMC_CmdSetRelAdd
                0x08006ce0       0x32 ./Drivers/STM32H7xx_HAL_Driver/Src/stm32h7xx_ll_sdmmc.o
                0x08006ce0                SDMMC_CmdSetRelAdd
 *fill*         0x08006d12        0x2 
 .text.SDMMC_GetCmdResp7
                0x08006d14       0x64 ./Drivers/STM32H7xx_HAL_Driver/Src/stm32h7xx_ll_sdmmc.o
                0x08006d14                SDMMC_GetCmdResp7
 .text.SDMMC_CmdOperCond
                0x08006d78       0x30 ./Drivers/STM32H7xx_HAL_Driver/Src/stm32h7xx_ll_sdmmc.o
                0x08006d78                SDMMC_CmdOperCond
 .text.MX_FATFS_Init
                0x08006da8       0x1c ./FATFS/App/fatfs.o
                0x08006da8                MX_FATFS_Init
 .text.get_fattime
                0x08006dc4       0x60 ./FATFS/App/fatfs.o
                0x08006dc4                get_fattime
 .text.BSP_SD_ReadBlocks
                0x08006e24       0x20 ./FATFS/Target/bsp_driver_sd.o
                0x08006e24                BSP_SD_ReadBlocks
 .text.BSP_SD_WriteBlocks
                0x08006e44       0x20 ./FATFS/Target/bsp_driver_sd.o
                0x08006e44                BSP_SD_WriteBlocks
 .text.BSP_SD_GetCardState
                0x08006e64       0x14 ./FATFS/Target/bsp_driver_sd.o
                0x08006e64                BSP_SD_GetCardState
 .text.BSP_SD_GetCardInfo
                0x08006e78       0x10 ./FATFS/Target/bsp_driver_sd.o
                0x08006e78                BSP_SD_GetCardInfo
 .text.BSP_SD_WriteCpltCallback
                0x08006e88        0x2 ./FATFS/Target/bsp_driver_sd.o
                0x08006e88                BSP_SD_WriteCpltCallback
 .text.HAL_SD_TxCpltCallback
                0x08006e8a        0x8 ./FATFS/Target/bsp_driver_sd.o
                0x08006e8a                HAL_SD_TxCpltCallback
 .text.BSP_SD_ReadCpltCallback
                0x08006e92        0x2 ./FATFS/Target/bsp_driver_sd.o
                0x08006e92                BSP_SD_ReadCpltCallback
 .text.HAL_SD_RxCpltCallback
                0x08006e94        0x8 ./FATFS/Target/bsp_driver_sd.o
                0x08006e94                HAL_SD_RxCpltCallback
 .text.BSP_SD_IsDetected
                0x08006e9c       0x20 ./FATFS/Target/bsp_driver_sd.o
                0x08006e9c                BSP_SD_IsDetected
 .text.BSP_SD_Init
                0x08006ebc       0x34 ./FATFS/Target/bsp_driver_sd.o
                0x08006ebc                BSP_SD_Init
 .text.BSP_PlatformIsDetected
                0x08006ef0       0x1c ./FATFS/Target/fatfs_platform.o
                0x08006ef0                BSP_PlatformIsDetected
 .text.SD_CheckStatus
                0x08006f0c       0x24 ./FATFS/Target/sd_diskio.o
 .text.SD_initialize
                0x08006f30       0x28 ./FATFS/Target/sd_diskio.o
                0x08006f30                SD_initialize
 .text.SD_status
                0x08006f58        0x8 ./FATFS/Target/sd_diskio.o
                0x08006f58                SD_status
 .text.SD_read  0x08006f60       0x24 ./FATFS/Target/sd_diskio.o
                0x08006f60                SD_read
 .text.SD_write
                0x08006f84       0x24 ./FATFS/Target/sd_diskio.o
                0x08006f84                SD_write
 .text.SD_ioctl
                0x08006fa8       0x58 ./FATFS/Target/sd_diskio.o
                0x08006fa8                SD_ioctl
 .text.disk_status
                0x08007000       0x18 ./Middlewares/Third_Party/FatFs/src/diskio.o
                0x08007000                disk_status
 .text.disk_initialize
                0x08007018       0x2c ./Middlewares/Third_Party/FatFs/src/diskio.o
                0x08007018                disk_initialize
 .text.disk_read
                0x08007044       0x18 ./Middlewares/Third_Party/FatFs/src/diskio.o
                0x08007044                disk_read
 .text.disk_write
                0x0800705c       0x18 ./Middlewares/Third_Party/FatFs/src/diskio.o
                0x0800705c                disk_write
 .text.disk_ioctl
                0x08007074       0x18 ./Middlewares/Third_Party/FatFs/src/diskio.o
                0x08007074                disk_ioctl
 .text.ld_word  0x0800708c        0xa ./Middlewares/Third_Party/FatFs/src/ff.o
 .text.ld_dword
                0x08007096       0x16 ./Middlewares/Third_Party/FatFs/src/ff.o
 .text.ld_qword
                0x080070ac       0x44 ./Middlewares/Third_Party/FatFs/src/ff.o
 .text.st_word  0x080070f0        0x8 ./Middlewares/Third_Party/FatFs/src/ff.o
 .text.st_dword
                0x080070f8       0x14 ./Middlewares/Third_Party/FatFs/src/ff.o
 .text.st_qword
                0x0800710c       0x26 ./Middlewares/Third_Party/FatFs/src/ff.o
 .text.mem_cpy  0x08007132       0x14 ./Middlewares/Third_Party/FatFs/src/ff.o
 .text.mem_set  0x08007146        0xa ./Middlewares/Third_Party/FatFs/src/ff.o
 .text.mem_cmp  0x08007150       0x1a ./Middlewares/Third_Party/FatFs/src/ff.o
 .text.chk_chr  0x0800716a       0x10 ./Middlewares/Third_Party/FatFs/src/ff.o
 *fill*         0x0800717a        0x2 
 .text.chk_lock
                0x0800717c       0x7c ./Middlewares/Third_Party/FatFs/src/ff.o
 .text.enq_lock
                0x080071f8       0x20 ./Middlewares/Third_Party/FatFs/src/ff.o
 .text.inc_lock
                0x08007218       0xa0 ./Middlewares/Third_Party/FatFs/src/ff.o
 .text.dec_lock
                0x080072b8       0x40 ./Middlewares/Third_Party/FatFs/src/ff.o
 .text.clear_lock
                0x080072f8       0x3c ./Middlewares/Third_Party/FatFs/src/ff.o
 .text.clust2sect
                0x08007334       0x18 ./Middlewares/Third_Party/FatFs/src/ff.o
 .text.clmt_clust
                0x0800734c       0x30 ./Middlewares/Third_Party/FatFs/src/ff.o
 .text.ld_clust
                0x0800737c       0x26 ./Middlewares/Third_Party/FatFs/src/ff.o
 .text.st_clust
                0x080073a2       0x26 ./Middlewares/Third_Party/FatFs/src/ff.o
 .text.pick_lfn
                0x080073c8       0x84 ./Middlewares/Third_Party/FatFs/src/ff.o
 .text.put_lfn  0x0800744c       0x78 ./Middlewares/Third_Party/FatFs/src/ff.o
 .text.gen_numname
                0x080074c4       0xaa ./Middlewares/Third_Party/FatFs/src/ff.o
 .text.sum_sfn  0x0800756e       0x20 ./Middlewares/Third_Party/FatFs/src/ff.o
 .text.xdir_sum
                0x0800758e       0x32 ./Middlewares/Third_Party/FatFs/src/ff.o
 .text.get_ldnumber
                0x080075c0       0x48 ./Middlewares/Third_Party/FatFs/src/ff.o
 .text.validate
                0x08007608       0x46 ./Middlewares/Third_Party/FatFs/src/ff.o
 .text.sync_window
                0x0800764e       0x54 ./Middlewares/Third_Party/FatFs/src/ff.o
 .text.move_window
                0x080076a2       0x36 ./Middlewares/Third_Party/FatFs/src/ff.o
 .text.check_fs
                0x080076d8       0x8c ./Middlewares/Third_Party/FatFs/src/ff.o
 .text.find_volume
                0x08007764      0x468 ./Middlewares/Third_Party/FatFs/src/ff.o
 .text.find_bitmap
                0x08007bcc       0x88 ./Middlewares/Third_Party/FatFs/src/ff.o
 .text.change_bitmap
                0x08007c54       0x76 ./Middlewares/Third_Party/FatFs/src/ff.o
 .text.put_fat  0x08007cca      0x122 ./Middlewares/Third_Party/FatFs/src/ff.o
 .text.fill_last_frag
                0x08007dec       0x30 ./Middlewares/Third_Party/FatFs/src/ff.o
 .text.fill_first_frag
                0x08007e1c       0x32 ./Middlewares/Third_Party/FatFs/src/ff.o
 .text.get_fat  0x08007e4e      0x164 ./Middlewares/Third_Party/FatFs/src/ff.o
 .text.dir_sdi  0x08007fb2       0xc0 ./Middlewares/Third_Party/FatFs/src/ff.o
 .text.create_chain
                0x08008072      0x18a ./Middlewares/Third_Party/FatFs/src/ff.o
 .text.remove_chain
                0x080081fc       0xfe ./Middlewares/Third_Party/FatFs/src/ff.o
 .text.dir_next
                0x080082fa      0x120 ./Middlewares/Third_Party/FatFs/src/ff.o
 *fill*         0x0800841a        0x2 
 .text.load_xdir
                0x0800841c       0xf0 ./Middlewares/Third_Party/FatFs/src/ff.o
 .text.load_obj_dir
                0x0800850c       0x32 ./Middlewares/Third_Party/FatFs/src/ff.o
 .text.dir_read
                0x0800853e       0xe6 ./Middlewares/Third_Party/FatFs/src/ff.o
 .text.dir_alloc
                0x08008624       0x68 ./Middlewares/Third_Party/FatFs/src/ff.o
 .text.store_xdir
                0x0800868c       0x5e ./Middlewares/Third_Party/FatFs/src/ff.o
 .text.dir_remove
                0x080086ea       0x62 ./Middlewares/Third_Party/FatFs/src/ff.o
 .text.create_name
                0x0800874c      0x238 ./Middlewares/Third_Party/FatFs/src/ff.o
 .text.get_xdir_info
                0x08008984       0xa2 ./Middlewares/Third_Party/FatFs/src/ff.o
 .text.get_fileinfo
                0x08008a26      0x102 ./Middlewares/Third_Party/FatFs/src/ff.o
 .text.xname_sum
                0x08008b28       0x38 ./Middlewares/Third_Party/FatFs/src/ff.o
 .text.create_xdir
                0x08008b60       0x7e ./Middlewares/Third_Party/FatFs/src/ff.o
 *fill*         0x08008bde        0x2 
 .text.cmp_lfn  0x08008be0       0xa0 ./Middlewares/Third_Party/FatFs/src/ff.o
 .text.dir_find
                0x08008c80      0x172 ./Middlewares/Third_Party/FatFs/src/ff.o
 .text.follow_path
                0x08008df2       0xce ./Middlewares/Third_Party/FatFs/src/ff.o
 .text.dir_register
                0x08008ec0      0x1fc ./Middlewares/Third_Party/FatFs/src/ff.o
 .text.sync_fs  0x080090bc       0x8c ./Middlewares/Third_Party/FatFs/src/ff.o
 .text.f_mount  0x08009148       0x60 ./Middlewares/Third_Party/FatFs/src/ff.o
                0x08009148                f_mount
 .text.f_open   0x080091a8      0x3b0 ./Middlewares/Third_Party/FatFs/src/ff.o
                0x080091a8                f_open
 .text.f_write  0x08009558      0x246 ./Middlewares/Third_Party/FatFs/src/ff.o
                0x08009558                f_write
 .text.f_sync   0x0800979e      0x176 ./Middlewares/Third_Party/FatFs/src/ff.o
                0x0800979e                f_sync
 .text.f_close  0x08009914       0x2a ./Middlewares/Third_Party/FatFs/src/ff.o
                0x08009914                f_close
 .text.f_opendir
                0x0800993e       0xe4 ./Middlewares/Third_Party/FatFs/src/ff.o
                0x0800993e                f_opendir
 .text.f_closedir
                0x08009a22       0x24 ./Middlewares/Third_Party/FatFs/src/ff.o
                0x08009a22                f_closedir
 .text.f_readdir
                0x08009a46       0x60 ./Middlewares/Third_Party/FatFs/src/ff.o
                0x08009a46                f_readdir
 .text.f_getfree
                0x08009aa6      0x140 ./Middlewares/Third_Party/FatFs/src/ff.o
                0x08009aa6                f_getfree
 .text.f_unlink
                0x08009be6      0x14c ./Middlewares/Third_Party/FatFs/src/ff.o
                0x08009be6                f_unlink
 .text.f_mkdir  0x08009d32      0x20e ./Middlewares/Third_Party/FatFs/src/ff.o
                0x08009d32                f_mkdir
 .text.f_rename
                0x08009f40      0x21e ./Middlewares/Third_Party/FatFs/src/ff.o
                0x08009f40                f_rename
 .text.f_utime  0x0800a15e       0xa0 ./Middlewares/Third_Party/FatFs/src/ff.o
                0x0800a15e                f_utime
 *fill*         0x0800a1fe        0x2 
 .text.FATFS_LinkDriverEx
                0x0800a200       0x54 ./Middlewares/Third_Party/FatFs/src/ff_gen_drv.o
                0x0800a200                FATFS_LinkDriverEx
 .text.FATFS_LinkDriver
                0x0800a254        0xa ./Middlewares/Third_Party/FatFs/src/ff_gen_drv.o
                0x0800a254                FATFS_LinkDriver
 *fill*         0x0800a25e        0x2 
 .text.FATFS_UnLinkDriverEx
                0x0800a260       0x3c ./Middlewares/Third_Party/FatFs/src/ff_gen_drv.o
                0x0800a260                FATFS_UnLinkDriverEx
 .text.FATFS_UnLinkDriver
                0x0800a29c        0xa ./Middlewares/Third_Party/FatFs/src/ff_gen_drv.o
                0x0800a29c                FATFS_UnLinkDriver
 *fill*         0x0800a2a6        0x2 
 .text.ff_convert
                0x0800a2a8       0x3c ./Middlewares/Third_Party/FatFs/src/option/ccsbcs.o
                0x0800a2a8                ff_convert
 .text.ff_wtoupper
                0x0800a2e4       0xa0 ./Middlewares/Third_Party/FatFs/src/option/ccsbcs.o
                0x0800a2e4                ff_wtoupper
 .text.rand     0x0800a384       0x7c C:/ST/STM32CubeIDE_2.0.0/STM32CubeIDE/plugins/com.st.stm32cube.ide.mcu.externaltools.gnu-tools-for-stm32.13.3.rel1.win32_1.0.100.202509120712/tools/bin/../lib/gcc/arm-none-eabi/13.3.1/../../../../arm-none-eabi/lib/thumb/v7e-m+dp/hard\libc_nano.a(libc_a-rand.o)
                0x0800a384                rand
 .text._strtoull_l.isra.0
                0x0800a400      0x12c C:/ST/STM32CubeIDE_2.0.0/STM32CubeIDE/plugins/com.st.stm32cube.ide.mcu.externaltools.gnu-tools-for-stm32.13.3.rel1.win32_1.0.100.202509120712/tools/bin/../lib/gcc/arm-none-eabi/13.3.1/../../../../arm-none-eabi/lib/thumb/v7e-m+dp/hard\libc_nano.a(libc_a-strtoull.o)
 .text.strtoull
                0x0800a52c       0x14 C:/ST/STM32CubeIDE_2.0.0/STM32CubeIDE/plugins/com.st.stm32cube.ide.mcu.externaltools.gnu-tools-for-stm32.13.3.rel1.win32_1.0.100.202509120712/tools/bin/../lib/gcc/arm-none-eabi/13.3.1/../../../../arm-none-eabi/lib/thumb/v7e-m+dp/hard\libc_nano.a(libc_a-strtoull.o)
                0x0800a52c                strtoull
 .text.std      0x0800a540       0x6c C:/ST/STM32CubeIDE_2.0.0/STM32CubeIDE/plugins/com.st.stm32cube.ide.mcu.externaltools.gnu-tools-for-stm32.13.3.rel1.win32_1.0.100.202509120712/tools/bin/../lib/gcc/arm-none-eabi/13.3.1/../../../../arm-none-eabi/lib/thumb/v7e-m+dp/hard\libc_nano.a(libc_a-findfp.o)
 .text.stdio_exit_handler
                0x0800a5ac       0x18 C:/ST/STM32CubeIDE_2.0.0/STM32CubeIDE/plugins/com.st.stm32cube.ide.mcu.externaltools.gnu-tools-for-stm32.13.3.rel1.win32_1.0.100.202509120712/tools/bin/../lib/gcc/arm-none-eabi/13.3.1/../../../../arm-none-eabi/lib/thumb/v7e-m+dp/hard\libc_nano.a(libc_a-findfp.o)
 .text.cleanup_stdio
                0x0800a5c4       0x40 C:/ST/STM32CubeIDE_2.0.0/STM32CubeIDE/plugins/com.st.stm32cube.ide.mcu.externaltools.gnu-tools-for-stm32.13.3.rel1.win32_1.0.100.202509120712/tools/bin/../lib/gcc/arm-none-eabi/13.3.1/../../../../arm-none-eabi/lib/thumb/v7e-m+dp/hard\libc_nano.a(libc_a-findfp.o)
 .text.global_stdio_init.part.0
                0x0800a604       0x3c C:/ST/STM32CubeIDE_2.0.0/STM32CubeIDE/plugins/com.st.stm32cube.ide.mcu.externaltools.gnu-tools-for-stm32.13.3.rel1.win32_1.0.100.202509120712/tools/bin/../lib/gcc/arm-none-eabi/13.3.1/../../../../arm-none-eabi/lib/thumb/v7e-m+dp/hard\libc_nano.a(libc_a-findfp.o)
 .text.__sfp_lock_acquire
                0x0800a640        0xc C:/ST/STM32CubeIDE_2.0.0/STM32CubeIDE/plugins/com.st.stm32cube.ide.mcu.externaltools.gnu-tools-for-stm32.13.3.rel1.win32_1.0.100.202509120712/tools/bin/../lib/gcc/arm-none-eabi/13.3.1/../../../../arm-none-eabi/lib/thumb/v7e-m+dp/hard\libc_nano.a(libc_a-findfp.o)
                0x0800a640                __sfp_lock_acquire
 .text.__sfp_lock_release
                0x0800a64c        0xc C:/ST/STM32CubeIDE_2.0.0/STM32CubeIDE/plugins/com.st.stm32cube.ide.mcu.externaltools.gnu-tools-for-stm32.13.3.rel1.win32_1.0.100.202509120712/tools/bin/../lib/gcc/arm-none-eabi/13.3.1/../../../../arm-none-eabi/lib/thumb/v7e-m+dp/hard\libc_nano.a(libc_a-findfp.o)
                0x0800a64c                __sfp_lock_release
 .text.__sinit  0x0800a658       0x30 C:/ST/STM32CubeIDE_2.0.0/STM32CubeIDE/plugins/com.st.stm32cube.ide.mcu.externaltools.gnu-tools-for-stm32.13.3.rel1.win32_1.0.100.202509120712/tools/bin/../lib/gcc/arm-none-eabi/13.3.1/../../../../arm-none-eabi/lib/thumb/v7e-m+dp/hard\libc_nano.a(libc_a-findfp.o)
                0x0800a658                __sinit
 .text._fwalk_sglue
                0x0800a688       0x3c C:/ST/STM32CubeIDE_2.0.0/STM32CubeIDE/plugins/com.st.stm32cube.ide.mcu.externaltools.gnu-tools-for-stm32.13.3.rel1.win32_1.0.100.202509120712/tools/bin/../lib/gcc/arm-none-eabi/13.3.1/../../../../arm-none-eabi/lib/thumb/v7e-m+dp/hard\libc_nano.a(libc_a-fwalk.o)
                0x0800a688                _fwalk_sglue
 .text.printf   0x0800a6c4       0x24 C:/ST/STM32CubeIDE_2.0.0/STM32CubeIDE/plugins/com.st.stm32cube.ide.mcu.externaltools.gnu-tools-for-stm32.13.3.rel1.win32_1.0.100.202509120712/tools/bin/../lib/gcc/arm-none-eabi/13.3.1/../../../../arm-none-eabi/lib/thumb/v7e-m+dp/hard\libc_nano.a(libc_a-printf.o)
                0x0800a6c4                iprintf
                0x0800a6c4                printf
 .text._puts_r  0x0800a6e8       0xaa C:/ST/STM32CubeIDE_2.0.0/STM32CubeIDE/plugins/com.st.stm32cube.ide.mcu.externaltools.gnu-tools-for-stm32.13.3.rel1.win32_1.0.100.202509120712/tools/bin/../lib/gcc/arm-none-eabi/13.3.1/../../../../arm-none-eabi/lib/thumb/v7e-m+dp/hard\libc_nano.a(libc_a-puts.o)
                0x0800a6e8                _puts_r
 *fill*         0x0800a792        0x2 
 .text.puts     0x0800a794       0x10 C:/ST/STM32CubeIDE_2.0.0/STM32CubeIDE/plugins/com.st.stm32cube.ide.mcu.externaltools.gnu-tools-for-stm32.13.3.rel1.win32_1.0.100.202509120712/tools/bin/../lib/gcc/arm-none-eabi/13.3.1/../../../../arm-none-eabi/lib/thumb/v7e-m+dp/hard\libc_nano.a(libc_a-puts.o)
                0x0800a794                puts
 .text.snprintf
                0x0800a7a4       0x6c C:/ST/STM32CubeIDE_2.0.0/STM32CubeIDE/plugins/com.st.stm32cube.ide.mcu.externaltools.gnu-tools-for-stm32.13.3.rel1.win32_1.0.100.202509120712/tools/bin/../lib/gcc/arm-none-eabi/13.3.1/../../../../arm-none-eabi/lib/thumb/v7e-m+dp/hard\libc_nano.a(libc_a-snprintf.o)
                0x0800a7a4                sniprintf
                0x0800a7a4                snprintf
 .text.sprintf  0x0800a810       0x44 C:/ST/STM32CubeIDE_2.0.0/STM32CubeIDE/plugins/com.st.stm32cube.ide.mcu.externaltools.gnu-tools-for-stm32.13.3.rel1.win32_1.0.100.202509120712/tools/bin/../lib/gcc/arm-none-eabi/13.3.1/../../../../arm-none-eabi/lib/thumb/v7e-m+dp/hard\libc_nano.a(libc_a-sprintf.o)
                0x0800a810                siprintf
                0x0800a810                sprintf
 .text.__sread  0x0800a854       0x22 C:/ST/STM32CubeIDE_2.0.0/STM32CubeIDE/plugins/com.st.stm32cube.ide.mcu.externaltools.gnu-tools-for-stm32.13.3.rel1.win32_1.0.100.202509120712/tools/bin/../lib/gcc/arm-none-eabi/13.3.1/../../../../arm-none-eabi/lib/thumb/v7e-m+dp/hard\libc_nano.a(libc_a-stdio.o)
                0x0800a854                __sread
 .text.__swrite
                0x0800a876       0x38 C:/ST/STM32CubeIDE_2.0.0/STM32CubeIDE/plugins/com.st.stm32cube.ide.mcu.externaltools.gnu-tools-for-stm32.13.3.rel1.win32_1.0.100.202509120712/tools/bin/../lib/gcc/arm-none-eabi/13.3.1/../../../../arm-none-eabi/lib/thumb/v7e-m+dp/hard\libc_nano.a(libc_a-stdio.o)
                0x0800a876                __swrite
 .text.__sseek  0x0800a8ae       0x24 C:/ST/STM32CubeIDE_2.0.0/STM32CubeIDE/plugins/com.st.stm32cube.ide.mcu.externaltools.gnu-tools-for-stm32.13.3.rel1.win32_1.0.100.202509120712/tools/bin/../lib/gcc/arm-none-eabi/13.3.1/../../../../arm-none-eabi/lib/thumb/v7e-m+dp/hard\libc_nano.a(libc_a-stdio.o)
                0x0800a8ae                __sseek
 .text.__sclose
                0x0800a8d2        0x8 C:/ST/STM32CubeIDE_2.0.0/STM32CubeIDE/plugins/com.st.stm32cube.ide.mcu.externaltools.gnu-tools-for-stm32.13.3.rel1.win32_1.0.100.202509120712/tools/bin/../lib/gcc/arm-none-eabi/13.3.1/../../../../arm-none-eabi/lib/thumb/v7e-m+dp/hard\libc_nano.a(libc_a-stdio.o)
                0x0800a8d2                __sclose
 .text.__swbuf_r
                0x0800a8da       0x7c C:/ST/STM32CubeIDE_2.0.0/STM32CubeIDE/plugins/com.st.stm32cube.ide.mcu.externaltools.gnu-tools-for-stm32.13.3.rel1.win32_1.0.100.202509120712/tools/bin/../lib/gcc/arm-none-eabi/13.3.1/../../../../arm-none-eabi/lib/thumb/v7e-m+dp/hard\libc_nano.a(libc_a-wbuf.o)
                0x0800a8da                __swbuf_r
 *fill*         0x0800a956        0x2 
 .text.__swsetup_r
                0x0800a958       0xac C:/ST/STM32CubeIDE_2.0.0/STM32CubeIDE/plugins/com.st.stm32cube.ide.mcu.externaltools.gnu-tools-for-stm32.13.3.rel1.win32_1.0.100.202509120712/tools/bin/../lib/gcc/arm-none-eabi/13.3.1/../../../../arm-none-eabi/lib/thumb/v7e-m+dp/hard\libc_nano.a(libc_a-wsetup.o)
                0x0800a958                __swsetup_r
 .text.memset   0x0800aa04       0x10 C:/ST/STM32CubeIDE_2.0.0/STM32CubeIDE/plugins/com.st.stm32cube.ide.mcu.externaltools.gnu-tools-for-stm32.13.3.rel1.win32_1.0.100.202509120712/tools/bin/../lib/gcc/arm-none-eabi/13.3.1/../../../../arm-none-eabi/lib/thumb/v7e-m+dp/hard\libc_nano.a(libc_a-memset.o)
                0x0800aa04                memset
 .text.strncpy  0x0800aa14       0x26 C:/ST/STM32CubeIDE_2.0.0/STM32CubeIDE/plugins/com.st.stm32cube.ide.mcu.externaltools.gnu-tools-for-stm32.13.3.rel1.win32_1.0.100.202509120712/tools/bin/../lib/gcc/arm-none-eabi/13.3.1/../../../../arm-none-eabi/lib/thumb/v7e-m+dp/hard\libc_nano.a(libc_a-strncpy.o)
                0x0800aa14                strncpy
 *fill*         0x0800aa3a        0x2 
 .text._close_r
                0x0800aa3c       0x20 C:/ST/STM32CubeIDE_2.0.0/STM32CubeIDE/plugins/com.st.stm32cube.ide.mcu.externaltools.gnu-tools-for-stm32.13.3.rel1.win32_1.0.100.202509120712/tools/bin/../lib/gcc/arm-none-eabi/13.3.1/../../../../arm-none-eabi/lib/thumb/v7e-m+dp/hard\libc_nano.a(libc_a-closer.o)
                0x0800aa3c                _close_r
 .text._lseek_r
                0x0800aa5c       0x24 C:/ST/STM32CubeIDE_2.0.0/STM32CubeIDE/plugins/com.st.stm32cube.ide.mcu.externaltools.gnu-tools-for-stm32.13.3.rel1.win32_1.0.100.202509120712/tools/bin/../lib/gcc/arm-none-eabi/13.3.1/../../../../arm-none-eabi/lib/thumb/v7e-m+dp/hard\libc_nano.a(libc_a-lseekr.o)
                0x0800aa5c                _lseek_r
 .text._read_r  0x0800aa80       0x24 C:/ST/STM32CubeIDE_2.0.0/STM32CubeIDE/plugins/com.st.stm32cube.ide.mcu.externaltools.gnu-tools-for-stm32.13.3.rel1.win32_1.0.100.202509120712/tools/bin/../lib/gcc/arm-none-eabi/13.3.1/../../../../arm-none-eabi/lib/thumb/v7e-m+dp/hard\libc_nano.a(libc_a-readr.o)
                0x0800aa80                _read_r
 .text._write_r
                0x0800aaa4       0x24 C:/ST/STM32CubeIDE_2.0.0/STM32CubeIDE/plugins/com.st.stm32cube.ide.mcu.externaltools.gnu-tools-for-stm32.13.3.rel1.win32_1.0.100.202509120712/tools/bin/../lib/gcc/arm-none-eabi/13.3.1/../../../../arm-none-eabi/lib/thumb/v7e-m+dp/hard\libc_nano.a(libc_a-writer.o)
                0x0800aaa4                _write_r
 .text.__errno  0x0800aac8        0xc C:/ST/STM32CubeIDE_2.0.0/STM32CubeIDE/plugins/com.st.stm32cube.ide.mcu.externaltools.gnu-tools-for-stm32.13.3.rel1.win32_1.0.100.202509120712/tools/bin/../lib/gcc/arm-none-eabi/13.3.1/../../../../arm-none-eabi/lib/thumb/v7e-m+dp/hard\libc_nano.a(libc_a-errno.o)
                0x0800aac8                __errno
 .text.__libc_init_array
                0x0800aad4       0x48 C:/ST/STM32CubeIDE_2.0.0/STM32CubeIDE/plugins/com.st.stm32cube.ide.mcu.externaltools.gnu-tools-for-stm32.13.3.rel1.win32_1.0.100.202509120712/tools/bin/../lib/gcc/arm-none-eabi/13.3.1/../../../../arm-none-eabi/lib/thumb/v7e-m+dp/hard\libc_nano.a(libc_a-init.o)
                0x0800aad4                __libc_init_array
 .text.__retarget_lock_init_recursive
                0x0800ab1c        0x2 C:/ST/STM32CubeIDE_2.0.0/STM32CubeIDE/plugins/com.st.stm32cube.ide.mcu.externaltools.gnu-tools-for-stm32.13.3.rel1.win32_1.0.100.202509120712/tools/bin/../lib/gcc/arm-none-eabi/13.3.1/../../../../arm-none-eabi/lib/thumb/v7e-m+dp/hard\libc_nano.a(libc_a-lock.o)
                0x0800ab1c                __retarget_lock_init_recursive
 .text.__retarget_lock_acquire_recursive
                0x0800ab1e        0x2 C:/ST/STM32CubeIDE_2.0.0/STM32CubeIDE/plugins/com.st.stm32cube.ide.mcu.externaltools.gnu-tools-for-stm32.13.3.rel1.win32_1.0.100.202509120712/tools/bin/../lib/gcc/arm-none-eabi/13.3.1/../../../../arm-none-eabi/lib/thumb/v7e-m+dp/hard\libc_nano.a(libc_a-lock.o)
                0x0800ab1e                __retarget_lock_acquire_recursive
 .text.__retarget_lock_release_recursive
                0x0800ab20        0x2 C:/ST/STM32CubeIDE_2.0.0/STM32CubeIDE/plugins/com.st.stm32cube.ide.mcu.externaltools.gnu-tools-for-stm32.13.3.rel1.win32_1.0.100.202509120712/tools/bin/../lib/gcc/arm-none-eabi/13.3.1/../../../../arm-none-eabi/lib/thumb/v7e-m+dp/hard\libc_nano.a(libc_a-lock.o)
                0x0800ab20                __retarget_lock_release_recursive
 .text.strcpy   0x0800ab22       0x10 C:/ST/STM32CubeIDE_2.0.0/STM32CubeIDE/plugins/com.st.stm32cube.ide.mcu.externaltools.gnu-tools-for-stm32.13.3.rel1.win32_1.0.100.202509120712/tools/bin/../lib/gcc/arm-none-eabi/13.3.1/../../../../arm-none-eabi/lib/thumb/v7e-m+dp/hard\libc_nano.a(libc_a-strcpy.o)
                0x0800ab22                strcpy
 .text.memcpy   0x0800ab32       0x1c C:/ST/STM32CubeIDE_2.0.0/STM32CubeIDE/plugins/com.st.stm32cube.ide.mcu.externaltools.gnu-tools-for-stm32.13.3.rel1.win32_1.0.100.202509120712/tools/bin/../lib/gcc/arm-none-eabi/13.3.1/../../../../arm-none-eabi/lib/thumb/v7e-m+dp/hard\libc_nano.a(libc_a-memcpy-stub.o)
                0x0800ab32                memcpy
 *fill*         0x0800ab4e        0x2 
 .text.__assert_func
                0x0800ab50       0x3c C:/ST/STM32CubeIDE_2.0.0/STM32CubeIDE/plugins/com.st.stm32cube.ide.mcu.externaltools.gnu-tools-for-stm32.13.3.rel1.win32_1.0.100.202509120712/tools/bin/../lib/gcc/arm-none-eabi/13.3.1/../../../../arm-none-eabi/lib/thumb/v7e-m+dp/hard\libc_nano.a(libc_a-assert.o)
                0x0800ab50                __assert_func
 .text._free_r  0x0800ab8c       0x94 C:/ST/STM32CubeIDE_2.0.0/STM32CubeIDE/plugins/com.st.stm32cube.ide.mcu.externaltools.gnu-tools-for-stm32.13.3.rel1.win32_1.0.100.202509120712/tools/bin/../lib/gcc/arm-none-eabi/13.3.1/../../../../arm-none-eabi/lib/thumb/v7e-m+dp/hard\libc_nano.a(libc_a-freer.o)
                0x0800ab8c                _free_r
 .text.malloc   0x0800ac20       0x10 C:/ST/STM32CubeIDE_2.0.0/STM32CubeIDE/plugins/com.st.stm32cube.ide.mcu.externaltools.gnu-tools-for-stm32.13.3.rel1.win32_1.0.100.202509120712/tools/bin/../lib/gcc/arm-none-eabi/13.3.1/../../../../arm-none-eabi/lib/thumb/v7e-m+dp/hard\libc_nano.a(libc_a-malloc.o)
                0x0800ac20                malloc
 .text.sbrk_aligned
                0x0800ac30       0x44 C:/ST/STM32CubeIDE_2.0.0/STM32CubeIDE/plugins/com.st.stm32cube.ide.mcu.externaltools.gnu-tools-for-stm32.13.3.rel1.win32_1.0.100.202509120712/tools/bin/../lib/gcc/arm-none-eabi/13.3.1/../../../../arm-none-eabi/lib/thumb/v7e-m+dp/hard\libc_nano.a(libc_a-mallocr.o)
 .text._malloc_r
                0x0800ac74      0x100 C:/ST/STM32CubeIDE_2.0.0/STM32CubeIDE/plugins/com.st.stm32cube.ide.mcu.externaltools.gnu-tools-for-stm32.13.3.rel1.win32_1.0.100.202509120712/tools/bin/../lib/gcc/arm-none-eabi/13.3.1/../../../../arm-none-eabi/lib/thumb/v7e-m+dp/hard\libc_nano.a(libc_a-mallocr.o)
                0x0800ac74                _malloc_r
 .text.__malloc_lock
                0x0800ad74        0xc C:/ST/STM32CubeIDE_2.0.0/STM32CubeIDE/plugins/com.st.stm32cube.ide.mcu.externaltools.gnu-tools-for-stm32.13.3.rel1.win32_1.0.100.202509120712/tools/bin/../lib/gcc/arm-none-eabi/13.3.1/../../../../arm-none-eabi/lib/thumb/v7e-m+dp/hard\libc_nano.a(libc_a-mlock.o)
                0x0800ad74                __malloc_lock
 .text.__malloc_unlock
                0x0800ad80        0xc C:/ST/STM32CubeIDE_2.0.0/STM32CubeIDE/plugins/com.st.stm32cube.ide.mcu.externaltools.gnu-tools-for-stm32.13.3.rel1.win32_1.0.100.202509120712/tools/bin/../lib/gcc/arm-none-eabi/13.3.1/../../../../arm-none-eabi/lib/thumb/v7e-m+dp/hard\libc_nano.a(libc_a-mlock.o)
                0x0800ad80                __malloc_unlock
 .text.__ssputs_r
                0x0800ad8c       0xb6 C:/ST/STM32CubeIDE_2.0.0/STM32CubeIDE/plugins/com.st.stm32cube.ide.mcu.externaltools.gnu-tools-for-stm32.13.3.rel1.win32_1.0.100.202509120712/tools/bin/../lib/gcc/arm-none-eabi/13.3.1/../../../../arm-none-eabi/lib/thumb/v7e-m+dp/hard\libc_nano.a(libc_a-nano-svfprintf.o)
                0x0800ad8c                __ssputs_r
 *fill*         0x0800ae42        0x2 
 .text._svfprintf_r
                0x0800ae44      0x1f8 C:/ST/STM32CubeIDE_2.0.0/STM32CubeIDE/plugins/com.st.stm32cube.ide.mcu.externaltools.gnu-tools-for-stm32.13.3.rel1.win32_1.0.100.202509120712/tools/bin/../lib/gcc/arm-none-eabi/13.3.1/../../../../arm-none-eabi/lib/thumb/v7e-m+dp/hard\libc_nano.a(libc_a-nano-svfprintf.o)
                0x0800ae44                _svfiprintf_r
                0x0800ae44                _svfprintf_r
 .text.__sfputc_r
                0x0800b03c       0x2e C:/ST/STM32CubeIDE_2.0.0/STM32CubeIDE/plugins/com.st.stm32cube.ide.mcu.externaltools.gnu-tools-for-stm32.13.3.rel1.win32_1.0.100.202509120712/tools/bin/../lib/gcc/arm-none-eabi/13.3.1/../../../../arm-none-eabi/lib/thumb/v7e-m+dp/hard\libc_nano.a(libc_a-nano-vfprintf.o)
 .text.__sfputs_r
                0x0800b06a       0x24 C:/ST/STM32CubeIDE_2.0.0/STM32CubeIDE/plugins/com.st.stm32cube.ide.mcu.externaltools.gnu-tools-for-stm32.13.3.rel1.win32_1.0.100.202509120712/tools/bin/../lib/gcc/arm-none-eabi/13.3.1/../../../../arm-none-eabi/lib/thumb/v7e-m+dp/hard\libc_nano.a(libc_a-nano-vfprintf.o)
                0x0800b06a                __sfputs_r
 *fill*         0x0800b08e        0x2 
 .text._vfprintf_r
                0x0800b090      0x230 C:/ST/STM32CubeIDE_2.0.0/STM32CubeIDE/plugins/com.st.stm32cube.ide.mcu.externaltools.gnu-tools-for-stm32.13.3.rel1.win32_1.0.100.202509120712/tools/bin/../lib/gcc/arm-none-eabi/13.3.1/../../../../arm-none-eabi/lib/thumb/v7e-m+dp/hard\libc_nano.a(libc_a-nano-vfprintf.o)
                0x0800b090                _vfprintf_r
                0x0800b090                _vfiprintf_r
 .text._printf_common
                0x0800b2c0       0xda C:/ST/STM32CubeIDE_2.0.0/STM32CubeIDE/plugins/com.st.stm32cube.ide.mcu.externaltools.gnu-tools-for-stm32.13.3.rel1.win32_1.0.100.202509120712/tools/bin/../lib/gcc/arm-none-eabi/13.3.1/../../../../arm-none-eabi/lib/thumb/v7e-m+dp/hard\libc_nano.a(libc_a-nano-vfprintf_i.o)
                0x0800b2c0                _printf_common
 *fill*         0x0800b39a        0x2 
 .text._printf_i
                0x0800b39c      0x23c C:/ST/STM32CubeIDE_2.0.0/STM32CubeIDE/plugins/com.st.stm32cube.ide.mcu.externaltools.gnu-tools-for-stm32.13.3.rel1.win32_1.0.100.202509120712/tools/bin/../lib/gcc/arm-none-eabi/13.3.1/../../../../arm-none-eabi/lib/thumb/v7e-m+dp/hard\libc_nano.a(libc_a-nano-vfprintf_i.o)
                0x0800b39c                _printf_i
 .text.__sflush_r
                0x0800b5d8      0x108 C:/ST/STM32CubeIDE_2.0.0/STM32CubeIDE/plugins/com.st.stm32cube.ide.mcu.externaltools.gnu-tools-for-stm32.13.3.rel1.win32_1.0.100.202509120712/tools/bin/../lib/gcc/arm-none-eabi/13.3.1/../../../../arm-none-eabi/lib/thumb/v7e-m+dp/hard\libc_nano.a(libc_a-fflush.o)
                0x0800b5d8                __sflush_r
 .text._fflush_r
                0x0800b6e0       0x50 C:/ST/STM32CubeIDE_2.0.0/STM32CubeIDE/plugins/com.st.stm32cube.ide.mcu.externaltools.gnu-tools-for-stm32.13.3.rel1.win32_1.0.100.202509120712/tools/bin/../lib/gcc/arm-none-eabi/13.3.1/../../../../arm-none-eabi/lib/thumb/v7e-m+dp/hard\libc_nano.a(libc_a-fflush.o)
                0x0800b6e0                _fflush_r
 .text.fprintf  0x0800b730       0x24 C:/ST/STM32CubeIDE_2.0.0/STM32CubeIDE/plugins/com.st.stm32cube.ide.mcu.externaltools.gnu-tools-for-stm32.13.3.rel1.win32_1.0.100.202509120712/tools/bin/../lib/gcc/arm-none-eabi/13.3.1/../../../../arm-none-eabi/lib/thumb/v7e-m+dp/hard\libc_nano.a(libc_a-fprintf.o)
                0x0800b730                fiprintf
                0x0800b730                fprintf
 .text.__swhatbuf_r
                0x0800b754       0x4c C:/ST/STM32CubeIDE_2.0.0/STM32CubeIDE/plugins/com.st.stm32cube.ide.mcu.externaltools.gnu-tools-for-stm32.13.3.rel1.win32_1.0.100.202509120712/tools/bin/../lib/gcc/arm-none-eabi/13.3.1/../../../../arm-none-eabi/lib/thumb/v7e-m+dp/hard\libc_nano.a(libc_a-makebuf.o)
                0x0800b754                __swhatbuf_r
 .text.__smakebuf_r
                0x0800b7a0       0x78 C:/ST/STM32CubeIDE_2.0.0/STM32CubeIDE/plugins/com.st.stm32cube.ide.mcu.externaltools.gnu-tools-for-stm32.13.3.rel1.win32_1.0.100.202509120712/tools/bin/../lib/gcc/arm-none-eabi/13.3.1/../../../../arm-none-eabi/lib/thumb/v7e-m+dp/hard\libc_nano.a(libc_a-makebuf.o)
                0x0800b7a0                __smakebuf_r
 .text.memmove  0x0800b818       0x34 C:/ST/STM32CubeIDE_2.0.0/STM32CubeIDE/plugins/com.st.stm32cube.ide.mcu.externaltools.gnu-tools-for-stm32.13.3.rel1.win32_1.0.100.202509120712/tools/bin/../lib/gcc/arm-none-eabi/13.3.1/../../../../arm-none-eabi/lib/thumb/v7e-m+dp/hard\libc_nano.a(libc_a-memmove.o)
                0x0800b818                memmove
 .text._fstat_r
                0x0800b84c       0x24 C:/ST/STM32CubeIDE_2.0.0/STM32CubeIDE/plugins/com.st.stm32cube.ide.mcu.externaltools.gnu-tools-for-stm32.13.3.rel1.win32_1.0.100.202509120712/tools/bin/../lib/gcc/arm-none-eabi/13.3.1/../../../../arm-none-eabi/lib/thumb/v7e-m+dp/hard\libc_nano.a(libc_a-fstatr.o)
                0x0800b84c                _fstat_r
 .text._isatty_r
                0x0800b870       0x20 C:/ST/STM32CubeIDE_2.0.0/STM32CubeIDE/plugins/com.st.stm32cube.ide.mcu.externaltools.gnu-tools-for-stm32.13.3.rel1.win32_1.0.100.202509120712/tools/bin/../lib/gcc/arm-none-eabi/13.3.1/../../../../arm-none-eabi/lib/thumb/v7e-m+dp/hard\libc_nano.a(libc_a-isattyr.o)
                0x0800b870                _isatty_r
 .text._sbrk_r  0x0800b890       0x20 C:/ST/STM32CubeIDE_2.0.0/STM32CubeIDE/plugins/com.st.stm32cube.ide.mcu.externaltools.gnu-tools-for-stm32.13.3.rel1.win32_1.0.100.202509120712/tools/bin/../lib/gcc/arm-none-eabi/13.3.1/../../../../arm-none-eabi/lib/thumb/v7e-m+dp/hard\libc_nano.a(libc_a-sbrkr.o)
                0x0800b890                _sbrk_r
 .text.abort    0x0800b8b0        0xe C:/ST/STM32CubeIDE_2.0.0/STM32CubeIDE/plugins/com.st.stm32cube.ide.mcu.externaltools.gnu-tools-for-stm32.13.3.rel1.win32_1.0.100.202509120712/tools/bin/../lib/gcc/arm-none-eabi/13.3.1/../../../../arm-none-eabi/lib/thumb/v7e-m+dp/hard\libc_nano.a(libc_a-abort.o)
                0x0800b8b0                abort
 .text._realloc_r
                0x0800b8be       0x5c C:/ST/STM32CubeIDE_2.0.0/STM32CubeIDE/plugins/com.st.stm32cube.ide.mcu.externaltools.gnu-tools-for-stm32.13.3.rel1.win32_1.0.100.202509120712/tools/bin/../lib/gcc/arm-none-eabi/13.3.1/../../../../arm-none-eabi/lib/thumb/v7e-m+dp/hard\libc_nano.a(libc_a-reallocr.o)
                0x0800b8be                _realloc_r
 .text._raise_r
                0x0800b91a       0x50 C:/ST/STM32CubeIDE_2.0.0/STM32CubeIDE/plugins/com.st.stm32cube.ide.mcu.externaltools.gnu-tools-for-stm32.13.3.rel1.win32_1.0.100.202509120712/tools/bin/../lib/gcc/arm-none-eabi/13.3.1/../../../../arm-none-eabi/lib/thumb/v7e-m+dp/hard\libc_nano.a(libc_a-signal.o)
                0x0800b91a                _raise_r
 *fill*         0x0800b96a        0x2 
 .text.raise    0x0800b96c       0x10 C:/ST/STM32CubeIDE_2.0.0/STM32CubeIDE/plugins/com.st.stm32cube.ide.mcu.externaltools.gnu-tools-for-stm32.13.3.rel1.win32_1.0.100.202509120712/tools/bin/../lib/gcc/arm-none-eabi/13.3.1/../../../../arm-none-eabi/lib/thumb/v7e-m+dp/hard\libc_nano.a(libc_a-signal.o)
                0x0800b96c                raise
 .text._kill_r  0x0800b97c       0x24 C:/ST/STM32CubeIDE_2.0.0/STM32CubeIDE/plugins/com.st.stm32cube.ide.mcu.externaltools.gnu-tools-for-stm32.13.3.rel1.win32_1.0.100.202509120712/tools/bin/../lib/gcc/arm-none-eabi/13.3.1/../../../../arm-none-eabi/lib/thumb/v7e-m+dp/hard\libc_nano.a(libc_a-signalr.o)
                0x0800b97c                _kill_r
 .text._getpid_r
                0x0800b9a0        0x4 C:/ST/STM32CubeIDE_2.0.0/STM32CubeIDE/plugins/com.st.stm32cube.ide.mcu.externaltools.gnu-tools-for-stm32.13.3.rel1.win32_1.0.100.202509120712/tools/bin/../lib/gcc/arm-none-eabi/13.3.1/../../../../arm-none-eabi/lib/thumb/v7e-m+dp/hard\libc_nano.a(libc_a-signalr.o)
                0x0800b9a0                _getpid_r
 .text._malloc_usable_size_r
                0x0800b9a4       0x10 C:/ST/STM32CubeIDE_2.0.0/STM32CubeIDE/plugins/com.st.stm32cube.ide.mcu.externaltools.gnu-tools-for-stm32.13.3.rel1.win32_1.0.100.202509120712/tools/bin/../lib/gcc/arm-none-eabi/13.3.1/../../../../arm-none-eabi/lib/thumb/v7e-m+dp/hard\libc_nano.a(libc_a-msizer.o)
                0x0800b9a4                _malloc_usable_size_r
 *(.glue_7)
 .glue_7        0x0800b9b4        0x0 linker stubs
 *(.glue_7t)
 .glue_7t       0x0800b9b4        0x0 linker stubs
 *(.eh_frame)
 .eh_frame      0x0800b9b4        0x0 C:/ST/STM32CubeIDE_2.0.0/STM32CubeIDE/plugins/com.st.stm32cube.ide.mcu.externaltools.gnu-tools-for-stm32.13.3.rel1.win32_1.0.100.202509120712/tools/bin/../lib/gcc/arm-none-eabi/13.3.1/thumb/v7e-m+dp/hard/crtbegin.o
 *(.init)
 .init          0x0800b9b4        0x4 C:/ST/STM32CubeIDE_2.0.0/STM32CubeIDE/plugins/com.st.stm32cube.ide.mcu.externaltools.gnu-tools-for-stm32.13.3.rel1.win32_1.0.100.202509120712/tools/bin/../lib/gcc/arm-none-eabi/13.3.1/thumb/v7e-m+dp/hard/crti.o
                0x0800b9b4                _init
 .init          0x0800b9b8        0x8 C:/ST/STM32CubeIDE_2.0.0/STM32CubeIDE/plugins/com.st.stm32cube.ide.mcu.externaltools.gnu-tools-for-stm32.13.3.rel1.win32_1.0.100.202509120712/tools/bin/../lib/gcc/arm-none-eabi/13.3.1/thumb/v7e-m+dp/hard/crtn.o
 *(.fini)
 .fini          0x0800b9c0        0x4 C:/ST/STM32CubeIDE_2.0.0/STM32CubeIDE/plugins/com.st.stm32cube.ide.mcu.externaltools.gnu-tools-for-stm32.13.3.rel1.win32_1.0.100.202509120712/tools/bin/../lib/gcc/arm-none-eabi/13.3.1/thumb/v7e-m+dp/hard/crti.o
                0x0800b9c0                _fini
 .fini          0x0800b9c4        0x8 C:/ST/STM32CubeIDE_2.0.0/STM32CubeIDE/plugins/com.st.stm32cube.ide.mcu.externaltools.gnu-tools-for-stm32.13.3.rel1.win32_1.0.100.202509120712/tools/bin/../lib/gcc/arm-none-eabi/13.3.1/thumb/v7e-m+dp/hard/crtn.o
                0x0800b9cc                        . = ALIGN (0x4)
                0x0800b9cc                        _etext = .

.vfp11_veneer   0x0800b9cc        0x0
 .vfp11_veneer  0x0800b9cc        0x0 linker stubs

.v4_bx          0x0800b9cc        0x0
 .v4_bx         0x0800b9cc        0x0 linker stubs

.iplt           0x0800b9cc        0x0
 .iplt          0x0800b9cc        0x0 C:/ST/STM32CubeIDE_2.0.0/STM32CubeIDE/plugins/com.st.stm32cube.ide.mcu.externaltools.gnu-tools-for-stm32.13.3.rel1.win32_1.0.100.202509120712/tools/bin/../lib/gcc/arm-none-eabi/13.3.1/thumb/v7e-m+dp/hard/crtbegin.o

.rodata         0x0800b9cc      0xd34
                0x0800b9cc                        . = ALIGN (0x4)
 *(.rodata)
 *(.rodata*)
 .rodata.make_header.str1.4
                0x0800b9cc      0x6ef ./Core/Src/main.o
                                  0xb (size before relaxing)
 .rodata.Error_Handler.str1.4
                0x0800c0bb        0x0 ./Core/Src/main.o
                                  0xf (size before relaxing)
 .rodata.main.str1.4
                0x0800c0bb        0x0 ./Core/Src/main.o
                                 0x22 (size before relaxing)
 .rodata.mount_sd_card.str1.4
                0x0800c0bb        0x0 ./Core/Src/sdcard.o
                                 0x27 (size before relaxing)
 .rodata.SD_WriteData.str1.4
                0x0800c0bb        0x0 ./Core/Src/sdcard.o
                                 0x4e (size before relaxing)
 .rodata.SD_GetCapacity.str1.4
                0x0800c0bb        0x0 ./Core/Src/sdcard.o
                                 0x39 (size before relaxing)
 .rodata.CreateFolders.str1.4
                0x0800c0bb        0x0 ./Core/Src/sdcard.o
                                 0xc2 (size before relaxing)
 .rodata.GetFilename_CreateFolders.str1.4
                0x0800c0bb        0x0 ./Core/Src/sdcard.o
                                 0x52 (size before relaxing)
 .rodata.SD_OpenFile.str1.4
                0x0800c0bb        0x0 ./Core/Src/sdcard.o
                                 0x20 (size before relaxing)
 .rodata.DeleteFolder.str1.4
                0x0800c0bb        0x0 ./Core/Src/sdcard.o
                                 0x6c (size before relaxing)
 .rodata.CleanupEmptyParentFolders.str1.4
                0x0800c0bb        0x0 ./Core/Src/sdcard.o
                                 0xfb (size before relaxing)
 .rodata.DeleteOldestFolder.str1.4
                0x0800c0bb        0x0 ./Core/Src/sdcard.o
                                0x216 (size before relaxing)
 .rodata.start_saving.str1.4
                0x0800c0bb        0x0 ./Core/Src/sdcard.o
                                0x121 (size before relaxing)
 *fill*         0x0800c0bb        0x1 
 .rodata.D1CorePrescTable
                0x0800c0bc       0x10 ./Core/Src/system_stm32h7xx.o
                0x0800c0bc                D1CorePrescTable
 .rodata.SD_Driver
                0x0800c0cc       0x14 ./FATFS/Target/sd_diskio.o
                0x0800c0cc                SD_Driver
 .rodata.check_fs.str1.4
                0x0800c0e0        0x0 ./Middlewares/Third_Party/FatFs/src/ff.o
                                  0xc (size before relaxing)
 .rodata.create_name.str1.4
                0x0800c0e0        0x0 ./Middlewares/Third_Party/FatFs/src/ff.o
                                 0x13 (size before relaxing)
 .rodata.LfnOfs
                0x0800c0e0        0xd ./Middlewares/Third_Party/FatFs/src/ff.o
 *fill*         0x0800c0ed        0x3 
 .rodata.ExCvt  0x0800c0f0       0x80 ./Middlewares/Third_Party/FatFs/src/ff.o
 .rodata.cvt2.0
                0x0800c170       0xbc ./Middlewares/Third_Party/FatFs/src/option/ccsbcs.o
 .rodata.cvt1.1
                0x0800c22c      0x1f2 ./Middlewares/Third_Party/FatFs/src/option/ccsbcs.o
 *fill*         0x0800c41e        0x2 
 .rodata.Tbl    0x0800c420      0x100 ./Middlewares/Third_Party/FatFs/src/option/ccsbcs.o
 .rodata.srand.str1.1
                0x0800c520       0xde C:/ST/STM32CubeIDE_2.0.0/STM32CubeIDE/plugins/com.st.stm32cube.ide.mcu.externaltools.gnu-tools-for-stm32.13.3.rel1.win32_1.0.100.202509120712/tools/bin/../lib/gcc/arm-none-eabi/13.3.1/../../../../arm-none-eabi/lib/thumb/v7e-m+dp/hard\libc_nano.a(libc_a-rand.o)
                                 0x6f (size before relaxing)
 .rodata._ctype_
                0x0800c5fe      0x101 C:/ST/STM32CubeIDE_2.0.0/STM32CubeIDE/plugins/com.st.stm32cube.ide.mcu.externaltools.gnu-tools-for-stm32.13.3.rel1.win32_1.0.100.202509120712/tools/bin/../lib/gcc/arm-none-eabi/13.3.1/../../../../arm-none-eabi/lib/thumb/v7e-m+dp/hard\libc_nano.a(libc_a-ctype_.o)
                0x0800c5fe                _ctype_
 .rodata.__assert_func.str1.1
                0x0800c6ff        0x0 C:/ST/STM32CubeIDE_2.0.0/STM32CubeIDE/plugins/com.st.stm32cube.ide.mcu.externaltools.gnu-tools-for-stm32.13.3.rel1.win32_1.0.100.202509120712/tools/bin/../lib/gcc/arm-none-eabi/13.3.1/../../../../arm-none-eabi/lib/thumb/v7e-m+dp/hard\libc_nano.a(libc_a-assert.o)
                                 0x3d (size before relaxing)
 .rodata._svfprintf_r.str1.1
                0x0800c6ff        0x0 C:/ST/STM32CubeIDE_2.0.0/STM32CubeIDE/plugins/com.st.stm32cube.ide.mcu.externaltools.gnu-tools-for-stm32.13.3.rel1.win32_1.0.100.202509120712/tools/bin/../lib/gcc/arm-none-eabi/13.3.1/../../../../arm-none-eabi/lib/thumb/v7e-m+dp/hard\libc_nano.a(libc_a-nano-svfprintf.o)
                                 0x11 (size before relaxing)
 .rodata._vfprintf_r.str1.1
                0x0800c6ff        0x0 C:/ST/STM32CubeIDE_2.0.0/STM32CubeIDE/plugins/com.st.stm32cube.ide.mcu.externaltools.gnu-tools-for-stm32.13.3.rel1.win32_1.0.100.202509120712/tools/bin/../lib/gcc/arm-none-eabi/13.3.1/../../../../arm-none-eabi/lib/thumb/v7e-m+dp/hard\libc_nano.a(libc_a-nano-vfprintf.o)
                                 0x11 (size before relaxing)
 .rodata._printf_i.str1.1
                0x0800c6ff        0x0 C:/ST/STM32CubeIDE_2.0.0/STM32CubeIDE/plugins/com.st.stm32cube.ide.mcu.externaltools.gnu-tools-for-stm32.13.3.rel1.win32_1.0.100.202509120712/tools/bin/../lib/gcc/arm-none-eabi/13.3.1/../../../../arm-none-eabi/lib/thumb/v7e-m+dp/hard\libc_nano.a(libc_a-nano-vfprintf_i.o)
                                 0x22 (size before relaxing)
                0x0800c700                        . = ALIGN (0x4)
 *fill*         0x0800c6ff        0x1 

.ARM.extab
 *(.ARM.extab* .gnu.linkonce.armextab.*)

.ARM            0x0800c700        0x8
                0x0800c700                        __exidx_start = .
 *(.ARM.exidx*)
 .ARM.exidx     0x0800c700        0x8 C:/ST/STM32CubeIDE_2.0.0/STM32CubeIDE/plugins/com.st.stm32cube.ide.mcu.externaltools.gnu-tools-for-stm32.13.3.rel1.win32_1.0.100.202509120712/tools/bin/../lib/gcc/arm-none-eabi/13.3.1/../../../../arm-none-eabi/lib/thumb/v7e-m+dp/hard\libc_nano.a(libc_a-memchr.o)
 .ARM.exidx     0x0800c708        0x0 C:/ST/STM32CubeIDE_2.0.0/STM32CubeIDE/plugins/com.st.stm32cube.ide.mcu.externaltools.gnu-tools-for-stm32.13.3.rel1.win32_1.0.100.202509120712/tools/bin/../lib/gcc/arm-none-eabi/13.3.1/thumb/v7e-m+dp/hard\libgcc.a(_udivmoddi4.o)
                                  0x8 (size before relaxing)
                0x0800c708                        __exidx_end = .

.preinit_array  0x0800c708        0x0
                0x0800c708                        PROVIDE (__preinit_array_start = .)
 *(.preinit_array*)
                0x0800c708                        PROVIDE (__preinit_array_end = .)

.init_array     0x0800c708        0x4
                0x0800c708                        PROVIDE (__init_array_start = .)
 *(SORT_BY_NAME(.init_array.*))
 *(.init_array*)
 .init_array    0x0800c708        0x4 C:/ST/STM32CubeIDE_2.0.0/STM32CubeIDE/plugins/com.st.stm32cube.ide.mcu.externaltools.gnu-tools-for-stm32.13.3.rel1.win32_1.0.100.202509120712/tools/bin/../lib/gcc/arm-none-eabi/13.3.1/thumb/v7e-m+dp/hard/crtbegin.o
                0x0800c70c                        PROVIDE (__init_array_end = .)

.fini_array     0x0800c70c        0x4
                [!provide]                        PROVIDE (__fini_array_start = .)
 *(SORT_BY_NAME(.fini_array.*))
 *(.fini_array*)
 .fini_array    0x0800c70c        0x4 C:/ST/STM32CubeIDE_2.0.0/STM32CubeIDE/plugins/com.st.stm32cube.ide.mcu.externaltools.gnu-tools-for-stm32.13.3.rel1.win32_1.0.100.202509120712/tools/bin/../lib/gcc/arm-none-eabi/13.3.1/thumb/v7e-m+dp/hard/crtbegin.o
                [!provide]                        PROVIDE (__fini_array_end = .)
                0x0800c710                        _sidata = LOADADDR (.data)

.rel.dyn        0x0800c710        0x0
 .rel.iplt      0x0800c710        0x0 C:/ST/STM32CubeIDE_2.0.0/STM32CubeIDE/plugins/com.st.stm32cube.ide.mcu.externaltools.gnu-tools-for-stm32.13.3.rel1.win32_1.0.100.202509120712/tools/bin/../lib/gcc/arm-none-eabi/13.3.1/thumb/v7e-m+dp/hard/crtbegin.o

.data           0x20000000       0x74 load address 0x0800c710
                0x20000000                        . = ALIGN (0x4)
                0x20000000                        _sdata = .
 *(.data)
 *(.data*)
 .data.get_prpd_data_complete_flag
                0x20000000        0x1 ./Core/Src/main.o
                0x20000000                get_prpd_data_complete_flag
 .data.prpd_write_complete_flag
                0x20000001        0x1 ./Core/Src/sdcard.o
                0x20000001                prpd_write_complete_flag
 *fill*         0x20000002        0x2 
 .data.SystemD2Clock
                0x20000004        0x4 ./Core/Src/system_stm32h7xx.o
                0x20000004                SystemD2Clock
 .data.SystemCoreClock
                0x20000008        0x4 ./Core/Src/system_stm32h7xx.o
                0x20000008                SystemCoreClock
 .data.uwTickFreq
                0x2000000c        0x1 ./Drivers/STM32H7xx_HAL_Driver/Src/stm32h7xx_hal.o
                0x2000000c                uwTickFreq
 *fill*         0x2000000d        0x3 
 .data.uwTickPrio