Archive member included to satisfy reference by file (symbol)

C:/ST/STM32CubeIDE_2.0.0/STM32CubeIDE/plugins/com.st.stm32cube.ide.mcu.externaltools.gnu-tools-for-stm32.13.3.rel1.win32_1.0.100.202509120712/tools/bin/../lib/gcc/arm-none-eabi/13.3.1/../../../../arm-none-eabi/lib/thumb/v7e-m+dp/hard\libc_nano.a(libc_a-exit.o)
                              C:/ST/STM32CubeIDE_2.0.0/STM32CubeIDE/plugins/com.st.stm32cube.ide.mcu.externaltools.gnu-tools-for-stm32.13.3.rel1.win32_1.0.100.202509120712/tools/bin/../lib/gcc/arm-none-eabi/13.3.1/../../../../arm-none-eabi/lib/thumb/v7e-m+dp/hard/crt0.o (exit)
C:/ST/STM32CubeIDE_2.0.0/STM32CubeIDE/plugins/com.st.stm32cube.ide.mcu.externaltools.gnu-tools-for-stm32.13.3.rel1.win32_1.0.100.202509120712/tools/bin/../lib/gcc/arm-none-eabi/13.3.1/../../../../arm-none-eabi/lib/thumb/v7e-m+dp/hard\libc_nano.a(libc_a-strtoull.o)
                              ./Core/Src/sdcard.o (strtoull)
C:/ST/STM32CubeIDE_2.0.0/STM32CubeIDE/plugins/com.st.stm32cube.ide.mcu.externaltools.gnu-tools-for-stm32.13.3.rel1.win32_1.0.100.202509120712/tools/bin/../lib/gcc/arm-none-eabi/13.3.1/../../../../arm-none-eabi/lib/thumb/v7e-m+dp/hard\libc_nano.a(libc_a-ctype_.o)
                              C:/ST/STM32CubeIDE_2.0.0/STM32CubeIDE/plugins/com.st.stm32cube.ide.mcu.externaltools.gnu-tools-for-stm32.13.3.rel1.win32_1.0.100.202509120712/tools/bin/../lib/gcc/arm-none-eabi/13.3.1/../../../../arm-none-eabi/lib/thumb/v7e-m+dp/hard\libc_nano.a(libc_a-strtoull.o) (_ctype_)
C:/ST/STM32CubeIDE_2.0.0/STM32CubeIDE/plugins/com.st.stm32cube.ide.mcu.externaltools.gnu-tools-for-stm32.13.3.rel1.win32_1.0.100.202509120712/tools/bin/../lib/gcc/arm-none-eabi/13.3.1/../../../../arm-none-eabi/lib/thumb/v7e-m+dp/hard\libc_nano.a(libc_a-findfp.o)
                              C:/ST/STM32CubeIDE_2.0.0/STM32CubeIDE/plugins/com.st.stm32cube.ide.mcu.externaltools.gnu-tools-for-stm32.13.3.rel1.win32_1.0.100.202509120712/tools/bin/../lib/gcc/arm-none-eabi/13.3.1/../../../../arm-none-eabi/lib/thumb/v7e-m+dp/hard\libc_nano.a(libc_a-exit.o) (__stdio_exit_handler)
C:/ST/STM32CubeIDE_2.0.0/STM32CubeIDE/plugins/com.st.stm32cube.ide.mcu.externaltools.gnu-tools-for-stm32.13.3.rel1.win32_1.0.100.202509120712/tools/bin/../lib/gcc/arm-none-eabi/13.3.1/../../../../arm-none-eabi/lib/thumb/v7e-m+dp/hard\libc_nano.a(libc_a-fwalk.o)
                              C:/ST/STM32CubeIDE_2.0.0/STM32CubeIDE/plugins/com.st.stm32cube.ide.mcu.externaltools.gnu-tools-for-stm32.13.3.rel1.win32_1.0.100.202509120712/tools/bin/../lib/gcc/arm-none-eabi/13.3.1/../../../../arm-none-eabi/lib/thumb/v7e-m+dp/hard\libc_nano.a(libc_a-findfp.o) (_fwalk_sglue)
C:/ST/STM32CubeIDE_2.0.0/STM32CubeIDE/plugins/com.st.stm32cube.ide.mcu.externaltools.gnu-tools-for-stm32.13.3.rel1.win32_1.0.100.202509120712/tools/bin/../lib/gcc/arm-none-eabi/13.3.1/../../../../arm-none-eabi/lib/thumb/v7e-m+dp/hard\libc_nano.a(libc_a-printf.o)
                              ./Core/Src/main.o (printf)
C:/ST/STM32CubeIDE_2.0.0/STM32CubeIDE/plugins/com.st.stm32cube.ide.mcu.externaltools.gnu-tools-for-stm32.13.3.rel1.win32_1.0.100.202509120712/tools/bin/../lib/gcc/arm-none-eabi/13.3.1/../../../../arm-none-eabi/lib/thumb/v7e-m+dp/hard\libc_nano.a(libc_a-puts.o)
                              ./Core/Src/main.o (puts)
C:/ST/STM32CubeIDE_2.0.0/STM32CubeIDE/plugins/com.st.stm32cube.ide.mcu.externaltools.gnu-tools-for-stm32.13.3.rel1.win32_1.0.100.202509120712/tools/bin/../lib/gcc/arm-none-eabi/13.3.1/../../../../arm-none-eabi/lib/thumb/v7e-m+dp/hard\libc_nano.a(libc_a-snprintf.o)
                              ./Core/Src/sdcard.o (snprintf)
C:/ST/STM32CubeIDE_2.0.0/STM32CubeIDE/plugins/com.st.stm32cube.ide.mcu.externaltools.gnu-tools-for-stm32.13.3.rel1.win32_1.0.100.202509120712/tools/bin/../lib/gcc/arm-none-eabi/13.3.1/../../../../arm-none-eabi/lib/thumb/v7e-m+dp/hard\libc_nano.a(libc_a-sprintf.o)
                              ./Core/Src/sdcard.o (sprintf)
C:/ST/STM32CubeIDE_2.0.0/STM32CubeIDE/plugins/com.st.stm32cube.ide.mcu.externaltools.gnu-tools-for-stm32.13.3.rel1.win32_1.0.100.202509120712/tools/bin/../lib/gcc/arm-none-eabi/13.3.1/../../../../arm-none-eabi/lib/thumb/v7e-m+dp/hard\libc_nano.a(libc_a-stdio.o)
                              C:/ST/STM32CubeIDE_2.0.0/STM32CubeIDE/plugins/com.st.stm32cube.ide.mcu.externaltools.gnu-tools-for-stm32.13.3.rel1.win32_1.0.100.202509120712/tools/bin/../lib/gcc/arm-none-eabi/13.3.1/../../../../arm-none-eabi/lib/thumb/v7e-m+dp/hard\libc_nano.a(libc_a-findfp.o) (__sread)
C:/ST/STM32CubeIDE_2.0.0/STM32CubeIDE/plugins/com.st.stm32cube.ide.mcu.externaltools.gnu-tools-for-stm32.13.3.rel1.win32_1.0.100.202509120712/tools/bin/../lib/gcc/arm-none-eabi/13.3.1/../../../../arm-none-eabi/lib/thumb/v7e-m+dp/hard\libc_nano.a(libc_a-wbuf.o)
[...]
Memory Configuration

Name             Origin             Length             Attributes
FLASH            0x08000000         0x00200000         xr
DTCMRAM          0x20000000         0x00020000         xrw
RAM_D1           0x24000000         0x00080000         xrw
RAM_D2           0x30000000         0x00048000         xrw
RAM_D3           0x38000000         0x00010000         xrw
ITCMRAM          0x00000000         0x00010000         xrw
*default*        0x00000000         0xffffffff

Linker script and memory map

LOAD C:/ST/STM32CubeIDE_2.0.0/STM32CubeIDE/plugins/com.st.stm32cube.ide.mcu.externaltools.gnu-tools-for-stm32.13.3.rel1.win32_1.0.100.202509120712/tools/bin/../lib/gcc/arm-none-eabi/13.3.1/thumb/v7e-m+dp/hard/crti.o
LOAD C:/ST/STM32CubeIDE_2.0.0/STM32CubeIDE/plugins/com.st.stm32cube.ide.mcu.externaltools.gnu-tools-for-stm32.13.3.rel1.win32_1.0.100.202509120712/tools/bin/../lib/gcc/arm-none-eabi/13.3.1/thumb/v7e-m+dp/hard/crtbegin.o
LOAD C:/ST/STM32CubeIDE_2.0.0/STM32CubeIDE/plugins/com.st.stm32cube.ide.mcu.externaltools.gnu-tools-for-stm32.13.3.rel1.win32_1.0.100.202509120712/tools/bin/../lib/gcc/arm-none-eabi/13.3.1/../../../../arm-none-eabi/lib/thumb/v7e-m+dp/hard/crt0.o
LOAD ./Core/Src/main.o
LOAD ./Core/Src/sdcard.o
LOAD ./Core/Src/stm32h7xx_hal_msp.o
LOAD ./Core/Src/stm32h7xx_hal_timebase_tim.o
LOAD ./Core/Src/stm32h7xx_it.o
LOAD ./Core/Src/syscalls.o
LOAD ./Core/Src/sysmem.o
LOAD ./Core/Src/system_stm32h7xx.o
LOAD ./Core/Startup/startup_stm32h743vitx.o
LOAD ./Drivers/STM32H7xx_HAL_Driver/Src/stm32h7xx_hal.o
LOAD ./Drivers/STM32H7xx_HAL_Driver/Src/stm32h7xx_hal_cortex.o
LOAD ./Drivers/STM32H7xx_HAL_Driver/Src/stm32h7xx_hal_dma.o
LOAD ./Drivers/STM32H7xx_HAL_Driver/Src/stm32h7xx_hal_dma_ex.o
LOAD ./Drivers/STM32H7xx_HAL_Driver/Src/stm32h7xx_hal_exti.o
LOAD ./Drivers/STM32H7xx_HAL_Driver/Src/stm32h7xx_hal_flash.o
LOAD ./Drivers/STM32H7xx_HAL_Driver/Src/stm32h7xx_hal_flash_ex.o
LOAD ./Drivers/STM32H7xx_HAL_Driver/Src/stm32h7xx_hal_gpio.o
LOAD ./Drivers/STM32H7xx_HAL_Driver/Src/stm32h7xx_hal_hsem.o
LOAD ./Drivers/STM32H7xx_HAL_Driver/Src/stm32h7xx_hal_i2c.o
LOAD ./Drivers/STM32H7xx_HAL_Driver/Src/stm32h7xx_hal_i2c_ex.o
LOAD ./Drivers/STM32H7xx_HAL_Driver/Src/stm32h7xx_hal_mdma.o
LOAD ./Drivers/STM32H7xx_HAL_Driver/Src/stm32h7xx_hal_mmc.o
LOAD ./Drivers/STM32H7xx_HAL_Driver/Src/stm32h7xx_hal_mmc_ex.o
LOAD ./Drivers/STM32H7xx_HAL_Driver/Src/stm32h7xx_hal_pwr.o
LOAD ./Drivers/STM32H7xx_HAL_Driver/Src/stm32h7xx_hal_pwr_ex.o
LOAD ./Drivers/STM32H7xx_HAL_Driver/Src/stm32h7xx_hal_rcc.o
LOAD ./Drivers/STM32H7xx_HAL_Driver/Src/stm32h7xx_hal_rcc_ex.o
LOAD ./Drivers/STM32H7xx_HAL_Driver/Src/stm32h7xx_hal_rtc.o
LOAD ./Drivers/STM32H7xx_HAL_Driver/Src/stm32h7xx_hal_rtc_ex.o
LOAD ./Drivers/STM32H7xx_HAL_Driver/Src/stm32h7xx_hal_sd.o
LOAD ./Drivers/STM32H7xx_HAL_Driver/Src/stm32h7xx_hal_sd_ex.o
LOAD ./Drivers/STM32H7xx_HAL_Driver/Src/stm32h7xx_hal_tim.o
LOAD ./Drivers/STM32H7xx_HAL_Driver/Src/stm32h7xx_hal_tim_ex.o
LOAD ./Drivers/STM32H7xx_HAL_Driver/Src/stm32h7xx_ll_delayblock.o
LOAD ./Drivers/STM32H7xx_HAL_Driver/Src/stm32h7xx_ll_sdmmc.o
LOAD ./FATFS/App/fatfs.o
LOAD ./FATFS/Target/bsp_driver_sd.o
LOAD ./FATFS/Target/fatfs_platform.o
LOAD ./FATFS/Target/sd_diskio.o
LOAD ./Middlewares/Third_Party/FatFs/src/diskio.o
LOAD ./Middlewares/Third_Party/FatFs/src/ff.o
LOAD ./Middlewares/Third_Party/FatFs/src/ff_gen_drv.o
LOAD ./Middlewares/Third_Party/FatFs/src/option/ccsbcs.o
LOAD ./Middlewares/Third_Party/FatFs/src/option/syscall.o
START GROUP
LOAD C:/ST/STM32CubeIDE_2.0.0/STM32CubeIDE/plugins/com.st.stm32cube.ide.mcu.externaltools.gnu-tools-for-stm32.13.3.rel1.win32_1.0.100.202509120712/tools/bin/../lib/gcc/arm-none-eabi/13.3.1/../../../../arm-none-eabi/lib/thumb/v7e-m+dp/hard\libc_nano.a
LOAD C:/ST/STM32CubeIDE_2.0.0/STM32CubeIDE/plugins/com.st.stm32cube.ide.mcu.externaltools.gnu-tools-for-stm32.13.3.rel1.win32_1.0.100.202509120712/tools/bin/../lib/gcc/arm-none-eabi/13.3.1/../../../../arm-none-eabi/lib/thumb/v7e-m+dp/hard\libm.a
END GROUP
START GROUP
LOAD C:/ST/STM32CubeIDE_2.0.0/STM32CubeIDE/plugins/com.st.stm32cube.ide.mcu.externaltools.gnu-tools-for-stm32.13.3.rel1.win32_1.0.100.202509120712/tools/bin/../lib/gcc/arm-none-eabi/13.3.1/thumb/v7e-m+dp/hard\libgcc.a
LOAD C:/ST/STM32CubeIDE_2.0.0/STM32CubeIDE/plugins/com.st.stm32cube.ide.mcu.externaltools.gnu-tools-for-stm32.13.3.rel1.win32_1.0.100.202509120712/tools/bin/../lib/gcc/arm-none-eabi/13.3.1/../../../../arm-none-eabi/lib/thumb/v7e-m+dp/hard\libc_nano.a
END GROUP
START GROUP
LOAD C:/ST/STM32CubeIDE_2.0.0/STM32CubeIDE/plugins/com.st.stm32cube.ide.mcu.externaltools.gnu-tools-for-stm32.13.3.rel1.win32_1.0.100.202509120712/tools/bin/../lib/gcc/arm-none-eabi/13.3.1/thumb/v7e-m+dp/hard\libgcc.a
LOAD C:/ST/STM32CubeIDE_2.0.0/STM32CubeIDE/plugins/com.st.stm32cube.ide.mcu.externaltools.gnu-tools-for-stm32.13.3.rel1.win32_1.0.100.202509120712/tools/bin/../lib/gcc/arm-none-eabi/13.3.1/../../../../arm-none-eabi/lib/thumb/v7e-m+dp/hard\libc_nano.a
LOAD C:/ST/STM32CubeIDE_2.0.0/STM32CubeIDE/plugins/com.st.stm32cube.ide.mcu.externaltools.gnu-tools-for-stm32.13.3.rel1.win32_1.0.100.202509120712/tools/bin/../lib/gcc/arm-none-eabi/13.3.1/../../../../arm-none-eabi/lib/thumb/v7e-m+dp/hard\libnosys.a
END GROUP
START GROUP
LOAD C:/ST/STM32CubeIDE_2.0.0/STM32CubeIDE/plugins/com.st.stm32cube.ide.mcu.externaltools.gnu-tools-for-stm32.13.3.rel1.win32_1.0.100.202509120712/tools/bin/../lib/gcc/arm-none-eabi/13.3.1/thumb/v7e-m+dp/hard\libgcc.a
LOAD C:/ST/STM32CubeIDE_2.0.0/STM32CubeIDE/plugins/com.st.stm32cube.ide.mcu.externaltools.gnu-tools-for-stm32.13.3.rel1.win32_1.0.100.202509120712/tools/bin/../lib/gcc/arm-none-eabi/13.3.1/../../../../arm-none-eabi/lib/thumb/v7e-m+dp/hard\libc_nano.a
LOAD C:/ST/STM32CubeIDE_2.0.0/STM32CubeIDE/plugins/com.st.stm32cube.ide.mcu.externaltools.gnu-tools-for-stm32.13.3.rel1.win32_1.0.100.202509120712/tools/bin/../lib/gcc/arm-none-eabi/13.3.1/../../../../arm-none-eabi/lib/thumb/v7e-m+dp/hard\libnosys.a
END GROUP
LOAD C:/ST/STM32CubeIDE_2.0.0/STM32CubeIDE/plugins/com.st.stm32cube.ide.mcu.externaltools.gnu-tools-for-stm32.13.3.rel1.win32_1.0.100.202509120712/tools/bin/../lib/gcc/arm-none-eabi/13.3.1/thumb/v7e-m+dp/hard/crtend.o
LOAD C:/ST/STM32CubeIDE_2.0.0/STM32CubeIDE/plugins/com.st.stm32cube.ide.mcu.externaltools.gnu-tools-for-stm32.13.3.rel1.win32_1.0.100.202509120712/tools/bin/../lib/gcc/arm-none-eabi/13.3.1/thumb/v7e-m+dp/hard/crtn.o
                0x20020000                        _estack = (ORIGIN (DTCMRAM) + LENGTH (DTCMRAM))
                0x00004000                        _Min_Heap_Size = 0x4000
                0x00004000                        _Min_Stack_Size = 0x4000

.isr_vector     0x08000000      0x298
                0x08000000                        . = ALIGN (0x4)
 *(.isr_vector)
 .isr_vector    0x08000000      0x298 ./Core/Startup/startup_stm32h743vitx.o
                0x08000000                g_pfnVectors
                0x08000298                        . = ALIGN (0x4)

.text           0x080002a0     0xa420
                0x080002a0                        . = ALIGN (0x4)
 *(.text)
 .text          0x080002a0       0x40 C:/ST/STM32CubeIDE_2.0.0/STM32CubeIDE/plugins/com.st.stm32cube.ide.mcu.externaltools.gnu-tools-for-stm32.13.3.rel1.win32_1.0.100.202509120712/tools/bin/../lib/gcc/arm-none-eabi/13.3.1/thumb/v7e-m+dp/hard/crtbegin.o
 .text          0x080002e0       0xa0 C:/ST/STM32CubeIDE_2.0.0/STM32CubeIDE/plugins/com.st.stm32cube.ide.mcu.externaltools.gnu-tools-for-stm32.13.3.rel1.win32_1.0.100.202509120712/tools/bin/../lib/gcc/arm-none-eabi/13.3.1/../../../../arm-none-eabi/lib/thumb/v7e-m+dp/hard\libc_nano.a(libc_a-memchr.o)
                0x080002e0                memchr
 .text          0x08000380       0x30 C:/ST/STM32CubeIDE_2.0.0/STM32CubeIDE/plugins/com.st.stm32cube.ide.mcu.externaltools.gnu-tools-for-stm32.13.3.rel1.win32_1.0.100.202509120712/tools/bin/../lib/gcc/arm-none-eabi/13.3.1/thumb/v7e-m+dp/hard\libgcc.a(_aeabi_uldivmod.o)
                0x08000380                __aeabi_uldivmod
 .text          0x080003b0      0x2f8 C:/ST/STM32CubeIDE_2.0.0/STM32CubeIDE/plugins/com.st.stm32cube.ide.mcu.externaltools.gnu-tools-for-stm32.13.3.rel1.win32_1.0.100.202509120712/tools/bin/../lib/gcc/arm-none-eabi/13.3.1/thumb/v7e-m+dp/hard\libgcc.a(_udivmoddi4.o)
                0x080003b0                __udivmoddi4
 .text          0x080006a8        0x4 C:/ST/STM32CubeIDE_2.0.0/STM32CubeIDE/plugins/com.st.stm32cube.ide.mcu.externaltools.gnu-tools-for-stm32.13.3.rel1.win32_1.0.100.202509120712/tools/bin/../lib/gcc/arm-none-eabi/13.3.1/thumb/v7e-m+dp/hard\libgcc.a(_dvmd_tls.o)
                0x080006a8                __aeabi_idiv0
                0x080006a8                __aeabi_ldiv0
 *(.text*)
 .text.ITM_SendChar
                0x080006ac       0x34 ./Core/Src/main.o
 .text.MPU_Config
                0x080006e0       0xf0 ./Core/Src/main.o
 .text.MX_GPIO_Init
                0x080007d0      0x220 ./Core/Src/main.o
 .text._write   0x080009f0       0x1c ./Core/Src/main.o
                0x080009f0                _write
 .text.HAL_TIM_PeriodElapsedCallback
                0x08000a0c       0x18 ./Core/Src/main.o
                0x08000a0c                HAL_TIM_PeriodElapsedCallback
 .text.make_header
                0x08000a24      0x120 ./Core/Src/main.o
                0x08000a24                make_header
 .text.Error_Handler
                0x08000b44       0x18 ./Core/Src/main.o
                0x08000b44                Error_Handler
 .text.MX_RTC_Init
                0x08000b5c       0xc0 ./Core/Src/main.o
 .text.MX_SDMMC1_SD_Init
                0x08000c1c       0x30 ./Core/Src/main.o
 .text.SystemClock_Config
                0x08000c4c       0xdc ./Core/Src/main.o
                0x08000c4c                SystemClock_Config
 .text.main     0x08000d28      0x26c ./Core/Src/main.o
                0x08000d28                main
 .text.mount_sd_card
                0x08000f94       0x4c ./Core/Src/sdcard.o
                0x08000f94                mount_sd_card
 .text.SD_WriteData
                0x08000fe0       0x70 ./Core/Src/sdcard.o
                0x08000fe0                SD_WriteData
 .text.SD_GetCapacity
                0x08001050       0x5c ./Core/Src/sdcard.o
                0x08001050                SD_GetCapacity
 .text.ExtractTimestamp
                0x080010ac       0x50 ./Core/Src/sdcard.o
                0x080010ac                ExtractTimestamp
 .text.CreateFolders
                0x080010fc       0xec ./Core/Src/sdcard.o
                0x080010fc                CreateFolders
 .text.GetFilename_CreateFolders
                0x080011e8       0xf0 ./Core/Src/sdcard.o
                0x080011e8                GetFilename_CreateFolders
 .text.SD_OpenFile
                0x080012d8       0x44 ./Core/Src/sdcard.o
                0x080012d8                SD_OpenFile
 .text.FindOldestSubfolder
                0x0800131c       0x74 ./Core/Src/sdcard.o
                0x0800131c                FindOldestSubfolder
 .text.DeleteFolder
                0x08001390       0xb8 ./Core/Src/sdcard.o
                0x08001390                DeleteFolder
 .text.CountItemsInFolder
                0x08001448       0x36 ./Core/Src/sdcard.o
                0x08001448                CountItemsInFolder
 *fill*         0x0800147e        0x2 
 .text.CleanupEmptyParentFolders
                0x08001480       0x68 ./Core/Src/sdcard.o
                0x08001480                CleanupEmptyParentFolders
 .text.DeleteOldestMinFolder
                0x080014e8      0x1a4 ./Core/Src/sdcard.o
                0x080014e8                DeleteOldestMinFolder
 .text.make_prpd_zip_temp_buf
                0x0800168c       0x38 ./Core/Src/sdcard.o
                0x0800168c                make_prpd_zip_temp_buf
 .text.Zip_PRPD
                0x080016c4       0xc8 ./Core/Src/sdcard.o
                0x080016c4                Zip_PRPD
 .text.save_file_to_sdcard
                0x0800178c      0x214 ./Core/Src/sdcard.o
                0x0800178c                save_file_to_sdcard
 .text.SD_ForceReset
                0x080019a0       0x64 ./Core/Src/sdcard.o
                0x080019a0                SD_ForceReset
 .text.check_sd_card_present
                0x08001a04       0x2c ./Core/Src/sdcard.o
                0x08001a04                check_sd_card_present
 .text.HAL_MspInit
                0x08001a30       0x24 ./Core/Src/stm32h7xx_hal_msp.o
                0x08001a30                HAL_MspInit
 .text.HAL_RTC_MspInit
                0x08001a54       0x60 ./Core/Src/stm32h7xx_hal_msp.o
                0x08001a54                HAL_RTC_MspInit
 .text.HAL_SD_MspInit
                0x08001ab4       0xe0 ./Core/Src/stm32h7xx_hal_msp.o
                0x08001ab4                HAL_SD_MspInit
 .text.HAL_SD_MspDeInit
                0x08001b94       0x44 ./Core/Src/stm32h7xx_hal_msp.o
                0x08001b94                HAL_SD_MspDeInit
 .text.HAL_InitTick
                0x08001bd8       0x9c ./Core/Src/stm32h7xx_hal_timebase_tim.o
                0x08001bd8                HAL_InitTick
 .text.NMI_Handler
                0x08001c74       0x14 ./Core/Src/stm32h7xx_it.o
                0x08001c74                NMI_Handler
 .text.HardFault_Handler
                0x08001c88       0x14 ./Core/Src/stm32h7xx_it.o
                0x08001c88                HardFault_Handler
 .text.MemManage_Handler
                0x08001c9c       0x14 ./Core/Src/stm32h7xx_it.o
                0x08001c9c                MemManage_Handler
 .text.BusFault_Handler
                0x08001cb0       0x14 ./Core/Src/stm32h7xx_it.o
                0x08001cb0                BusFault_Handler
 .text.UsageFault_Handler
                0x08001cc4       0x14 ./Core/Src/stm32h7xx_it.o
                0x08001cc4                UsageFault_Handler
 .text.SVC_Handler
                0x08001cd8        0x2 ./Core/Src/stm32h7xx_it.o
                0x08001cd8                SVC_Handler
 .text.DebugMon_Handler
                0x08001cda        0x2 ./Core/Src/stm32h7xx_it.o
                0x08001cda                DebugMon_Handler
 .text.PendSV_Handler
                0x08001cdc        0x2 ./Core/Src/stm32h7xx_it.o
                0x08001cdc                PendSV_Handler
 .text.SysTick_Handler
                0x08001cde        0x2 ./Core/Src/stm32h7xx_it.o
                0x08001cde                SysTick_Handler
 .text.RTC_WKUP_IRQHandler
                0x08001ce0       0x10 ./Core/Src/stm32h7xx_it.o
                0x08001ce0                RTC_WKUP_IRQHandler
 .text.EXTI3_IRQHandler
                0x08001cf0        0xa ./Core/Src/stm32h7xx_it.o
                0x08001cf0                EXTI3_IRQHandler
 .text.EXTI15_10_IRQHandler
                0x08001cfa        0xc ./Core/Src/stm32h7xx_it.o
                0x08001cfa                EXTI15_10_IRQHandler
 *fill*         0x08001d06        0x2 
 .text.SDMMC1_IRQHandler
                0x08001d08       0x10 ./Core/Src/stm32h7xx_it.o
                0x08001d08                SDMMC1_IRQHandler
 .text.TIM6_DAC_IRQHandler
                0x08001d18       0x10 ./Core/Src/stm32h7xx_it.o
                0x08001d18                TIM6_DAC_IRQHandler
 .text._read    0x08001d28       0x20 ./Core/Src/syscalls.o
                0x08001d28                _read
 .text._close   0x08001d48        0x6 ./Core/Src/syscalls.o
                0x08001d48                _close
 .text._fstat   0x08001d4e        0xa ./Core/Src/syscalls.o
                0x08001d4e                _fstat
 .text._isatty  0x08001d58        0x4 ./Core/Src/syscalls.o
                0x08001d58                _isatty
 .text._lseek   0x08001d5c        0x4 ./Core/Src/syscalls.o
                0x08001d5c                _lseek
 .text._sbrk    0x08001d60       0x48 ./Core/Src/sysmem.o
                0x08001d60                _sbrk
 .text.SystemInit
                0x08001da8       0xf0 ./Core/Src/system_stm32h7xx.o
                0x08001da8                SystemInit
 .text.ExitRun0Mode
                0x08001e98       0x1c ./Core/Src/system_stm32h7xx.o
                0x08001e98                ExitRun0Mode
 .text.Reset_Handler
                0x08001eb4       0x54 ./Core/Startup/startup_stm32h743vitx.o
                0x08001eb4                Reset_Handler
 .text.Default_Handler
                0x08001f08        0x2 ./Core/Startup/startup_stm32h743vitx.o
                0x08001f08                RTC_Alarm_IRQHandler
                0x08001f08                EXTI2_IRQHandler
                0x08001f08                TIM8_CC_IRQHandler
                0x08001f08                HRTIM1_Master_IRQHandler
                0x08001f08                UART8_IRQHandler
                0x08001f08                SPI4_IRQHandler
                0x08001f08                TIM1_CC_IRQHandler
                0x08001f08                BDMA_Channel6_IRQHandler
                0x08001f08                DMA2_Stream5_IRQHandler
                0x08001f08                HRTIM1_FLT_IRQHandler
                0x08001f08                JPEG_IRQHandler
                0x08001f08                DMA1_Stream5_IRQHandler
                0x08001f08                BDMA_Channel1_IRQHandler
                0x08001f08                HRTIM1_TIMD_IRQHandler
                0x08001f08                TAMP_STAMP_IRQHandler
                0x08001f08                LPTIM4_IRQHandler
                0x08001f08                TIM8_TRG_COM_TIM14_IRQHandler
                0x08001f08                LPTIM2_IRQHandler
                0x08001f08                DFSDM1_FLT1_IRQHandler
                0x08001f08                DMAMUX2_OVR_IRQHandler
                0x08001f08                TIM8_UP_TIM13_IRQHandler
                0x08001f08                I2C3_ER_IRQHandler
                0x08001f08                DFSDM1_FLT2_IRQHandler
                0x08001f08                MDMA_IRQHandler
                0x08001f08                LPTIM3_IRQHandler
                0x08001f08                HSEM1_IRQHandler
                0x08001f08                EXTI0_IRQHandler
                0x08001f08                I2C2_EV_IRQHandler
                0x08001f08                DMA1_Stream2_IRQHandler
                0x08001f08                FPU_IRQHandler
                0x08001f08                OTG_HS_WKUP_IRQHandler
                0x08001f08                FDCAN1_IT1_IRQHandler
                0x08001f08                LTDC_ER_IRQHandler
                0x08001f08                DMA2_Stream2_IRQHandler
                0x08001f08                HRTIM1_TIME_IRQHandler
                0x08001f08                SPI1_IRQHandler
                0x08001f08                DCMI_IRQHandler
                0x08001f08                HRTIM1_TIMC_IRQHandler
                0x08001f08                DMA2_Stream3_IRQHandler
                0x08001f08                SAI2_IRQHandler
                0x08001f08                DFSDM1_FLT3_IRQHandler
                0x08001f08                USART6_IRQHandler
                0x08001f08                TIM17_IRQHandler
                0x08001f08                USART3_IRQHandler
                0x08001f08                BDMA_Channel7_IRQHandler
                0x08001f08                LPTIM5_IRQHandler
                0x08001f08                UART5_IRQHandler
                0x08001f08                ADC3_IRQHandler
                0x08001f08                DMA2_Stream0_IRQHandler
                0x08001f08                TIM4_IRQHandler
                0x08001f08                BDMA_Channel2_IRQHandler
                0x08001f08                QUADSPI_IRQHandler
                0x08001f08                I2C1_EV_IRQHandler
                0x08001f08                DMA1_Stream6_IRQHandler
                0x08001f08                DMAMUX1_OVR_IRQHandler
                0x08001f08                DMA1_Stream1_IRQHandler
                0x08001f08                TIM16_IRQHandler
                0x08001f08                UART4_IRQHandler
                0x08001f08                BDMA_Channel5_IRQHandler
                0x08001f08                TIM3_IRQHandler
                0x08001f08                RCC_IRQHandler
                0x08001f08                TIM8_BRK_TIM12_IRQHandler
                0x08001f08                TIM1_TRG_COM_IRQHandler
                0x08001f08                Default_Handler
                0x08001f08                ECC_IRQHandler
                0x08001f08                CEC_IRQHandler
                0x08001f08                BDMA_Channel0_IRQHandler
                0x08001f08                ADC_IRQHandler
                0x08001f08                DMA1_Stream7_IRQHandler
                0x08001f08                HRTIM1_TIMA_IRQHandler
                0x08001f08                SPI5_IRQHandler
                0x08001f08                TIM7_IRQHandler
                0x08001f08                TIM5_IRQHandler
                0x08001f08                DMA2_Stream7_IRQHandler
                0x08001f08                TIM15_IRQHandler
                0x08001f08                PVD_AVD_IRQHandler
                0x08001f08                I2C3_EV_IRQHandler
                0x08001f08                EXTI9_5_IRQHandler
                0x08001f08                LTDC_IRQHandler
                0x08001f08                SAI3_IRQHandler
                0x08001f08                ETH_WKUP_IRQHandler
                0x08001f08                SPDIF_RX_IRQHandler
                0x08001f08                SPI2_IRQHandler
                0x08001f08                OTG_HS_EP1_IN_IRQHandler
                0x08001f08                DMA1_Stream0_IRQHandler
                0x08001f08                CRS_IRQHandler
                0x08001f08                EXTI4_IRQHandler
                0x08001f08                RNG_IRQHandler
                0x08001f08                HRTIM1_TIMB_IRQHandler
                0x08001f08                FDCAN2_IT1_IRQHandler
                0x08001f08                ETH_IRQHandler
                0x08001f08                TIM1_UP_IRQHandler
                0x08001f08                BDMA_Channel4_IRQHandler
                0x08001f08                OTG_HS_EP1_OUT_IRQHandler
                0x08001f08                WWDG_IRQHandler
                0x08001f08                SPI6_IRQHandler
                0x08001f08                MDIOS_IRQHandler
                0x08001f08                I2C4_EV_IRQHandler
                0x08001f08                FDCAN2_IT0_IRQHandler
                0x08001f08                LPUART1_IRQHandler
                0x08001f08                FDCAN1_IT0_IRQHandler
                0x08001f08                TIM2_IRQHandler
                0x08001f08                OTG_FS_WKUP_IRQHandler
                0x08001f08                OTG_HS_IRQHandler
                0x08001f08                DMA2D_IRQHandler
                0x08001f08                TIM1_BRK_IRQHandler
                0x08001f08                EXTI1_IRQHandler
                0x08001f08                SDMMC2_IRQHandler
                0x08001f08                OTG_FS_EP1_OUT_IRQHandler
                0x08001f08                BDMA_Channel3_IRQHandler
                0x08001f08                UART7_IRQHandler
                0x08001f08                MDIOS_WKUP_IRQHandler
                0x08001f08                USART2_IRQHandler
                0x08001f08                DFSDM1_FLT0_IRQHandler
                0x08001f08                SAI4_IRQHandler
                0x08001f08                I2C2_ER_IRQHandler
                0x08001f08                DMA2_Stream1_IRQHandler
                0x08001f08                FLASH_IRQHandler
                0x08001f08                DMA2_Stream4_IRQHandler
                0x08001f08                USART1_IRQHandler
                0x08001f08                OTG_FS_IRQHandler
                0x08001f08                SPI3_IRQHandler
                0x08001f08                WAKEUP_PIN_IRQHandler
                0x08001f08                DMA1_Stream4_IRQHandler
                0x08001f08                OTG_FS_EP1_IN_IRQHandler
                0x08001f08                I2C1_ER_IRQHandler
                0x08001f08                FMC_IRQHandler
                0x08001f08                FDCAN_CAL_IRQHandler
                0x08001f08                SWPMI1_IRQHandler
                0x08001f08                COMP1_IRQHandler
                0x08001f08                LPTIM1_IRQHandler
                0x08001f08                I2C4_ER_IRQHandler
                0x08001f08                DMA2_Stream6_IRQHandler
                0x08001f08                SAI1_IRQHandler
                0x08001f08                DMA1_Stream3_IRQHandler
 *fill*         0x08001f0a        0x2 
 .text.HAL_Init
                0x08001f0c       0x5c ./Drivers/STM32H7xx_HAL_Driver/Src/stm32h7xx_hal.o
                0x08001f0c                HAL_Init
 .text.HAL_IncTick
                0x08001f68       0x18 ./Drivers/STM32H7xx_HAL_Driver/Src/stm32h7xx_hal.o
                0x08001f68                HAL_IncTick
 .text.HAL_GetTick
                0x08001f80        0xc ./Drivers/STM32H7xx_HAL_Driver/Src/stm32h7xx_hal.o
                0x08001f80                HAL_GetTick
 .text.HAL_Delay
                0x08001f8c       0x28 ./Drivers/STM32H7xx_HAL_Driver/Src/stm32h7xx_hal.o
                0x08001f8c                HAL_Delay
 .text.HAL_GetREVID
                0x08001fb4        0xc ./Drivers/STM32H7xx_HAL_Driver/Src/stm32h7xx_hal.o
                0x08001fb4                HAL_GetREVID
 .text.HAL_SYSCFG_AnalogSwitchConfig
                0x08001fc0       0x14 ./Drivers/STM32H7xx_HAL_Driver/Src/stm32h7xx_hal.o
                0x08001fc0                HAL_SYSCFG_AnalogSwitchConfig
 .text.__NVIC_EnableIRQ
                0x08001fd4       0x1c ./Drivers/STM32H7xx_HAL_Driver/Src/stm32h7xx_hal_cortex.o
 .text.__NVIC_DisableIRQ
                0x08001ff0       0x24 ./Drivers/STM32H7xx_HAL_Driver/Src/stm32h7xx_hal_cortex.o
 .text.__NVIC_SetPriority
                0x08002014       0x24 ./Drivers/STM32H7xx_HAL_Driver/Src/stm32h7xx_hal_cortex.o
 .text.NVIC_EncodePriority
                0x08002038       0x3e ./Drivers/STM32H7xx_HAL_Driver/Src/stm32h7xx_hal_cortex.o
 *fill*         0x08002076        0x2 
 .text.HAL_NVIC_SetPriorityGrouping
                0x08002078       0x24 ./Drivers/STM32H7xx_HAL_Driver/Src/stm32h7xx_hal_cortex.o
                0x08002078                HAL_NVIC_SetPriorityGrouping
 .text.HAL_NVIC_SetPriority
                0x0800209c       0x20 ./Drivers/STM32H7xx_HAL_Driver/Src/stm32h7xx_hal_cortex.o
                0x0800209c                HAL_NVIC_SetPriority
 .text.HAL_NVIC_EnableIRQ
                0x080020bc        0x8 ./Drivers/STM32H7xx_HAL_Driver/Src/stm32h7xx_hal_cortex.o
                0x080020bc                HAL_NVIC_EnableIRQ
 .text.HAL_NVIC_DisableIRQ
                0x080020c4        0x8 ./Drivers/STM32H7xx_HAL_Driver/Src/stm32h7xx_hal_cortex.o
                0x080020c4                HAL_NVIC_DisableIRQ
 .text.HAL_MPU_Disable
                0x080020cc       0x1c ./Drivers/STM32H7xx_HAL_Driver/Src/stm32h7xx_hal_cortex.o
                0x080020cc                HAL_MPU_Disable
 .text.HAL_MPU_Enable
                0x080020e8       0x20 ./Drivers/STM32H7xx_HAL_Driver/Src/stm32h7xx_hal_cortex.o
                0x080020e8                HAL_MPU_Enable
 .text.HAL_MPU_ConfigRegion
                0x08002108       0x58 ./Drivers/STM32H7xx_HAL_Driver/Src/stm32h7xx_hal_cortex.o
                0x08002108                HAL_MPU_ConfigRegion
 .text.HAL_GPIO_Init
                0x08002160      0x220 ./Drivers/STM32H7xx_HAL_Driver/Src/stm32h7xx_hal_gpio.o
                0x08002160                HAL_GPIO_Init
 .text.HAL_GPIO_DeInit
                0x08002380      0x150 ./Drivers/STM32H7xx_HAL_Driver/Src/stm32h7xx_hal_gpio.o
                0x08002380                HAL_GPIO_DeInit
 .text.HAL_GPIO_ReadPin
                0x080024d0        0xe ./Drivers/STM32H7xx_HAL_Driver/Src/stm32h7xx_hal_gpio.o
                0x080024d0                HAL_GPIO_ReadPin
 .text.HAL_GPIO_WritePin
                0x080024de        0xc ./Drivers/STM32H7xx_HAL_Driver/Src/stm32h7xx_hal_gpio.o
                0x080024de                HAL_GPIO_WritePin
 .text.HAL_GPIO_TogglePin
                0x080024ea       0x12 ./Drivers/STM32H7xx_HAL_Driver/Src/stm32h7xx_hal_gpio.o
                0x080024ea                HAL_GPIO_TogglePin
 .text.HAL_GPIO_EXTI_Callback
                0x080024fc        0x2 ./Drivers/STM32H7xx_HAL_Driver/Src/stm32h7xx_hal_gpio.o
                0x080024fc                HAL_GPIO_EXTI_Callback
 .text.HAL_GPIO_EXTI_IRQHandler
                0x080024fe       0x1e ./Drivers/STM32H7xx_HAL_Driver/Src/stm32h7xx_hal_gpio.o
                0x080024fe                HAL_GPIO_EXTI_IRQHandler
 .text.HAL_PWR_EnableBkUpAccess
                0x0800251c       0x10 ./Drivers/STM32H7xx_HAL_Driver/Src/stm32h7xx_hal_pwr.o
                0x0800251c                HAL_PWR_EnableBkUpAccess
 .text.HAL_PWREx_ConfigSupply
                0x0800252c       0x54 ./Drivers/STM32H7xx_HAL_Driver/Src/stm32h7xx_hal_pwr_ex.o
                0x0800252c                HAL_PWREx_ConfigSupply
 .text.HAL_PWREx_EnableBatteryCharging
                0x08002580       0x1c ./Drivers/STM32H7xx_HAL_Driver/Src/stm32h7xx_hal_pwr_ex.o
                0x08002580                HAL_PWREx_EnableBatteryCharging
 .text.HAL_RCC_OscConfig
                0x0800259c      0x6b0 ./Drivers/STM32H7xx_HAL_Driver/Src/stm32h7xx_hal_rcc.o
                0x0800259c                HAL_RCC_OscConfig
 .text.HAL_RCC_GetSysClockFreq
                0x08002c4c      0x1f8 ./Drivers/STM32H7xx_HAL_Driver/Src/stm32h7xx_hal_rcc.o
                0x08002c4c                HAL_RCC_GetSysClockFreq
 .text.HAL_RCC_ClockConfig
                0x08002e44      0x294 ./Drivers/STM32H7xx_HAL_Driver/Src/stm32h7xx_hal_rcc.o
                0x08002e44                HAL_RCC_ClockConfig
 .text.HAL_RCC_GetHCLKFreq
                0x080030d8       0x44 ./Drivers/STM32H7xx_HAL_Driver/Src/stm32h7xx_hal_rcc.o
                0x080030d8                HAL_RCC_GetHCLKFreq
 .text.HAL_RCC_GetPCLK1Freq
                0x0800311c       0x24 ./Drivers/STM32H7xx_HAL_Driver/Src/stm32h7xx_hal_rcc.o
                0x0800311c                HAL_RCC_GetPCLK1Freq
 .text.HAL_RCC_GetClockConfig
                0x08003140       0x54 ./Drivers/STM32H7xx_HAL_Driver/Src/stm32h7xx_hal_rcc.o
                0x08003140                HAL_RCC_GetClockConfig
 .text.RCCEx_PLL2_Config
                0x08003194      0x108 ./Drivers/STM32H7xx_HAL_Driver/Src/stm32h7xx_hal_rcc_ex.o
 .text.RCCEx_PLL3_Config
                0x0800329c      0x108 ./Drivers/STM32H7xx_HAL_Driver/Src/stm32h7xx_hal_rcc_ex.o
 .text.HAL_RCCEx_PeriphCLKConfig
                0x080033a4      0xaac ./Drivers/STM32H7xx_HAL_Driver/Src/stm32h7xx_hal_rcc_ex.o
                0x080033a4                HAL_RCCEx_PeriphCLKConfig
 .text.HAL_RCCEx_GetD3PCLK1Freq
                0x08003e50       0x24 ./Drivers/STM32H7xx_HAL_Driver/Src/stm32h7xx_hal_rcc_ex.o
                0x08003e50                HAL_RCCEx_GetD3PCLK1Freq
 .text.HAL_RCCEx_GetPLL2ClockFreq
                0x08003e74      0x200 ./Drivers/STM32H7xx_HAL_Driver/Src/stm32h7xx_hal_rcc_ex.o
                0x08003e74                HAL_RCCEx_GetPLL2ClockFreq
 .text.HAL_RCCEx_GetPLL3ClockFreq
                0x08004074      0x200 ./Drivers/STM32H7xx_HAL_Driver/Src/stm32h7xx_hal_rcc_ex.o
                0x08004074                HAL_RCCEx_GetPLL3ClockFreq
 .text.HAL_RCCEx_GetPLL1ClockFreq
                0x08004274      0x200 ./Drivers/STM32H7xx_HAL_Driver/Src/stm32h7xx_hal_rcc_ex.o
                0x08004274                HAL_RCCEx_GetPLL1ClockFreq
 .text.HAL_RCCEx_GetPeriphCLKFreq
                0x08004474      0x6dc ./Drivers/STM32H7xx_HAL_Driver/Src/stm32h7xx_hal_rcc_ex.o
                0x08004474                HAL_RCCEx_GetPeriphCLKFreq
 .text.HAL_RTC_WaitForSynchro
                0x08004b50       0x34 ./Drivers/STM32H7xx_HAL_Driver/Src/stm32h7xx_hal_rtc.o
                0x08004b50                HAL_RTC_WaitForSynchro
 .text.RTC_EnterInitMode
                0x08004b84       0x44 ./Drivers/STM32H7xx_HAL_Driver/Src/stm32h7xx_hal_rtc.o
                0x08004b84                RTC_EnterInitMode
 .text.RTC_ExitInitMode
                0x08004bc8       0x4c ./Drivers/STM32H7xx_HAL_Driver/Src/stm32h7xx_hal_rtc.o
                0x08004bc8                RTC_ExitInitMode
 .text.HAL_RTC_Init
                0x08004c14       0xa4 ./Drivers/STM32H7xx_HAL_Driver/Src/stm32h7xx_hal_rtc.o
                0x08004c14                HAL_RTC_Init
 .text.RTC_ByteToBcd2
                0x08004cb8       0x16 ./Drivers/STM32H7xx_HAL_Driver/Src/stm32h7xx_hal_rtc.o
                0x08004cb8                RTC_ByteToBcd2
 *fill*         0x08004cce        0x2 
 .text.HAL_RTC_SetTime
                0x08004cd0       0xc8 ./Drivers/STM32H7xx_HAL_Driver/Src/stm32h7xx_hal_rtc.o
                0x08004cd0                HAL_RTC_SetTime
 .text.HAL_RTC_SetDate
                0x08004d98       0xa4 ./Drivers/STM32H7xx_HAL_Driver/Src/stm32h7xx_hal_rtc.o
                0x08004d98                HAL_RTC_SetDate
 .text.RTC_Bcd2ToByte
                0x08004e3c       0x12 ./Drivers/STM32H7xx_HAL_Driver/Src/stm32h7xx_hal_rtc.o
                0x08004e3c                RTC_Bcd2ToByte
 .text.HAL_RTC_GetTime
                0x08004e4e       0x4c ./Drivers/STM32H7xx_HAL_Driver/Src/stm32h7xx_hal_rtc.o
                0x08004e4e                HAL_RTC_GetTime
 .text.HAL_RTC_GetDate
                0x08004e9a       0x3c ./Drivers/STM32H7xx_HAL_Driver/Src/stm32h7xx_hal_rtc.o
                0x08004e9a                HAL_RTC_GetDate
 *fill*         0x08004ed6        0x2 
 .text.HAL_RTCEx_SetWakeUpTimer_IT
                0x08004ed8       0xc4 ./Drivers/STM32H7xx_HAL_Driver/Src/stm32h7xx_hal_rtc_ex.o
                0x08004ed8                HAL_RTCEx_SetWakeUpTimer_IT
 .text.HAL_RTCEx_WakeUpTimerEventCallback
                0x08004f9c        0x2 ./Drivers/STM32H7xx_HAL_Driver/Src/stm32h7xx_hal_rtc_ex.o
                0x08004f9c                HAL_RTCEx_WakeUpTimerEventCallback
 .text.HAL_RTCEx_WakeUpTimerIRQHandler
                0x08004f9e       0x32 ./Drivers/STM32H7xx_HAL_Driver/Src/stm32h7xx_hal_rtc_ex.o
                0x08004f9e                HAL_RTCEx_WakeUpTimerIRQHandler
 .text.SD_PowerON
                0x08004fd0       0xc4 ./Drivers/STM32H7xx_HAL_Driver/Src/stm32h7xx_hal_sd.o
 .text.SD_PowerOFF
                0x08005094        0xa ./Drivers/STM32H7xx_HAL_Driver/Src/stm32h7xx_hal_sd.o
 .text.SD_Read_IT
                0x0800509e       0x3c ./Drivers/STM32H7xx_HAL_Driver/Src/stm32h7xx_hal_sd.o
 .text.SD_Write_IT
                0x080050da       0x4c ./Drivers/STM32H7xx_HAL_Driver/Src/stm32h7xx_hal_sd.o
 *fill*         0x08005126        0x2 
 .text.SD_SendSDStatus
                0x08005128      0x108 ./Drivers/STM32H7xx_HAL_Driver/Src/stm32h7xx_hal_sd.o
 .text.SD_FindSCR
                0x08005230      0x108 ./Drivers/STM32H7xx_HAL_Driver/Src/stm32h7xx_hal_sd.o
 .text.SD_WideBus_Enable
                0x08005338       0x4e ./Drivers/STM32H7xx_HAL_Driver/Src/stm32h7xx_hal_sd.o
 .text.SD_WideBus_Disable
                0x08005386       0x4e ./Drivers/STM32H7xx_HAL_Driver/Src/stm32h7xx_hal_sd.o
 .text.SD_SendStatus
                0x080053d4       0x2c ./Drivers/STM32H7xx_HAL_Driver/Src/stm32h7xx_hal_sd.o
 .text.HAL_SD_DeInit
                0x08005400       0x24 ./Drivers/STM32H7xx_HAL_Driver/Src/stm32h7xx_hal_sd.o
                0x08005400                HAL_SD_DeInit
 .text.HAL_SD_ReadBlocks
                0x08005424      0x204 ./Drivers/STM32H7xx_HAL_Driver/Src/stm32h7xx_hal_sd.o
                0x08005424                HAL_SD_ReadBlocks
 .text.HAL_SD_WriteBlocks
                0x08005628      0x214 ./Drivers/STM32H7xx_HAL_Driver/Src/stm32h7xx_hal_sd.o
                0x08005628                HAL_SD_WriteBlocks
 .text.HAL_SD_ErrorCallback
                0x0800583c        0x2 ./Drivers/STM32H7xx_HAL_Driver/Src/stm32h7xx_hal_sd.o
                0x0800583c                HAL_SD_ErrorCallback
 *fill*         0x0800583e        0x2 
 .text.HAL_SD_GetCardCSD
                0x08005840      0x1b8 ./Drivers/STM32H7xx_HAL_Driver/Src/stm32h7xx_hal_sd.o
                0x08005840                HAL_SD_GetCardCSD
 .text.SD_InitCard
                0x080059f8       0xfc ./Drivers/STM32H7xx_HAL_Driver/Src/stm32h7xx_hal_sd.o
 .text.HAL_SD_InitCard
                0x08005af4       0xd4 ./Drivers/STM32H7xx_HAL_Driver/Src/stm32h7xx_hal_sd.o
                0x08005af4                HAL_SD_InitCard
 .text.HAL_SD_GetCardStatus
                0x08005bc8       0xd0 ./Drivers/STM32H7xx_HAL_Driver/Src/stm32h7xx_hal_sd.o
                0x08005bc8                HAL_SD_GetCardStatus
 .text.HAL_SD_GetCardInfo
                0x08005c98       0x24 ./Drivers/STM32H7xx_HAL_Driver/Src/stm32h7xx_hal_sd.o
                0x08005c98                HAL_SD_GetCardInfo
 .text.HAL_SD_ConfigWideBusOperation
                0x08005cbc      0x158 ./Drivers/STM32H7xx_HAL_Driver/Src/stm32h7xx_hal_sd.o
                0x08005cbc                HAL_SD_ConfigWideBusOperation
 .text.HAL_SD_GetCardState
                0x08005e14       0x22 ./Drivers/STM32H7xx_HAL_Driver/Src/stm32h7xx_hal_sd.o
                0x08005e14                HAL_SD_GetCardState
 .text.HAL_SD_Init
                0x08005e36       0xba ./Drivers/STM32H7xx_HAL_Driver/Src/stm32h7xx_hal_sd.o
                0x08005e36                HAL_SD_Init
 .text.HAL_SDEx_Read_DMADoubleBuf0CpltCallback
                0x08005ef0        0x2 ./Drivers/STM32H7xx_HAL_Driver/Src/stm32h7xx_hal_sd.o
                0x08005ef0                HAL_SDEx_Read_DMADoubleBuf0CpltCallback
 .text.HAL_SDEx_Read_DMADoubleBuf1CpltCallback
                0x08005ef2        0x2 ./Drivers/STM32H7xx_HAL_Driver/Src/stm32h7xx_hal_sd.o
                0x08005ef2                HAL_SDEx_Read_DMADoubleBuf1CpltCallback
 .text.HAL_SDEx_Write_DMADoubleBuf0CpltCallback
                0x08005ef4        0x2 ./Drivers/STM32H7xx_HAL_Driver/Src/stm32h7xx_hal_sd.o
                0x08005ef4                HAL_SDEx_Write_DMADoubleBuf0CpltCallback
 .text.HAL_SDEx_Write_DMADoubleBuf1CpltCallback
                0x08005ef6        0x2 ./Drivers/STM32H7xx_HAL_Driver/Src/stm32h7xx_hal_sd.o
                0x08005ef6                HAL_SDEx_Write_DMADoubleBuf1CpltCallback
 .text.HAL_SD_IRQHandler
                0x08005ef8      0x22c ./Drivers/STM32H7xx_HAL_Driver/Src/stm32h7xx_hal_sd.o
                0x08005ef8                HAL_SD_IRQHandler
 .text.HAL_TIM_Base_MspInit
                0x08006124        0x2 ./Drivers/STM32H7xx_HAL_Driver/Src/stm32h7xx_hal_tim.o
                0x08006124                HAL_TIM_Base_MspInit
 *fill*         0x08006126        0x2 
 .text.HAL_TIM_Base_Start_IT
                0x08006128       0x90 ./Drivers/STM32H7xx_HAL_Driver/Src/stm32h7xx_hal_tim.o
                0x08006128                HAL_TIM_Base_Start_IT
 .text.HAL_TIM_OC_DelayElapsedCallback
                0x080061b8        0x2 ./Drivers/STM32H7xx_HAL_Driver/Src/stm32h7xx_hal_tim.o
                0x080061b8                HAL_TIM_OC_DelayElapsedCallback
 .text.HAL_TIM_IC_CaptureCallback
                0x080061ba        0x2 ./Drivers/STM32H7xx_HAL_Driver/Src/stm32h7xx_hal_tim.o
                0x080061ba                HAL_TIM_IC_CaptureCallback
 .text.HAL_TIM_PWM_PulseFinishedCallback
                0x080061bc        0x2 ./Drivers/STM32H7xx_HAL_Driver/Src/stm32h7xx_hal_tim.o
                0x080061bc                HAL_TIM_PWM_PulseFinishedCallback
 .text.HAL_TIM_TriggerCallback
                0x080061be        0x2 ./Drivers/STM32H7xx_HAL_Driver/Src/stm32h7xx_hal_tim.o
                0x080061be                HAL_TIM_TriggerCallback
 .text.HAL_TIM_IRQHandler
                0x080061c0      0x17a ./Drivers/STM32H7xx_HAL_Driver/Src/stm32h7xx_hal_tim.o
                0x080061c0                HAL_TIM_IRQHandler
 *fill*         0x0800633a        0x2 
 .text.TIM_Base_SetConfig
                0x0800633c      0x104 ./Drivers/STM32H7xx_HAL_Driver/Src/stm32h7xx_hal_tim.o
                0x0800633c                TIM_Base_SetConfig
 .text.HAL_TIM_Base_Init
                0x08006440       0x60 ./Drivers/STM32H7xx_HAL_Driver/Src/stm32h7xx_hal_tim.o
                0x08006440                HAL_TIM_Base_Init
 .text.HAL_TIMEx_CommutCallback
                0x080064a0        0x2 ./Drivers/STM32H7xx_HAL_Driver/Src/stm32h7xx_hal_tim_ex.o
                0x080064a0                HAL_TIMEx_CommutCallback
 .text.HAL_TIMEx_BreakCallback
                0x080064a2        0x2 ./Drivers/STM32H7xx_HAL_Driver/Src/stm32h7xx_hal_tim_ex.o
                0x080064a2                HAL_TIMEx_BreakCallback
 .text.HAL_TIMEx_Break2Callback
                0x080064a4        0x2 ./Drivers/STM32H7xx_HAL_Driver/Src/stm32h7xx_hal_tim_ex.o
                0x080064a4                HAL_TIMEx_Break2Callback
 *fill*         0x080064a6        0x2 
 .text.SDMMC_GetCmdError
                0x080064a8       0x3c ./Drivers/STM32H7xx_HAL_Driver/Src/stm32h7xx_ll_sdmmc.o
 .text.SDMMC_Init
                0x080064e4       0x30 ./Drivers/STM32H7xx_HAL_Driver/Src/stm32h7xx_ll_sdmmc.o
                0x080064e4                SDMMC_Init
 .text.SDMMC_ReadFIFO
                0x08006514        0x6 ./Drivers/STM32H7xx_HAL_Driver/Src/stm32h7xx_ll_sdmmc.o
                0x08006514                SDMMC_ReadFIFO
 .text.SDMMC_WriteFIFO
                0x0800651a        0xa ./Drivers/STM32H7xx_HAL_Driver/Src/stm32h7xx_ll_sdmmc.o
                0x0800651a                SDMMC_WriteFIFO
 .text.SDMMC_PowerState_ON
                0x08006524        0xc ./Drivers/STM32H7xx_HAL_Driver/Src/stm32h7xx_ll_sdmmc.o
                0x08006524                SDMMC_PowerState_ON
 .text.SDMMC_PowerState_OFF
                0x08006530        0xc ./Drivers/STM32H7xx_HAL_Driver/Src/stm32h7xx_ll_sdmmc.o
                0x08006530                SDMMC_PowerState_OFF
 .text.SDMMC_GetPowerState
                0x0800653c        0x8 ./Drivers/STM32H7xx_HAL_Driver/Src/stm32h7xx_ll_sdmmc.o
                0x0800653c                SDMMC_GetPowerState
 .text.SDMMC_SendCommand
                0x08006544       0x24 ./Drivers/STM32H7xx_HAL_Driver/Src/stm32h7xx_ll_sdmmc.o
                0x08006544                SDMMC_SendCommand
 .text.SDMMC_GetCommandResponse
                0x08006568        0x6 ./Drivers/STM32H7xx_HAL_Driver/Src/stm32h7xx_ll_sdmmc.o
                0x08006568                SDMMC_GetCommandResponse
 .text.SDMMC_GetResponse
                0x0800656e        0x6 ./Drivers/STM32H7xx_HAL_Driver/Src/stm32h7xx_ll_sdmmc.o
                0x0800656e                SDMMC_GetResponse
 .text.SDMMC_ConfigData
                0x08006574       0x24 ./Drivers/STM32H7xx_HAL_Driver/Src/stm32h7xx_ll_sdmmc.o
                0x08006574                SDMMC_ConfigData
 .text.SDMMC_CmdGoIdleState
                0x08006598       0x26 ./Drivers/STM32H7xx_HAL_Driver/Src/stm32h7xx_ll_sdmmc.o
                0x08006598                SDMMC_CmdGoIdleState
 *fill*         0x080065be        0x2 
 .text.SDMMC_GetCmdResp1
                0x080065c0      0x160 ./Drivers/STM32H7xx_HAL_Driver/Src/stm32h7xx_ll_sdmmc.o
                0x080065c0                SDMMC_GetCmdResp1
 .text.SDMMC_CmdBlockLength
                0x08006720       0x32 ./Drivers/STM32H7xx_HAL_Driver/Src/stm32h7xx_ll_sdmmc.o
                0x08006720                SDMMC_CmdBlockLength
 .text.SDMMC_CmdReadSingleBlock
                0x08006752       0x32 ./Drivers/STM32H7xx_HAL_Driver/Src/stm32h7xx_ll_sdmmc.o
                0x08006752                SDMMC_CmdReadSingleBlock
 .text.SDMMC_CmdReadMultiBlock
                0x08006784       0x32 ./Drivers/STM32H7xx_HAL_Driver/Src/stm32h7xx_ll_sdmmc.o
                0x08006784                SDMMC_CmdReadMultiBlock
 .text.SDMMC_CmdWriteSingleBlock
                0x080067b6       0x32 ./Drivers/STM32H7xx_HAL_Driver/Src/stm32h7xx_ll_sdmmc.o
                0x080067b6                SDMMC_CmdWriteSingleBlock
 .text.SDMMC_CmdWriteMultiBlock
                0x080067e8       0x32 ./Drivers/STM32H7xx_HAL_Driver/Src/stm32h7xx_ll_sdmmc.o
                0x080067e8                SDMMC_CmdWriteMultiBlock
 *fill*         0x0800681a        0x2 
 .text.SDMMC_CmdStopTransfer
                0x0800681c       0x58 ./Drivers/STM32H7xx_HAL_Driver/Src/stm32h7xx_ll_sdmmc.o
                0x0800681c                SDMMC_CmdStopTransfer
 .text.SDMMC_CmdSelDesel
                0x08006874       0x32 ./Drivers/STM32H7xx_HAL_Driver/Src/stm32h7xx_ll_sdmmc.o
                0x08006874                SDMMC_CmdSelDesel
 .text.SDMMC_CmdAppCommand
                0x080068a6       0x32 ./Drivers/STM32H7xx_HAL_Driver/Src/stm32h7xx_ll_sdmmc.o
                0x080068a6                SDMMC_CmdAppCommand
 .text.SDMMC_CmdBusWidth
                0x080068d8       0x32 ./Drivers/STM32H7xx_HAL_Driver/Src/stm32h7xx_ll_sdmmc.o
                0x080068d8                SDMMC_CmdBusWidth
 .text.SDMMC_CmdSendSCR
                0x0800690a       0x32 ./Drivers/STM32H7xx_HAL_Driver/Src/stm32h7xx_ll_sdmmc.o
                0x0800690a                SDMMC_CmdSendSCR
 .text.SDMMC_CmdSendStatus
                0x0800693c       0x32 ./Drivers/STM32H7xx_HAL_Driver/Src/stm32h7xx_ll_sdmmc.o
                0x0800693c                SDMMC_CmdSendStatus
 .text.SDMMC_CmdStatusRegister
                0x0800696e       0x32 ./Drivers/STM32H7xx_HAL_Driver/Src/stm32h7xx_ll_sdmmc.o
                0x0800696e                SDMMC_CmdStatusRegister
 .text.SDMMC_GetCmdResp2
                0x080069a0       0x60 ./Drivers/STM32H7xx_HAL_Driver/Src/stm32h7xx_ll_sdmmc.o
                0x080069a0                SDMMC_GetCmdResp2
 .text.SDMMC_CmdSendCID
                0x08006a00       0x2c ./Drivers/STM32H7xx_HAL_Driver/Src/stm32h7xx_ll_sdmmc.o
                0x08006a00                SDMMC_CmdSendCID
 .text.SDMMC_CmdSendCSD
                0x08006a2c       0x2c ./Drivers/STM32H7xx_HAL_Driver/Src/stm32h7xx_ll_sdmmc.o
                0x08006a2c                SDMMC_CmdSendCSD
 .text.SDMMC_GetCmdResp3
                0x08006a58       0x50 ./Drivers/STM32H7xx_HAL_Driver/Src/stm32h7xx_ll_sdmmc.o
                0x08006a58                SDMMC_GetCmdResp3
 .text.SDMMC_CmdAppOperCommand
                0x08006aa8       0x2c ./Drivers/STM32H7xx_HAL_Driver/Src/stm32h7xx_ll_sdmmc.o
                0x08006aa8                SDMMC_CmdAppOperCommand
 .text.SDMMC_GetCmdResp6
                0x08006ad4       0xa4 ./Drivers/STM32H7xx_HAL_Driver/Src/stm32h7xx_ll_sdmmc.o
                0x08006ad4                SDMMC_GetCmdResp6
 .text.SDMMC_CmdSetRelAdd
                0x08006b78       0x32 ./Drivers/STM32H7xx_HAL_Driver/Src/stm32h7xx_ll_sdmmc.o
                0x08006b78                SDMMC_CmdSetRelAdd
 *fill*         0x08006baa        0x2 
 .text.SDMMC_GetCmdResp7
                0x08006bac       0x64 ./Drivers/STM32H7xx_HAL_Driver/Src/stm32h7xx_ll_sdmmc.o
                0x08006bac                SDMMC_GetCmdResp7
 .text.SDMMC_CmdOperCond
                0x08006c10       0x30 ./Drivers/STM32H7xx_HAL_Driver/Src/stm32h7xx_ll_sdmmc.o
                0x08006c10                SDMMC_CmdOperCond
 .text.MX_FATFS_Init
                0x08006c40       0x1c ./FATFS/App/fatfs.o
                0x08006c40                MX_FATFS_Init
 .text.get_fattime
                0x08006c5c       0x60 ./FATFS/App/fatfs.o
                0x08006c5c                get_fattime
 .text.BSP_SD_ReadBlocks
                0x08006cbc       0x20 ./FATFS/Target/bsp_driver_sd.o
                0x08006cbc                BSP_SD_ReadBlocks
 .text.BSP_SD_WriteBlocks
                0x08006cdc       0x20 ./FATFS/Target/bsp_driver_sd.o
                0x08006cdc                BSP_SD_WriteBlocks
 .text.BSP_SD_GetCardState
                0x08006cfc       0x14 ./FATFS/Target/bsp_driver_sd.o
                0x08006cfc                BSP_SD_GetCardState
 .text.BSP_SD_GetCardInfo
                0x08006d10       0x10 ./FATFS/Target/bsp_driver_sd.o
                0x08006d10                BSP_SD_GetCardInfo
 .text.BSP_SD_WriteCpltCallback
                0x08006d20        0x2 ./FATFS/Target/bsp_driver_sd.o
                0x08006d20                BSP_SD_WriteCpltCallback
 .text.HAL_SD_TxCpltCallback
                0x08006d22        0x8 ./FATFS/Target/bsp_driver_sd.o
                0x08006d22                HAL_SD_TxCpltCallback
 .text.BSP_SD_ReadCpltCallback
                0x08006d2a        0x2 ./FATFS/Target/bsp_driver_sd.o
                0x08006d2a                BSP_SD_ReadCpltCallback
 .text.HAL_SD_RxCpltCallback
                0x08006d2c        0x8 ./FATFS/Target/bsp_driver_sd.o
                0x08006d2c                HAL_SD_RxCpltCallback
 .text.BSP_SD_IsDetected
                0x08006d34       0x20 ./FATFS/Target/bsp_driver_sd.o
                0x08006d34                BSP_SD_IsDetected
 .text.BSP_SD_Init
                0x08006d54       0x34 ./FATFS/Target/bsp_driver_sd.o
                0x08006d54                BSP_SD_Init
 .text.BSP_PlatformIsDetected
                0x08006d88       0x1c ./FATFS/Target/fatfs_platform.o
                0x08006d88                BSP_PlatformIsDetected
 .text.SD_CheckStatus
                0x08006da4       0x24 ./FATFS/Target/sd_diskio.o
 .text.SD_initialize
                0x08006dc8       0x28 ./FATFS/Target/sd_diskio.o
                0x08006dc8                SD_initialize
 .text.SD_status
                0x08006df0        0x8 ./FATFS/Target/sd_diskio.o
                0x08006df0                SD_status
 .text.SD_read  0x08006df8       0x24 ./FATFS/Target/sd_diskio.o
                0x08006df8                SD_read
 .text.SD_write
                0x08006e1c       0x24 ./FATFS/Target/sd_diskio.o
                0x08006e1c                SD_write
 .text.SD_ioctl
                0x08006e40       0x58 ./FATFS/Target/sd_diskio.o
                0x08006e40                SD_ioctl
 .text.disk_status
                0x08006e98       0x18 ./Middlewares/Third_Party/FatFs/src/diskio.o
                0x08006e98                disk_status
 .text.disk_initialize
                0x08006eb0       0x2c ./Middlewares/Third_Party/FatFs/src/diskio.o
                0x08006eb0                disk_initialize
 .text.disk_read
                0x08006edc       0x18 ./Middlewares/Third_Party/FatFs/src/diskio.o
                0x08006edc                disk_read
 .text.disk_write
                0x08006ef4       0x18 ./Middlewares/Third_Party/FatFs/src/diskio.o
                0x08006ef4                disk_write
 .text.disk_ioctl
                0x08006f0c       0x18 ./Middlewares/Third_Party/FatFs/src/diskio.o
                0x08006f0c                disk_ioctl
 .text.ld_word  0x08006f24        0xa ./Middlewares/Third_Party/FatFs/src/ff.o
 .text.ld_dword
                0x08006f2e       0x16 ./Middlewares/Third_Party/FatFs/src/ff.o
 .text.st_word  0x08006f44        0x8 ./Middlewares/Third_Party/FatFs/src/ff.o
 .text.st_dword
                0x08006f4c       0x14 ./Middlewares/Third_Party/FatFs/src/ff.o
 .text.mem_cpy  0x08006f60       0x14 ./Middlewares/Third_Party/FatFs/src/ff.o
 .text.mem_set  0x08006f74        0xa ./Middlewares/Third_Party/FatFs/src/ff.o
 .text.mem_cmp  0x08006f7e       0x1a ./Middlewares/Third_Party/FatFs/src/ff.o
 .text.chk_chr  0x08006f98       0x10 ./Middlewares/Third_Party/FatFs/src/ff.o
 .text.chk_lock
                0x08006fa8       0x7c ./Middlewares/Third_Party/FatFs/src/ff.o
 .text.enq_lock
                0x08007024       0x20 ./Middlewares/Third_Party/FatFs/src/ff.o
 .text.inc_lock
                0x08007044       0xa0 ./Middlewares/Third_Party/FatFs/src/ff.o
 .text.dec_lock
                0x080070e4       0x40 ./Middlewares/Third_Party/FatFs/src/ff.o
 .text.clear_lock
                0x08007124       0x3c ./Middlewares/Third_Party/FatFs/src/ff.o
 .text.clust2sect
                0x08007160       0x18 ./Middlewares/Third_Party/FatFs/src/ff.o
 .text.clmt_clust
                0x08007178       0x22 ./Middlewares/Third_Party/FatFs/src/ff.o
 .text.ld_clust
                0x0800719a       0x26 ./Middlewares/Third_Party/FatFs/src/ff.o
 .text.st_clust
                0x080071c0       0x26 ./Middlewares/Third_Party/FatFs/src/ff.o
 *fill*         0x080071e6        0x2 
 .text.pick_lfn
                0x080071e8       0x84 ./Middlewares/Third_Party/FatFs/src/ff.o
 .text.put_lfn  0x0800726c       0x78 ./Middlewares/Third_Party/FatFs/src/ff.o
 .text.gen_numname
                0x080072e4       0xaa ./Middlewares/Third_Party/FatFs/src/ff.o
 .text.sum_sfn  0x0800738e       0x20 ./Middlewares/Third_Party/FatFs/src/ff.o
 .text.get_ldnumber
                0x080073ae       0x48 ./Middlewares/Third_Party/FatFs/src/ff.o
 .text.validate
                0x080073f6       0x46 ./Middlewares/Third_Party/FatFs/src/ff.o
 .text.sync_window
                0x0800743c       0x54 ./Middlewares/Third_Party/FatFs/src/ff.o
 .text.move_window
                0x08007490       0x36 ./Middlewares/Third_Party/FatFs/src/ff.o
 *fill*         0x080074c6        0x2 
 .text.check_fs
                0x080074c8       0x78 ./Middlewares/Third_Party/FatFs/src/ff.o
 .text.find_volume
                0x08007540      0x2fc ./Middlewares/Third_Party/FatFs/src/ff.o
 .text.put_fat  0x0800783c      0x104 ./Middlewares/Third_Party/FatFs/src/ff.o
 .text.get_fat  0x08007940       0xd0 ./Middlewares/Third_Party/FatFs/src/ff.o
 .text.dir_sdi  0x08007a10       0xac ./Middlewares/Third_Party/FatFs/src/ff.o
 .text.create_chain
                0x08007abc       0xd6 ./Middlewares/Third_Party/FatFs/src/ff.o
 .text.remove_chain
                0x08007b92       0x7e ./Middlewares/Third_Party/FatFs/src/ff.o
 .text.dir_next
                0x08007c10      0x108 ./Middlewares/Third_Party/FatFs/src/ff.o
 .text.dir_alloc
                0x08007d18       0x4e ./Middlewares/Third_Party/FatFs/src/ff.o
 .text.dir_read
                0x08007d66       0xb8 ./Middlewares/Third_Party/FatFs/src/ff.o
 .text.dir_remove
                0x08007e1e       0x52 ./Middlewares/Third_Party/FatFs/src/ff.o
 .text.create_name
                0x08007e70      0x238 ./Middlewares/Third_Party/FatFs/src/ff.o
 .text.get_fileinfo
                0x080080a8       0xee ./Middlewares/Third_Party/FatFs/src/ff.o
 *fill*         0x08008196        0x2 
 .text.cmp_lfn  0x08008198       0xa0 ./Middlewares/Third_Party/FatFs/src/ff.o
 .text.dir_find
                0x08008238       0xe6 ./Middlewares/Third_Party/FatFs/src/ff.o
 .text.follow_path
                0x0800831e       0x8c ./Middlewares/Third_Party/FatFs/src/ff.o
 *fill*         0x080083aa        0x2 
 .text.dir_register
                0x080083ac      0x140 ./Middlewares/Third_Party/FatFs/src/ff.o
 .text.sync_fs  0x080084ec       0x8c ./Middlewares/Third_Party/FatFs/src/ff.o
 .text.f_mount  0x08008578       0x60 ./Middlewares/Third_Party/FatFs/src/ff.o
                0x08008578                f_mount
 .text.f_open   0x080085d8      0x234 ./Middlewares/Third_Party/FatFs/src/ff.o
                0x080085d8                f_open
 .text.f_write  0x0800880c      0x1fc ./Middlewares/Third_Party/FatFs/src/ff.o
                0x0800880c                f_write
 .text.f_sync   0x08008a08       0x98 ./Middlewares/Third_Party/FatFs/src/ff.o
                0x08008a08                f_sync
 .text.f_close  0x08008aa0       0x2a ./Middlewares/Third_Party/FatFs/src/ff.o
                0x08008aa0                f_close
 .text.f_opendir
                0x08008aca       0x96 ./Middlewares/Third_Party/FatFs/src/ff.o
                0x08008aca                f_opendir
 .text.f_closedir
                0x08008b60       0x24 ./Middlewares/Third_Party/FatFs/src/ff.o
                0x08008b60                f_closedir
 .text.f_readdir
                0x08008b84       0x58 ./Middlewares/Third_Party/FatFs/src/ff.o
                0x08008b84                f_readdir
 .text.f_getfree
                0x08008bdc       0xde ./Middlewares/Third_Party/FatFs/src/ff.o
                0x08008bdc                f_getfree
 .text.f_unlink
                0x08008cba       0xcc ./Middlewares/Third_Party/FatFs/src/ff.o
                0x08008cba                f_unlink
 .text.f_mkdir  0x08008d86      0x168 ./Middlewares/Third_Party/FatFs/src/ff.o
                0x08008d86                f_mkdir
 .text.f_rename
                0x08008eee      0x12e ./Middlewares/Third_Party/FatFs/src/ff.o
                0x08008eee                f_rename
 .text.f_utime  0x0800901c       0x5c ./Middlewares/Third_Party/FatFs/src/ff.o
                0x0800901c                f_utime
 .text.FATFS_LinkDriverEx
                0x08009078       0x54 ./Middlewares/Third_Party/FatFs/src/ff_gen_drv.o
                0x08009078                FATFS_LinkDriverEx
 .text.FATFS_LinkDriver
                0x080090cc        0xa ./Middlewares/Third_Party/FatFs/src/ff_gen_drv.o
                0x080090cc                FATFS_LinkDriver
 *fill*         0x080090d6        0x2 
 .text.FATFS_UnLinkDriverEx
                0x080090d8       0x3c ./Middlewares/Third_Party/FatFs/src/ff_gen_drv.o
                0x080090d8                FATFS_UnLinkDriverEx
 .text.FATFS_UnLinkDriver
                0x08009114        0xa ./Middlewares/Third_Party/FatFs/src/ff_gen_drv.o
                0x08009114                FATFS_UnLinkDriver
 *fill*         0x0800911e        0x2 
 .text.ff_convert
                0x08009120       0x3c ./Middlewares/Third_Party/FatFs/src/option/ccsbcs.o
                0x08009120                ff_convert
 .text.ff_wtoupper
                0x0800915c       0xa0 ./Middlewares/Third_Party/FatFs/src/option/ccsbcs.o
                0x0800915c                ff_wtoupper
 .text._strtoull_l.isra.0
                0x080091fc      0x12c C:/ST/STM32CubeIDE_2.0.0/STM32CubeIDE/plugins/com.st.stm32cube.ide.mcu.externaltools.gnu-tools-for-stm32.13.3.rel1.win32_1.0.100.202509120712/tools/bin/../lib/gcc/arm-none-eabi/13.3.1/../../../../arm-none-eabi/lib/thumb/v7e-m+dp/hard\libc_nano.a(libc_a-strtoull.o)
 .text.strtoull
                0x08009328       0x14 C:/ST/STM32CubeIDE_2.0.0/STM32CubeIDE/plugins/com.st.stm32cube.ide.mcu.externaltools.gnu-tools-for-stm32.13.3.rel1.win32_1.0.100.202509120712/tools/bin/../lib/gcc/arm-none-eabi/13.3.1/../../../../arm-none-eabi/lib/thumb/v7e-m+dp/hard\libc_nano.a(libc_a-strtoull.o)
                0x08009328                strtoull
 .text.std      0x0800933c       0x6c C:/ST/STM32CubeIDE_2.0.0/STM32CubeIDE/plugins/com.st.stm32cube.ide.mcu.externaltools.gnu-tools-for-stm32.13.3.rel1.win32_1.0.100.202509120712/tools/bin/../lib/gcc/arm-none-eabi/13.3.1/../../../../arm-none-eabi/lib/thumb/v7e-m+dp/hard\libc_nano.a(libc_a-findfp.o)
 .text.stdio_exit_handler
                0x080093a8       0x18 C:/ST/STM32CubeIDE_2.0.0/STM32CubeIDE/plugins/com.st.stm32cube.ide.mcu.externaltools.gnu-tools-for-stm32.13.3.rel1.win32_1.0.100.202509120712/tools/bin/../lib/gcc/arm-none-eabi/13.3.1/../../../../arm-none-eabi/lib/thumb/v7e-m+dp/hard\libc_nano.a(libc_a-findfp.o)
 .text.cleanup_stdio
                0x080093c0       0x40 C:/ST/STM32CubeIDE_2.0.0/STM32CubeIDE/plugins/com.st.stm32cube.ide.mcu.externaltools.gnu-tools-for-stm32.13.3.rel1.win32_1.0.100.202509120712/tools/bin/../lib/gcc/arm-none-eabi/13.3.1/../../../../arm-none-eabi/lib/thumb/v7e-m+dp/hard\libc_nano.a(libc_a-findfp.o)
 .text.global_stdio_init.part.0
                0x08009400       0x3c C:/ST/STM32CubeIDE_2.0.0/STM32CubeIDE/plugins/com.st.stm32cube.ide.mcu.externaltools.gnu-tools-for-stm32.13.3.rel1.win32_1.0.100.202509120712/tools/bin/../lib/gcc/arm-none-eabi/13.3.1/../../../../arm-none-eabi/lib/thumb/v7e-m+dp/hard\libc_nano.a(libc_a-findfp.o)
 .text.__sfp_lock_acquire
                0x0800943c        0xc C:/ST/STM32CubeIDE_2.0.0/STM32CubeIDE/plugins/com.st.stm32cube.ide.mcu.externaltools.gnu-tools-for-stm32.13.3.rel1.win32_1.0.100.202509120712/tools/bin/../lib/gcc/arm-none-eabi/13.3.1/../../../../arm-none-eabi/lib/thumb/v7e-m+dp/hard\libc_nano.a(libc_a-findfp.o)
                0x0800943c                __sfp_lock_acquire
 .text.__sfp_lock_release
                0x08009448        0xc C:/ST/STM32CubeIDE_2.0.0/STM32CubeIDE/plugins/com.st.stm32cube.ide.mcu.externaltools.gnu-tools-for-stm32.13.3.rel1.win32_1.0.100.202509120712/tools/bin/../lib/gcc/arm-none-eabi/13.3.1/../../../../arm-none-eabi/lib/thumb/v7e-m+dp/hard\libc_nano.a(libc_a-findfp.o)
                0x08009448                __sfp_lock_release
 .text.__sinit  0x08009454       0x30 C:/ST/STM32CubeIDE_2.0.0/STM32CubeIDE/plugins/com.st.stm32cube.ide.mcu.externaltools.gnu-tools-for-stm32.13.3.rel1.win32_1.0.100.202509120712/tools/bin/../lib/gcc/arm-none-eabi/13.3.1/../../../../arm-none-eabi/lib/thumb/v7e-m+dp/hard\libc_nano.a(libc_a-findfp.o)
                0x08009454                __sinit
 .text._fwalk_sglue
                0x08009484       0x3c C:/ST/STM32CubeIDE_2.0.0/STM32CubeIDE/plugins/com.st.stm32cube.ide.mcu.externaltools.gnu-tools-for-stm32.13.3.rel1.win32_1.0.100.202509120712/tools/bin/../lib/gcc/arm-none-eabi/13.3.1/../../../../arm-none-eabi/lib/thumb/v7e-m+dp/hard\libc_nano.a(libc_a-fwalk.o)
                0x08009484                _fwalk_sglue
 .text.printf   0x080094c0       0x24 C:/ST/STM32CubeIDE_2.0.0/STM32CubeIDE/plugins/com.st.stm32cube.ide.mcu.externaltools.gnu-tools-for-stm32.13.3.rel1.win32_1.0.100.202509120712/tools/bin/../lib/gcc/arm-none-eabi/13.3.1/../../../../arm-none-eabi/lib/thumb/v7e-m+dp/hard\libc_nano.a(libc_a-printf.o)
                0x080094c0                iprintf
                0x080094c0                printf
 .text._puts_r  0x080094e4       0xaa C:/ST/STM32CubeIDE_2.0.0/STM32CubeIDE/plugins/com.st.stm32cube.ide.mcu.externaltools.gnu-tools-for-stm32.13.3.rel1.win32_1.0.100.202509120712/tools/bin/../lib/gcc/arm-none-eabi/13.3.1/../../../../arm-none-eabi/lib/thumb/v7e-m+dp/hard\libc_nano.a(libc_a-puts.o)
                0x080094e4                _puts_r
 *fill*         0x0800958e        0x2 
 .text.puts     0x08009590       0x10 C:/ST/STM32CubeIDE_2.0.0/STM32CubeIDE/plugins/com.st.stm32cube.ide.mcu.externaltools.gnu-tools-for-stm32.13.3.rel1.win32_1.0.100.202509120712/tools/bin/../lib/gcc/arm-none-eabi/13.3.1/../../../../arm-none-eabi/lib/thumb/v7e-m+dp/hard\libc_nano.a(libc_a-puts.o)
                0x08009590                puts
 .text.snprintf
                0x080095a0       0x6c C:/ST/STM32CubeIDE_2.0.0/STM32CubeIDE/plugins/com.st.stm32cube.ide.mcu.externaltools.gnu-tools-for-stm32.13.3.rel1.win32_1.0.100.202509120712/tools/bin/../lib/gcc/arm-none-eabi/13.3.1/../../../../arm-none-eabi/lib/thumb/v7e-m+dp/hard\libc_nano.a(libc_a-snprintf.o)
                0x080095a0                sniprintf
                0x080095a0                snprintf
 .text.sprintf  0x0800960c       0x44 C:/ST/STM32CubeIDE_2.0.0/STM32CubeIDE/plugins/com.st.stm32cube.ide.mcu.externaltools.gnu-tools-for-stm32.13.3.rel1.win32_1.0.100.202509120712/tools/bin/../lib/gcc/arm-none-eabi/13.3.1/../../../../arm-none-eabi/lib/thumb/v7e-m+dp/hard\libc_nano.a(libc_a-sprintf.o)
                0x0800960c                siprintf
                0x0800960c                sprintf
 .text.__sread  0x08009650       0x22 C:/ST/STM32CubeIDE_2.0.0/STM32CubeIDE/plugins/com.st.stm32cube.ide.mcu.externaltools.gnu-tools-for-stm32.13.3.rel1.win32_1.0.100.202509120712/tools/bin/../lib/gcc/arm-none-eabi/13.3.1/../../../../arm-none-eabi/lib/thumb/v7e-m+dp/hard\libc_nano.a(libc_a-stdio.o)
                0x08009650                __sread
 .text.__swrite
                0x08009672       0x38 C:/ST/STM32CubeIDE_2.0.0/STM32CubeIDE/plugins/com.st.stm32cube.ide.mcu.externaltools.gnu-tools-for-stm32.13.3.rel1.win32_1.0.100.202509120712/tools/bin/../lib/gcc/arm-none-eabi/13.3.1/../../../../arm-none-eabi/lib/thumb/v7e-m+dp/hard\libc_nano.a(libc_a-stdio.o)
                0x08009672                __swrite
 .text.__sseek  0x080096aa       0x24 C:/ST/STM32CubeIDE_2.0.0/STM32CubeIDE/plugins/com.st.stm32cube.ide.mcu.externaltools.gnu-tools-for-stm32.13.3.rel1.win32_1.0.100.202509120712/tools/bin/../lib/gcc/arm-none-eabi/13.3.1/../../../../arm-none-eabi/lib/thumb/v7e-m+dp/hard\libc_nano.a(libc_a-stdio.o)
                0x080096aa                __sseek
 .text.__sclose
                0x080096ce        0x8 C:/ST/STM32CubeIDE_2.0.0/STM32CubeIDE/plugins/com.st.stm32cube.ide.mcu.externaltools.gnu-tools-for-stm32.13.3.rel1.win32_1.0.100.202509120712/tools/bin/../lib/gcc/arm-none-eabi/13.3.1/../../../../arm-none-eabi/lib/thumb/v7e-m+dp/hard\libc_nano.a(libc_a-stdio.o)
                0x080096ce                __sclose
 .text.__swbuf_r
                0x080096d6       0x7c C:/ST/STM32CubeIDE_2.0.0/STM32CubeIDE/plugins/com.st.stm32cube.ide.mcu.externaltools.gnu-tools-for-stm32.13.3.rel1.win32_1.0.100.202509120712/tools/bin/../lib/gcc/arm-none-eabi/13.3.1/../../../../arm-none-eabi/lib/thumb/v7e-m+dp/hard\libc_nano.a(libc_a-wbuf.o)
                0x080096d6                __swbuf_r
 *fill*         0x08009752        0x2 
 .text.__swsetup_r
                0x08009754       0xac C:/ST/STM32CubeIDE_2.0.0/STM32CubeIDE/plugins/com.st.stm32cube.ide.mcu.externaltools.gnu-tools-for-stm32.13.3.rel1.win32_1.0.100.202509120712/tools/bin/../lib/gcc/arm-none-eabi/13.3.1/../../../../arm-none-eabi/lib/thumb/v7e-m+dp/hard\libc_nano.a(libc_a-wsetup.o)
                0x08009754                __swsetup_r
 .text.memset   0x08009800       0x10 C:/ST/STM32CubeIDE_2.0.0/STM32CubeIDE/plugins/com.st.stm32cube.ide.mcu.externaltools.gnu-tools-for-stm32.13.3.rel1.win32_1.0.100.202509120712/tools/bin/../lib/gcc/arm-none-eabi/13.3.1/../../../../arm-none-eabi/lib/thumb/v7e-m+dp/hard\libc_nano.a(libc_a-memset.o)
                0x08009800                memset
 .text.strncpy  0x08009810       0x26 C:/ST/STM32CubeIDE_2.0.0/STM32CubeIDE/plugins/com.st.stm32cube.ide.mcu.externaltools.gnu-tools-for-stm32.13.3.rel1.win32_1.0.100.202509120712/tools/bin/../lib/gcc/arm-none-eabi/13.3.1/../../../../arm-none-eabi/lib/thumb/v7e-m+dp/hard\libc_nano.a(libc_a-strncpy.o)
                0x08009810                strncpy
 *fill*         0x08009836        0x2 
 .text._close_r
                0x08009838       0x20 C:/ST/STM32CubeIDE_2.0.0/STM32CubeIDE/plugins/com.st.stm32cube.ide.mcu.externaltools.gnu-tools-for-stm32.13.3.rel1.win32_1.0.100.202509120712/tools/bin/../lib/gcc/arm-none-eabi/13.3.1/../../../../arm-none-eabi/lib/thumb/v7e-m+dp/hard\libc_nano.a(libc_a-closer.o)
                0x08009838                _close_r
 .text._lseek_r
                0x08009858       0x24 C:/ST/STM32CubeIDE_2.0.0/STM32CubeIDE/plugins/com.st.stm32cube.ide.mcu.externaltools.gnu-tools-for-stm32.13.3.rel1.win32_1.0.100.202509120712/tools/bin/../lib/gcc/arm-none-eabi/13.3.1/../../../../arm-none-eabi/lib/thumb/v7e-m+dp/hard\libc_nano.a(libc_a-lseekr.o)
                0x08009858                _lseek_r
 .text._read_r  0x0800987c       0x24 C:/ST/STM32CubeIDE_2.0.0/STM32CubeIDE/plugins/com.st.stm32cube.ide.mcu.externaltools.gnu-tools-for-stm32.13.3.rel1.win32_1.0.100.202509120712/tools/bin/../lib/gcc/arm-none-eabi/13.3.1/../../../../arm-none-eabi/lib/thumb/v7e-m+dp/hard\libc_nano.a(libc_a-readr.o)
                0x0800987c                _read_r
 .text._write_r
                0x080098a0       0x24 C:/ST/STM32CubeIDE_2.0.0/STM32CubeIDE/plugins/com.st.stm32cube.ide.mcu.externaltools.gnu-tools-for-stm32.13.3.rel1.win32_1.0.100.202509120712/tools/bin/../lib/gcc/arm-none-eabi/13.3.1/../../../../arm-none-eabi/lib/thumb/v7e-m+dp/hard\libc_nano.a(libc_a-writer.o)
                0x080098a0                _write_r
 .text.__errno  0x080098c4        0xc C:/ST/STM32CubeIDE_2.0.0/STM32CubeIDE/plugins/com.st.stm32cube.ide.mcu.externaltools.gnu-tools-for-stm32.13.3.rel1.win32_1.0.100.202509120712/tools/bin/../lib/gcc/arm-none-eabi/13.3.1/../../../../arm-none-eabi/lib/thumb/v7e-m+dp/hard\libc_nano.a(libc_a-errno.o)
                0x080098c4                __errno
 .text.__libc_init_array
                0x080098d0       0x48 C:/ST/STM32CubeIDE_2.0.0/STM32CubeIDE/plugins/com.st.stm32cube.ide.mcu.externaltools.gnu-tools-for-stm32.13.3.rel1.win32_1.0.100.202509120712/tools/bin/../lib/gcc/arm-none-eabi/13.3.1/../../../../arm-none-eabi/lib/thumb/v7e-m+dp/hard\libc_nano.a(libc_a-init.o)
                0x080098d0                __libc_init_array
 .text.__retarget_lock_init_recursive
                0x08009918        0x2 C:/ST/STM32CubeIDE_2.0.0/STM32CubeIDE/plugins/com.st.stm32cube.ide.mcu.externaltools.gnu-tools-for-stm32.13.3.rel1.win32_1.0.100.202509120712/tools/bin/../lib/gcc/arm-none-eabi/13.3.1/../../../../arm-none-eabi/lib/thumb/v7e-m+dp/hard\libc_nano.a(libc_a-lock.o)
                0x08009918                __retarget_lock_init_recursive
 .text.__retarget_lock_acquire_recursive
                0x0800991a        0x2 C:/ST/STM32CubeIDE_2.0.0/STM32CubeIDE/plugins/com.st.stm32cube.ide.mcu.externaltools.gnu-tools-for-stm32.13.3.rel1.win32_1.0.100.202509120712/tools/bin/../lib/gcc/arm-none-eabi/13.3.1/../../../../arm-none-eabi/lib/thumb/v7e-m+dp/hard\libc_nano.a(libc_a-lock.o)
                0x0800991a                __retarget_lock_acquire_recursive
 .text.__retarget_lock_release_recursive
                0x0800991c        0x2 C:/ST/STM32CubeIDE_2.0.0/STM32CubeIDE/plugins/com.st.stm32cube.ide.mcu.externaltools.gnu-tools-for-stm32.13.3.rel1.win32_1.0.100.202509120712/tools/bin/../lib/gcc/arm-none-eabi/13.3.1/../../../../arm-none-eabi/lib/thumb/v7e-m+dp/hard\libc_nano.a(libc_a-lock.o)
                0x0800991c                __retarget_lock_release_recursive
 .text.strcpy   0x0800991e       0x10 C:/ST/STM32CubeIDE_2.0.0/STM32CubeIDE/plugins/com.st.stm32cube.ide.mcu.externaltools.gnu-tools-for-stm32.13.3.rel1.win32_1.0.100.202509120712/tools/bin/../lib/gcc/arm-none-eabi/13.3.1/../../../../arm-none-eabi/lib/thumb/v7e-m+dp/hard\libc_nano.a(libc_a-strcpy.o)
                0x0800991e                strcpy
 .text.memcpy   0x0800992e       0x1c C:/ST/STM32CubeIDE_2.0.0/STM32CubeIDE/plugins/com.st.stm32cube.ide.mcu.externaltools.gnu-tools-for-stm32.13.3.rel1.win32_1.0.100.202509120712/tools/bin/../lib/gcc/arm-none-eabi/13.3.1/../../../../arm-none-eabi/lib/thumb/v7e-m+dp/hard\libc_nano.a(libc_a-memcpy-stub.o)
                0x0800992e                memcpy
 *fill*         0x0800994a        0x2 
 .text._free_r  0x0800994c       0x94 C:/ST/STM32CubeIDE_2.0.0/STM32CubeIDE/plugins/com.st.stm32cube.ide.mcu.externaltools.gnu-tools-for-stm32.13.3.rel1.win32_1.0.100.202509120712/tools/bin/../lib/gcc/arm-none-eabi/13.3.1/../../../../arm-none-eabi/lib/thumb/v7e-m+dp/hard\libc_nano.a(libc_a-freer.o)
                0x0800994c                _free_r
 .text.sbrk_aligned
                0x080099e0       0x44 C:/ST/STM32CubeIDE_2.0.0/STM32CubeIDE/plugins/com.st.stm32cube.ide.mcu.externaltools.gnu-tools-for-stm32.13.3.rel1.win32_1.0.100.202509120712/tools/bin/../lib/gcc/arm-none-eabi/13.3.1/../../../../arm-none-eabi/lib/thumb/v7e-m+dp/hard\libc_nano.a(libc_a-mallocr.o)
 .text._malloc_r
                0x08009a24      0x100 C:/ST/STM32CubeIDE_2.0.0/STM32CubeIDE/plugins/com.st.stm32cube.ide.mcu.externaltools.gnu-tools-for-stm32.13.3.rel1.win32_1.0.100.202509120712/tools/bin/../lib/gcc/arm-none-eabi/13.3.1/../../../../arm-none-eabi/lib/thumb/v7e-m+dp/hard\libc_nano.a(libc_a-mallocr.o)
                0x08009a24                _malloc_r
 .text.__malloc_lock
                0x08009b24        0xc C:/ST/STM32CubeIDE_2.0.0/STM32CubeIDE/plugins/com.st.stm32cube.ide.mcu.externaltools.gnu-tools-for-stm32.13.3.rel1.win32_1.0.100.202509120712/tools/bin/../lib/gcc/arm-none-eabi/13.3.1/../../../../arm-none-eabi/lib/thumb/v7e-m+dp/hard\libc_nano.a(libc_a-mlock.o)
                0x08009b24                __malloc_lock
 .text.__malloc_unlock
                0x08009b30        0xc C:/ST/STM32CubeIDE_2.0.0/STM32CubeIDE/plugins/com.st.stm32cube.ide.mcu.externaltools.gnu-tools-for-stm32.13.3.rel1.win32_1.0.100.202509120712/tools/bin/../lib/gcc/arm-none-eabi/13.3.1/../../../../arm-none-eabi/lib/thumb/v7e-m+dp/hard\libc_nano.a(libc_a-mlock.o)
                0x08009b30                __malloc_unlock
 .text.__ssputs_r
                0x08009b3c       0xb6 C:/ST/STM32CubeIDE_2.0.0/STM32CubeIDE/plugins/com.st.stm32cube.ide.mcu.externaltools.gnu-tools-for-stm32.13.3.rel1.win32_1.0.100.202509120712/tools/bin/../lib/gcc/arm-none-eabi/13.3.1/../../../../arm-none-eabi/lib/thumb/v7e-m+dp/hard\libc_nano.a(libc_a-nano-svfprintf.o)
                0x08009b3c                __ssputs_r
 *fill*         0x08009bf2        0x2 
 .text._svfprintf_r
                0x08009bf4      0x1f8 C:/ST/STM32CubeIDE_2.0.0/STM32CubeIDE/plugins/com.st.stm32cube.ide.mcu.externaltools.gnu-tools-for-stm32.13.3.rel1.win32_1.0.100.202509120712/tools/bin/../lib/gcc/arm-none-eabi/13.3.1/../../../../arm-none-eabi/lib/thumb/v7e-m+dp/hard\libc_nano.a(libc_a-nano-svfprintf.o)
                0x08009bf4                _svfiprintf_r
                0x08009bf4                _svfprintf_r
 .text.__sfputc_r
                0x08009dec       0x2e C:/ST/STM32CubeIDE_2.0.0/STM32CubeIDE/plugins/com.st.stm32cube.ide.mcu.externaltools.gnu-tools-for-stm32.13.3.rel1.win32_1.0.100.202509120712/tools/bin/../lib/gcc/arm-none-eabi/13.3.1/../../../../arm-none-eabi/lib/thumb/v7e-m+dp/hard\libc_nano.a(libc_a-nano-vfprintf.o)
 .text.__sfputs_r
                0x08009e1a       0x24 C:/ST/STM32CubeIDE_2.0.0/STM32CubeIDE/plugins/com.st.stm32cube.ide.mcu.externaltools.gnu-tools-for-stm32.13.3.rel1.win32_1.0.100.202509120712/tools/bin/../lib/gcc/arm-none-eabi/13.3.1/../../../../arm-none-eabi/lib/thumb/v7e-m+dp/hard\libc_nano.a(libc_a-nano-vfprintf.o)
                0x08009e1a                __sfputs_r
 *fill*         0x08009e3e        0x2 
 .text._vfprintf_r
                0x08009e40      0x230 C:/ST/STM32CubeIDE_2.0.0/STM32CubeIDE/plugins/com.st.stm32cube.ide.mcu.externaltools.gnu-tools-for-stm32.13.3.rel1.win32_1.0.100.202509120712/tools/bin/../lib/gcc/arm-none-eabi/13.3.1/../../../../arm-none-eabi/lib/thumb/v7e-m+dp/hard\libc_nano.a(libc_a-nano-vfprintf.o)
                0x08009e40                _vfprintf_r
                0x08009e40                _vfiprintf_r
 .text._printf_common
                0x0800a070       0xda C:/ST/STM32CubeIDE_2.0.0/STM32CubeIDE/plugins/com.st.stm32cube.ide.mcu.externaltools.gnu-tools-for-stm32.13.3.rel1.win32_1.0.100.202509120712/tools/bin/../lib/gcc/arm-none-eabi/13.3.1/../../../../arm-none-eabi/lib/thumb/v7e-m+dp/hard\libc_nano.a(libc_a-nano-vfprintf_i.o)
                0x0800a070                _printf_common
 *fill*         0x0800a14a        0x2 
 .text._printf_i
                0x0800a14c      0x23c C:/ST/STM32CubeIDE_2.0.0/STM32CubeIDE/plugins/com.st.stm32cube.ide.mcu.externaltools.gnu-tools-for-stm32.13.3.rel1.win32_1.0.100.202509120712/tools/bin/../lib/gcc/arm-none-eabi/13.3.1/../../../../arm-none-eabi/lib/thumb/v7e-m+dp/hard\libc_nano.a(libc_a-nano-vfprintf_i.o)
                0x0800a14c                _printf_i
 .text.__sflush_r
                0x0800a388      0x108 C:/ST/STM32CubeIDE_2.0.0/STM32CubeIDE/plugins/com.st.stm32cube.ide.mcu.externaltools.gnu-tools-for-stm32.13.3.rel1.win32_1.0.100.202509120712/tools/bin/../lib/gcc/arm-none-eabi/13.3.1/../../../../arm-none-eabi/lib/thumb/v7e-m+dp/hard\libc_nano.a(libc_a-fflush.o)
                0x0800a388                __sflush_r
 .text._fflush_r
                0x0800a490       0x50 C:/ST/STM32CubeIDE_2.0.0/STM32CubeIDE/plugins/com.st.stm32cube.ide.mcu.externaltools.gnu-tools-for-stm32.13.3.rel1.win32_1.0.100.202509120712/tools/bin/../lib/gcc/arm-none-eabi/13.3.1/../../../../arm-none-eabi/lib/thumb/v7e-m+dp/hard\libc_nano.a(libc_a-fflush.o)
                0x0800a490                _fflush_r
 .text.__swhatbuf_r
                0x0800a4e0       0x4c C:/ST/STM32CubeIDE_2.0.0/STM32CubeIDE/plugins/com.st.stm32cube.ide.mcu.externaltools.gnu-tools-for-stm32.13.3.rel1.win32_1.0.100.202509120712/tools/bin/../lib/gcc/arm-none-eabi/13.3.1/../../../../arm-none-eabi/lib/thumb/v7e-m+dp/hard\libc_nano.a(libc_a-makebuf.o)
                0x0800a4e0                __swhatbuf_r
 .text.__smakebuf_r
                0x0800a52c       0x78 C:/ST/STM32CubeIDE_2.0.0/STM32CubeIDE/plugins/com.st.stm32cube.ide.mcu.externaltools.gnu-tools-for-stm32.13.3.rel1.win32_1.0.100.202509120712/tools/bin/../lib/gcc/arm-none-eabi/13.3.1/../../../../arm-none-eabi/lib/thumb/v7e-m+dp/hard\libc_nano.a(libc_a-makebuf.o)
                0x0800a52c                __smakebuf_r
 .text.memmove  0x0800a5a4       0x34 C:/ST/STM32CubeIDE_2.0.0/STM32CubeIDE/plugins/com.st.stm32cube.ide.mcu.externaltools.gnu-tools-for-stm32.13.3.rel1.win32_1.0.100.202509120712/tools/bin/../lib/gcc/arm-none-eabi/13.3.1/../../../../arm-none-eabi/lib/thumb/v7e-m+dp/hard\libc_nano.a(libc_a-memmove.o)
                0x0800a5a4                memmove
 .text._fstat_r
                0x0800a5d8       0x24 C:/ST/STM32CubeIDE_2.0.0/STM32CubeIDE/plugins/com.st.stm32cube.ide.mcu.externaltools.gnu-tools-for-stm32.13.3.rel1.win32_1.0.100.202509120712/tools/bin/../lib/gcc/arm-none-eabi/13.3.1/../../../../arm-none-eabi/lib/thumb/v7e-m+dp/hard\libc_nano.a(libc_a-fstatr.o)
                0x0800a5d8                _fstat_r
 .text._isatty_r
                0x0800a5fc       0x20 C:/ST/STM32CubeIDE_2.0.0/STM32CubeIDE/plugins/com.st.stm32cube.ide.mcu.externaltools.gnu-tools-for-stm32.13.3.rel1.win32_1.0.100.202509120712/tools/bin/../lib/gcc/arm-none-eabi/13.3.1/../../../../arm-none-eabi/lib/thumb/v7e-m+dp/hard\libc_nano.a(libc_a-isattyr.o)
                0x0800a5fc                _isatty_r
 .text._sbrk_r  0x0800a61c       0x20 C:/ST/STM32CubeIDE_2.0.0/STM32CubeIDE/plugins/com.st.stm32cube.ide.mcu.externaltools.gnu-tools-for-stm32.13.3.rel1.win32_1.0.100.202509120712/tools/bin/../lib/gcc/arm-none-eabi/13.3.1/../../../../arm-none-eabi/lib/thumb/v7e-m+dp/hard\libc_nano.a(libc_a-sbrkr.o)
                0x0800a61c                _sbrk_r
 .text._realloc_r
                0x0800a63c       0x5c C:/ST/STM32CubeIDE_2.0.0/STM32CubeIDE/plugins/com.st.stm32cube.ide.mcu.externaltools.gnu-tools-for-stm32.13.3.rel1.win32_1.0.100.202509120712/tools/bin/../lib/gcc/arm-none-eabi/13.3.1/../../../../arm-none-eabi/lib/thumb/v7e-m+dp/hard\libc_nano.a(libc_a-reallocr.o)
                0x0800a63c                _realloc_r
 .text._malloc_usable_size_r
                0x0800a698       0x10 C:/ST/STM32CubeIDE_2.0.0/STM32CubeIDE/plugins/com.st.stm32cube.ide.mcu.externaltools.gnu-tools-for-stm32.13.3.rel1.win32_1.0.100.202509120712/tools/bin/../lib/gcc/arm-none-eabi/13.3.1/../../../../arm-none-eabi/lib/thumb/v7e-m+dp/hard\libc_nano.a(libc_a-msizer.o)
                0x0800a698                _malloc_usable_size_r
 *(.glue_7)
 .glue_7        0x0800a6a8        0x0 linker stubs
 *(.glue_7t)
 .glue_7t       0x0800a6a8        0x0 linker stubs
 *(.eh_frame)
 .eh_frame      0x0800a6a8        0x0 C:/ST/STM32CubeIDE_2.0.0/STM32CubeIDE/plugins/com.st.stm32cube.ide.mcu.externaltools.gnu-tools-for-stm32.13.3.rel1.win32_1.0.100.202509120712/tools/bin/../lib/gcc/arm-none-eabi/13.3.1/thumb/v7e-m+dp/hard/crtbegin.o
 *(.init)
 .init          0x0800a6a8        0x4 C:/ST/STM32CubeIDE_2.0.0/STM32CubeIDE/plugins/com.st.stm32cube.ide.mcu.externaltools.gnu-tools-for-stm32.13.3.rel1.win32_1.0.100.202509120712/tools/bin/../lib/gcc/arm-none-eabi/13.3.1/thumb/v7e-m+dp/hard/crti.o
                0x0800a6a8                _init
 .init          0x0800a6ac        0x8 C:/ST/STM32CubeIDE_2.0.0/STM32CubeIDE/plugins/com.st.stm32cube.ide.mcu.externaltools.gnu-tools-for-stm32.13.3.rel1.win32_1.0.100.202509120712/tools/bin/../lib/gcc/arm-none-eabi/13.3.1/thumb/v7e-m+dp/hard/crtn.o
 *(.fini)
 .fini          0x0800a6b4        0x4 C:/ST/STM32CubeIDE_2.0.0/STM32CubeIDE/plugins/com.st.stm32cube.ide.mcu.externaltools.gnu-tools-for-stm32.13.3.rel1.win32_1.0.100.202509120712/tools/bin/../lib/gcc/arm-none-eabi/13.3.1/thumb/v7e-m+dp/hard/crti.o
                0x0800a6b4                _fini
 .fini          0x0800a6b8        0x8 C:/ST/STM32CubeIDE_2.0.0/STM32CubeIDE/plugins/com.st.stm32cube.ide.mcu.externaltools.gnu-tools-for-stm32.13.3.rel1.win32_1.0.100.202509120712/tools/bin/../lib/gcc/arm-none-eabi/13.3.1/thumb/v7e-m+dp/hard/crtn.o
                0x0800a6c0                        . = ALIGN (0x4)
                0x0800a6c0                        _etext = .

.vfp11_veneer   0x0800a6c0        0x0
 .vfp11_veneer  0x0800a6c0        0x0 linker stubs

.v4_bx          0x0800a6c0        0x0
 .v4_bx         0x0800a6c0        0x0 linker stubs

.iplt           0x0800a6c0        0x0
 .iplt          0x0800a6c0        0x0 C:/ST/STM32CubeIDE_2.0.0/STM32CubeIDE/plugins/com.st.stm32cube.ide.mcu.externaltools.gnu-tools-for-stm32.13.3.rel1.win32_1.0.100.202509120712/tools/bin/../lib/gcc/arm-none-eabi/13.3.1/thumb/v7e-m+dp/hard/crtbegin.o

.rodata         0x0800a6c0      0xa70
                0x0800a6c0                        . = ALIGN (0x4)
 *(.rodata)
 *(.rodata*)
 .rodata.make_header.str1.4
                0x0800a6c0      0x4d7 ./Core/Src/main.o
                                  0xb (size before relaxing)
 .rodata.Error_Handler.str1.4
                0x0800ab97        0x0 ./Core/Src/main.o
                                  0xf (size before relaxing)
 .rodata.main.str1.4
                0x0800ab97        0x0 ./Core/Src/main.o
                                 0x3a (size before relaxing)
 .rodata.mount_sd_card.str1.4
                0x0800ab97        0x0 ./Core/Src/sdcard.o
                                 0x48 (size before relaxing)
 .rodata.SD_WriteData.str1.4
                0x0800ab97        0x0 ./Core/Src/sdcard.o
                                 0x77 (size before relaxing)
 .rodata.SD_GetCapacity.str1.4
                0x0800ab97        0x0 ./Core/Src/sdcard.o
                                 0x39 (size before relaxing)
 .rodata.CreateFolders.str1.4
                0x0800ab97        0x0 ./Core/Src/sdcard.o
                                 0xc2 (size before relaxing)
 .rodata.GetFilename_CreateFolders.str1.4
                0x0800ab97        0x0 ./Core/Src/sdcard.o
                                 0x52 (size before relaxing)
 .rodata.SD_OpenFile.str1.4
                0x0800ab97        0x0 ./Core/Src/sdcard.o
                                 0x20 (size before relaxing)
 .rodata.DeleteFolder.str1.4
                0x0800ab97        0x0 ./Core/Src/sdcard.o
                                 0x6c (size before relaxing)
 .rodata.CleanupEmptyParentFolders.str1.4
                0x0800ab97        0x0 ./Core/Src/sdcard.o
                                 0x5f (size before relaxing)
 .rodata.DeleteOldestMinFolder.str1.4
                0x0800ab97        0x0 ./Core/Src/sdcard.o
                                 0xfa (size before relaxing)
 .rodata.save_file_to_sdcard.str1.4
                0x0800ab97        0x0 ./Core/Src/sdcard.o
                                 0x6d (size before relaxing)
 *fill*         0x0800ab97        0x1 
 .rodata.D1CorePrescTable
                0x0800ab98       0x10 ./Core/Src/system_stm32h7xx.o
                0x0800ab98                D1CorePrescTable
 .rodata.SD_Driver
                0x0800aba8       0x14 ./FATFS/Target/sd_diskio.o
                0x0800aba8                SD_Driver
 .rodata.create_name.str1.4
                0x0800abbc        0x0 ./Middlewares/Third_Party/FatFs/src/ff.o
                                 0x13 (size before relaxing)
 .rodata.LfnOfs
                0x0800abbc        0xd ./Middlewares/Third_Party/FatFs/src/ff.o
 *fill*         0x0800abc9        0x3 
 .rodata.ExCvt  0x0800abcc       0x80 ./Middlewares/Third_Party/FatFs/src/ff.o
 .rodata.cvt2.0
                0x0800ac4c       0xbc ./Middlewares/Third_Party/FatFs/src/option/ccsbcs.o
 .rodata.cvt1.1
                0x0800ad08      0x1f2 ./Middlewares/Third_Party/FatFs/src/option/ccsbcs.o
 *fill*         0x0800aefa        0x2 
 .rodata.Tbl    0x0800aefc      0x100 ./Middlewares/Third_Party/FatFs/src/option/ccsbcs.o
 .rodata._ctype_
                0x0800affc      0x101 C:/ST/STM32CubeIDE_2.0.0/STM32CubeIDE/plugins/com.st.stm32cube.ide.mcu.externaltools.gnu-tools-for-stm32.13.3.rel1.win32_1.0.100.202509120712/tools/bin/../lib/gcc/arm-none-eabi/13.3.1/../../../../arm-none-eabi/lib/thumb/v7e-m+dp/hard\libc_nano.a(libc_a-ctype_.o)
                0x0800affc                _ctype_
 .rodata._svfprintf_r.str1.1
                0x0800b0fd       0x33 C:/ST/STM32CubeIDE_2.0.0/STM32CubeIDE/plugins/com.st.stm32cube.ide.mcu.externaltools.gnu-tools-for-stm32.13.3.rel1.win32_1.0.100.202509120712/tools/bin/../lib/gcc/arm-none-eabi/13.3.1/../../../../arm-none-eabi/lib/thumb/v7e-m+dp/hard\libc_nano.a(libc_a-nano-svfprintf.o)
                                 0x11 (size before relaxing)
 .rodata._vfprintf_r.str1.1
                0x0800b130        0x0 C:/ST/STM32CubeIDE_2.0.0/STM32CubeIDE/plugins/com.st.stm32cube.ide.mcu.externaltools.gnu-tools-for-stm32.13.3.rel1.win32_1.0.100.202509120712/tools/bin/../lib/gcc/arm-none-eabi/13.3.1/../../../../arm-none-eabi/lib/thumb/v7e-m+dp/hard\libc_nano.a(libc_a-nano-vfprintf.o)
                                 0x11 (size before relaxing)
 .rodata._printf_i.str1.1
                0x0800b130        0x0 C:/ST/STM32CubeIDE_2.0.0/STM32CubeIDE/plugins/com.st.stm32cube.ide.mcu.externaltools.gnu-tools-for-stm32.13.3.rel1.win32_1.0.100.202509120712/tools/bin/../lib/gcc/arm-none-eabi/13.3.1/../../../../arm-none-eabi/lib/thumb/v7e-m+dp/hard\libc_nano.a(libc_a-nano-vfprintf_i.o)
                                 0x22 (size before relaxing)
                0x0800b130                        . = ALIGN (0x4)

.ARM.extab
 *(.ARM.extab* .gnu.linkonce.armextab.*)

.ARM            0x0800b130        0x8
                0x0800b130                        __exidx_start = .
 *(.ARM.exidx*)
 .ARM.exidx     0x0800b130        0x8 C:/ST/STM32CubeIDE_2.0.0/STM32CubeIDE/plugins/com.st.stm32cube.ide.mcu.externaltools.gnu-tools-for-stm32.13.3.rel1.win32_1.0.100.202509120712/tools/bin/../lib/gcc/arm-none-eabi/13.3.1/../../../../arm-none-eabi/lib/thumb/v7e-m+dp/hard\libc_nano.a(libc_a-memchr.o)
 .ARM.exidx     0x0800b138        0x0 C:/ST/STM32CubeIDE_2.0.0/STM32CubeIDE/plugins/com.st.stm32cube.ide.mcu.externaltools.gnu-tools-for-stm32.13.3.rel1.win32_1.0.100.202509120712/tools/bin/../lib/gcc/arm-none-eabi/13.3.1/thumb/v7e-m+dp/hard\libgcc.a(_udivmoddi4.o)
                                  0x8 (size before relaxing)
                0x0800b138                        __exidx_end = .

.preinit_array  0x0800b138        0x0
                0x0800b138                        PROVIDE (__preinit_array_start = .)
 *(.preinit_array*)
                0x0800b138                        PROVIDE (__preinit_array_end = .)

.init_array     0x0800b138        0x4
                0x0800b138                        PROVIDE (__init_array_start = .)
 *(SORT_BY_NAME(.init_array.*))
 *(.init_array*)
 .init_array    0x0800b138        0x4 C:/ST/STM32CubeIDE_2.0.0/STM32CubeIDE/plugins/com.st.stm32cube.ide.mcu.externaltools.gnu-tools-for-stm32.13.3.rel1.win32_1.0.100.202509120712/tools/bin/../lib/gcc/arm-none-eabi/13.3.1/thumb/v7e-m+dp/hard/crtbegin.o
                0x0800b13c                        PROVIDE (__init_array_end = .)

.fini_array     0x0800b13c        0x4
                [!provide]                        PROVIDE (__fini_array_start = .)
 *(SORT_BY_NAME(.fini_array.*))
 *(.fini_array*)
 .fini_array    0x0800b13c        0x4 C:/ST/STM32CubeIDE_2.0.0/STM32CubeIDE/plugins/com.st.stm32cube.ide.mcu.externaltools.gnu-tools-for-stm32.13.3.rel1.win32_1.0.100.202509120712/tools/bin/../lib/gcc/arm-none-eabi/13.3.1/thumb/v7e-m+dp/hard/crtbegin.o
                [!provide]                        PROVIDE (__fini_array_end = .)
                0x0800b140                        _sidata = LOADADDR (.data)

.rel.dyn        0x0800b140        0x0
 .rel.iplt      0x0800b140        0x0 C:/ST/STM32CubeIDE_2.0.0/STM32CubeIDE/plugins/com.st.stm32cube.ide.mcu.externaltools.gnu-tools-for-stm32.13.3.rel1.win32_1.0.100.202509120712/tools/bin/../lib/gcc/arm-none-eabi/13.3.1/thumb/v7e-m+dp/hard/crtbegin.o

.data           0x20000000       0x74 load address 0x0800b140
                0x20000000                        . = ALIGN (0x4)
                0x20000000                        _sdata = .
 *(.data)
 *(.data*)
 .data.prpd_write_complete_flag
                0x20000000        0x1 ./Core/Src/sdcard.o
                0x20000000                prpd_write_complete_flag
 *fill*         0x20000001        0x3 
 .data.SystemD2Clock
                0x20000004        0x4 ./Core/Src/system_stm32h7xx.o
                0x20000004                SystemD2Clock
 .data.SystemCoreClock
                0x20000008        0x4 ./Core/Src/system_stm32h7xx.o
                0x20000008                SystemCoreClock
 .data.uwTickFreq
                0x2000000c        0x1 ./Drivers/STM32H7xx_HAL_Driver/Src/stm32h7xx_hal.o
                0x2000000c                uwTickFreq
 *fill*         0x2000000d        0x3 
 .data.uwTickPrio
                0x20000010        0x4 ./Drivers/STM32H7xx_HAL_Driver/Src/stm32h7xx_hal.o
                0x20000010                uwTickPrio
 .data.Stat     0x20000014        0x1 ./FATFS/Target/sd_diskio.o
 *fill*         0x20000015        0x3 
 .data.__sglue  0x20000018        0xc C:/ST/STM32CubeIDE_2.0.0/STM32CubeIDE/plugins/com.st.stm32cube.ide.mcu.externaltools.gnu-tools-for-stm32.13.3.rel1.win32_1.0.100.202509120712/tools/bin/../lib/gcc/arm-none-eabi/13.3.1/../../../../arm-none-eabi/lib/thumb/v7e-m+dp/hard\libc_nano.a(libc_a-findfp.o)
                0x20000018                __sglue
 .data._impure_ptr
                0x20000024        0x4 C:/ST/STM32CubeIDE_2.0.0/STM32CubeIDE/plugins/com.st.stm32cube.ide.mcu.externaltools.gnu-tools-for-stm32.13.3.rel1.win32_1.0.100.202509120712/tools/bin/../lib/gcc/arm-none-eabi/13.3.1/../../../../arm-none-eabi/lib/thumb/v7e-m+dp/hard\libc_nano.a(libc_a-impure.o)
                0x20000024                _impure_ptr
 .data._impure_data
                0x20000028       0x4c C:/ST/STM32CubeIDE_2.0.0/STM32CubeIDE/plugins/com.st.stm32cube.ide.mcu.externaltools.gnu-tools-for-stm32.13.3.rel1.win32_1.0.100.202509120712/tools/bin/../lib/gcc/arm-none-eabi/13.3.1/../../../../arm-none-eabi/lib/thumb/v7e-m+dp/hard\libc_nano.a(libc_a-impure.o)
                0x20000028                _impure_data
 *(.RamFunc)
 *(.RamFunc*)
                0x20000074                        . = ALIGN (0x4)
                0x20000074                        _edata = .

.igot.plt       0x20000074        0x0 load address 0x0800b1b4
 .igot.plt      0x20000074        0x0 C:/ST/STM32CubeIDE_2.0.0/STM32CubeIDE/plugins/com.st.stm32cube.ide.mcu.externaltools.gnu-tools-for-stm32.13.3.rel1.win32_1.0.100.202509120712/tools/bin/../lib/gcc/arm-none-eabi/13.3.1/thumb/v7e-m+dp/hard/crtbegin.o
                0x20000074                        . = ALIGN (0x4)

.bss            0x20000074      0x9b4 load address 0x0800b1b4
                0x20000074                        _sbss = .
                0x20000074                        __bss_start__ = _sbss
 *(.bss)
 .bss           0x20000074       0x1c C:/ST/STM32CubeIDE_2.0.0/STM32CubeIDE/plugins/com.st.stm32cube.ide.mcu.externaltools.gnu-tools-for-stm32.13.3.rel1.win32_1.0.100.202509120712/tools/bin/../lib/gcc/arm-none-eabi/13.3.1/thumb/v7e-m+dp/hard/crtbegin.o
 *(.bss*)
 .bss.file_header_temp_buffer.0
                0x20000090       0x40 ./Core/Src/main.o
 .bss.temp_header.1
                0x200000d0       0x40 ./Core/Src/main.o
 .bss.elapsed_time
                0x20000110        0x4 ./Core/Src/main.o
                0x20000110                elapsed_time
 .bss.end_time  0x20000114        0x4 ./Core/Src/main.o
                0x20000114                end_time
 .bss.start_time
                0x20000118        0x4 ./Core/Src/main.o
                0x20000118                start_time
 .bss.hsd1      0x2000011c       0x7c ./Core/Src/main.o
                0x2000011c                hsd1
 .bss.hrtc      0x20000198       0x24 ./Core/Src/main.o
                0x20000198                hrtc
 .bss.err_filename.0
                0x200001bc       0x80 ./Core/Src/sdcard.o
 .bss.write_err_cnt.1
                0x2000023c        0x1 ./Core/Src/sdcard.o
 *fill*         0x2000023d        0x3 
 .bss.filename.2
                0x20000240       0x80 ./Core/Src/sdcard.o
 .bss.SD_flg    0x200002c0        0x1 ./Core/Src/sdcard.o
                0x200002c0                SD_flg
 *fill*         0x200002c1        0x3 
 .bss.open_file_times
                0x200002c4        0x4 ./Core/Src/sdcard.o
                0x200002c4                open_file_times
 .bss.line_idx  0x200002c8        0x2 ./Core/Src/sdcard.o
 *fill*         0x200002ca        0x2 
 .bss.fno       0x200002cc      0x118 ./Core/Src/sdcard.o
                0x200002cc                fno
 .bss.fres      0x200003e4        0x1 ./Core/Src/sdcard.o
                0x200003e4                fres
 *fill*         0x200003e5        0x3 
 .bss.htim6     0x200003e8       0x4c ./Core/Src/stm32h7xx_hal_timebase_tim.o
                0x200003e8                htim6
 .bss.__sbrk_heap_end
                0x20000434        0x4 ./Core/Src/sysmem.o
 .bss.uwTick    0x20000438        0x4 ./Drivers/STM32H7xx_HAL_Driver/Src/stm32h7xx_hal.o
                0x20000438                uwTick
 .bss.SDFile    0x2000043c      0x230 ./FATFS/App/fatfs.o
                0x2000043c                SDFile
 .bss.SDFatFS   0x2000066c      0x234 ./FATFS/App/fatfs.o
                0x2000066c                SDFatFS
 .bss.SDPath    0x200008a0        0x4 ./FATFS/App/fatfs.o
                0x200008a0                SDPath
 .bss.retSD     0x200008a4        0x1 ./FATFS/App/fatfs.o
                0x200008a4                retSD
 *fill*         0x200008a5        0x3 
 .bss.Files     0x200008a8       0x20 ./Middlewares/Third_Party/FatFs/src/ff.o
 .bss.Fsid      0x200008c8        0x2 ./Middlewares/Third_Party/FatFs/src/ff.o
 *fill*         0x200008ca        0x2 
 .bss.FatFs     0x200008cc        0x4 ./Middlewares/Third_Party/FatFs/src/ff.o
 .bss.disk      0x200008d0        0xc ./Middlewares/Third_Party/FatFs/src/ff_gen_drv.o
                0x200008d0                disk
 .bss.__sf      0x200008dc      0x138 C:/ST/STM32CubeIDE_2.0.0/STM32CubeIDE/plugins/com.st.stm32cube.ide.mcu.externaltools.gnu-tools-for-stm32.13.3.rel1.win32_1.0.100.202509120712/tools/bin/../lib/gcc/arm-none-eabi/13.3.1/../../../../arm-none-eabi/lib/thumb/v7e-m+dp/hard\libc_nano.a(libc_a-findfp.o)
                0x200008dc                __sf
 .bss.__stdio_exit_handler
                0x20000a14        0x4 C:/ST/STM32CubeIDE_2.0.0/STM32CubeIDE/plugins/com.st.stm32cube.ide.mcu.externaltools.gnu-tools-for-stm32.13.3.rel1.win32_1.0.100.202509120712/tools/bin/../lib/gcc/arm-none-eabi/13.3.1/../../../../arm-none-eabi/lib/thumb/v7e-m+dp/hard\libc_nano.a(libc_a-findfp.o)
                0x20000a14                __stdio_exit_handler