../Drivers/CMSIS/Include/core_cm7.h:2660:26:ITM_SendChar	0	static,ignoring_inline_asm
../Core/Src/main.c:564:6:MPU_Config	40	static
../Core/Src/main.c:430:13:MX_GPIO_Init	88	static
../Core/Src/main.c:68:8:_write	16	static
../Core/Src/main.c:648:6:HAL_TIM_PeriodElapsedCallback	8	static
../Core/Src/main.c:661:6:make_header	8	static
../Core/Src/main.c:688:6:Error_Handler	8	static,ignoring_inline_asm
../Core/Src/main.c:324:13:MX_RTC_Init	32	static
../Core/Src/main.c:399:13:MX_SDMMC1_SD_Init	8	static
../Core/Src/main.c:259:6:SystemClock_Config	120	static
../Core/Src/main.c:118:5:main	40	static,ignoring_inline_asm
