../Drivers/CMSIS/Include/core_cm7.h:2660:26:ITM_SendChar	0	static,ignoring_inline_asm
../Core/Src/main.c:604:6:MPU_Config	40	static
../Core/Src/main.c:449:13:MX_GPIO_Init	88	static
../Core/Src/main.c:68:8:_write	16	static
../Core/Src/main.c:579:6:make_header	8	static
../Core/Src/main.c:688:6:HAL_TIM_PeriodElapsedCallback	8	static
../Core/Src/main.c:706:6:Error_Handler	8	static,ignoring_inline_asm
../Core/Src/main.c:343:13:MX_RTC_Init	32	static
../Core/Src/main.c:418:13:MX_SDMMC1_SD_Init	8	static
../Core/Src/main.c:278:6:SystemClock_Config	120	static
../Core/Src/main.c:111:5:main	48	static,ignoring_inline_asm
