../Core/Src/sdcard.c:31:9:check_sd_card_present	16	static
../Core/Src/sdcard.c:65:9:mount_sd_card	16	static
../Core/Src/sdcard.c:98:6:save_file_to_sdcard	24	static
../Core/Src/sdcard.c:155:9:SD_OpenFile	24	static
../Core/Src/sdcard.c:201:9:SD_WriteData	32	static
../Core/Src/sdcard.c:256:10:SD_GetCapacity	48	static
../Core/Src/sdcard.c:297:10:ExtractTimestamp	48	static
../Core/Src/sdcard.c:327:9:GetFilename_CreateFolders	88	static
../Core/Src/sdcard.c:369:9:CreateFolders	112	static
../Core/Src/sdcard.c:441:6:DeleteOldestMinFolder	256	static
../Core/Src/sdcard.c:570:9:FindOldestSubfolder	376	static
../Core/Src/sdcard.c:630:9:DeleteFolder	744	static
../Core/Src/sdcard.c:704:6:CleanupEmptyParentFolders	24	static
../Core/Src/sdcard.c:740:9:CountItemsInFolder	352	static
../Core/Src/sdcard.c:763:10:Zip_PRPD	32	static
../Core/Src/sdcard.c:840:6:SD_ForceReset	8	static
