../Core/Src/sdcard.c:65:9:mount_sd_card	8	static
../Core/Src/sdcard.c:216:9:SD_WriteData	40	static
../Core/Src/sdcard.c:305:10:SD_GetCapacity	16	static
../Core/Src/sdcard.c:346:10:ExtractTimestamp	24	static
../Core/Src/sdcard.c:418:9:CreateFolders	112	static
../Core/Src/sdcard.c:376:9:GetFilename_CreateFolders	104	static
../Core/Src/sdcard.c:170:9:SD_OpenFile	16	static
../Core/Src/sdcard.c:619:9:FindOldestSubfolder	368	static
../Core/Src/sdcard.c:679:9:DeleteFolder	744	static
../Core/Src/sdcard.c:789:9:CountItemsInFolder	344	static
../Core/Src/sdcard.c:753:6:CleanupEmptyParentFolders	16	static
../Core/Src/sdcard.c:490:6:DeleteOldestMinFolder	256	static
../Core/Src/sdcard.c:98:6:save_file_to_sdcard	24	static
../Core/Src/sdcard.c:816:10:Zip_PRPD	20	static
../Core/Src/sdcard.c:893:6:SD_ForceReset	8	static
../Core/Src/sdcard.c:31:9:check_sd_card_present	8	static
