../Core/Src/stm32h7xx_it.c:85:6:NMI_Handler	4	static
../Core/Src/stm32h7xx_it.c:100:6:HardFault_Handler	4	static
../Core/Src/stm32h7xx_it.c:115:6:MemManage_Handler	4	static
../Core/Src/stm32h7xx_it.c:130:6:BusFault_Handler	4	static
../Core/Src/stm32h7xx_it.c:145:6:UsageFault_Handler	4	static
../Core/Src/stm32h7xx_it.c:160:6:SVC_Handler	4	static
../Core/Src/stm32h7xx_it.c:173:6:DebugMon_Handler	4	static
../Core/Src/stm32h7xx_it.c:186:6:PendSV_Handler	4	static
../Core/Src/stm32h7xx_it.c:199:6:SysTick_Handler	4	static
../Core/Src/stm32h7xx_it.c:220:6:RTC_WKUP_IRQHandler	8	static
../Core/Src/stm32h7xx_it.c:234:6:EXTI3_IRQHandler	8	static
../Core/Src/stm32h7xx_it.c:248:6:DMA1_Stream0_IRQHandler	8	static
../Core/Src/stm32h7xx_it.c:262:6:DMA1_Stream1_IRQHandler	8	static
../Core/Src/stm32h7xx_it.c:276:6:DMA1_Stream2_IRQHandler	8	static
../Core/Src/stm32h7xx_it.c:290:6:ADC_IRQHandler	8	static
../Core/Src/stm32h7xx_it.c:305:6:TIM2_IRQHandler	8	static
../Core/Src/stm32h7xx_it.c:319:6:TIM3_IRQHandler	8	static
../Core/Src/stm32h7xx_it.c:333:6:TIM4_IRQHandler	8	static
../Core/Src/stm32h7xx_it.c:347:6:USART1_IRQHandler	8	static
../Core/Src/stm32h7xx_it.c:361:6:EXTI15_10_IRQHandler	8	static
../Core/Src/stm32h7xx_it.c:375:6:SDMMC1_IRQHandler	8	static
../Core/Src/stm32h7xx_it.c:389:6:TIM6_DAC_IRQHandler	8	static
../Core/Src/stm32h7xx_it.c:403:6:DMA2_Stream0_IRQHandler	8	static
../Core/Src/stm32h7xx_it.c:417:6:ETH_IRQHandler	8	static
../Core/Src/stm32h7xx_it.c:431:6:USART6_IRQHandler	8	static
../Core/Src/stm32h7xx_it.c:445:6:BDMA_Channel0_IRQHandler	8	static
